******************************************************************************
              TMS320C55x Linker Unix v4.4.1                    
******************************************************************************
>> Linked Sun Jan 18 01:06:55 2015

OUTPUT FILE NAME:   <kadev.out>
ENTRY POINT SYMBOL: "_c_int00"  address: 0001ad74


MEMORY CONFIGURATION

         name            origin    length      used     unused   attr    fill
                        (bytes)   (bytes)    (bytes)   (bytes)
----------------------  --------  ---------  --------  --------  ----  --------
  MMR                   00000000   000000c0  00000000  000000c0  RWIX
  VEC                   000000c0   00000300  00000200  00000100  RWIX
  DARAM0                00000400   00001a00  00001982  0000007e  RWIX
  DARAM1                00002000   00002000  00002000  00000000  RWIX
  DARAM2                00004000   00002000  00000000  00002000  RWIX
  DARAM3                00006000   00002000  00000000  00002000  RWIX
  DARAM4                00008000   00002000  00000000  00002000  RWIX
  DARAM5                0000a000   00002000  00000000  00002000  RWIX
  DARAM6                0000c000   00002000  00000000  00002000  RWIX
  DARAM7                0000e000   00002000  00000000  00002000  RWIX
  SARAM0                00010000   00002000  00002000  00000000  RWIX
  SARAM1                00012000   00002000  00001ffe  00000002  RWIX
  SARAM2                00014000   00002000  00001ffd  00000003  RWIX
  SARAM3                00016000   00002000  00001fff  00000001  RWIX
  SARAM4                00018000   00002000  00002000  00000000  RWIX
  SARAM5                0001a000   00002000  00000e53  000011ad  RWIX
  SARAM6                0001c000   00002000  00000000  00002000  RWIX
  SARAM7                0001e000   00002000  00000000  00002000  RWIX
  SARAM8                00020000   00002000  00000000  00002000  RWIX
  SARAM9                00022000   00002000  00000000  00002000  RWIX
  SARAM10               00024000   00002000  00000000  00002000  RWIX
  SARAM11               00026000   00002000  00000000  00002000  RWIX
  SARAM12               00028000   00002000  00000000  00002000  RWIX
  SARAM13               0002a000   00002000  00000000  00002000  RWIX
  SARAM14               0002c000   00002000  00000000  00002000  RWIX
  SARAM15               0002e000   00002000  00000000  00002000  RWIX
  SARAM16               00030000   00002000  00000000  00002000  RWIX
  SARAM17               00032000   00002000  00000000  00002000  RWIX
  SARAM18               00034000   00002000  00000000  00002000  RWIX
  SARAM19               00036000   00002000  00000000  00002000  RWIX
  SARAM20               00038000   00002000  00000000  00002000  RWIX
  SARAM21               0003a000   00002000  00000000  00002000  RWIX
  SARAM22               0003c000   00002000  00000000  00002000  RWIX
  SARAM23               0003e000   00002000  00000000  00002000  RWIX
  SARAM24               00040000   00002000  00000000  00002000  RWIX
  SARAM25               00042000   00002000  00000000  00002000  RWIX
  SARAM26               00044000   00002000  00000000  00002000  RWIX
  SARAM27               00046000   00002000  00000000  00002000  RWIX
  SARAM28               00048000   00002000  00000000  00002000  RWIX
  SARAM29               0004a000   00002000  00000000  00002000  RWIX
  SARAM30               0004c000   00002000  00000000  00002000  RWIX
  SARAM31               0004e000   00002000  00000000  00002000  RWIX
  CS0                   00050000   007b0000  00000000  007b0000  RWIX
  CS2                   00800000   00400000  00000000  00400000  RWIX
  CS3                   00c00000   00200000  00000000  00200000  RWIX
  CS4                   00e00000   00100000  00000000  00100000  RWIX
  CS5                   00f00000   000e0000  00000000  000e0000  RWIX
  ROM                   00fe0000   0001ff00  00000000  0001ff00  RWIX
  VECS                  00ffff00   00000100  00000000  00000100  RWIX


SECTION ALLOCATION MAP
(Addresses surrounded by []'s are displayed for convenience only!)

output                                                          attributes/
section   page  orgn(bytes) orgn(words) len(bytes) len(words)   input sections
--------  ----  ----------- ----------- ---------- ----------   --------------
.pinit       0   [ 00014000 ]  0000a000          *   00000000   UNINITIALIZED

vectors      0     00000100  [ 00000080 ] 00000200          *   
                   00000100  [ 00000080 ] 00000100          *   C55XXCSL_LP.lib : vectors.obj (vectors)
                   00000200  [ 00000100 ] 00000100          *   rts55x.lib : vectors.obj (vectors)

.sysstack 
*            0   [ 00000400 ]  00000200          *   00000800   UNINITIALIZED
                 [ 00000400 ]  00000200          *   00000800   --HOLE--

.data        0   [ 00000400 ]  00000200          *   00000000   UNINITIALIZED

.const.1     0   [ 00001400 ]  00000a00          *   00000101   
                 [ 00001400 ]  00000a00          *   00000101   rts55x.lib : ctype.obj (.const:__ctypes_)

.const.2     0   [ 00001604 ]  00000b02          *   00000115   
                 [ 00001604 ]  00000b02          *   000000d2   kadisp_tests.obj (.const:.string)
                 [ 000017a8 ]  00000bd4          *   00000024   rts55x.lib : _printfi.obj (.const:.string)
                 [ 000017f0 ]  00000bf8          *   00000012   kairq.obj (.const:___FUNCTION__$3)
                 [ 00001814 ]  00000c0a          *   0000000d   kairq.obj (.const:___FUNCTION__$1)

.const.3     0   [ 00001830 ]  00000c18          *   0000001f   
                 [ 00001830 ]  00000c18          *   0000000c   rts55x.lib : _printfi.obj (.const)
                 [ 00001848 ]  00000c24          *   0000000b   kairq.obj (.const:___FUNCTION__$2)
                 [ 0000185e ]  00000c2f          *   00000008   rts55x.lib : divd.obj (.const:_initial_approx$1)

.const.4     0   [ 00001870 ]  00000c38          *   00000004   
                 [ 00001870 ]  00000c38          *   00000002   rts55x.lib : fputs.obj (.const:.string)
                 [ 00001874 ]  00000c3a          *   00000002              : fltlid.obj (.const)

.bss.1       0   [ 00001878 ]  00000c3c          *   00000288   UNINITIALIZED
                 [ 00001878 ]  00000c3c          *   00000119   rts55x.lib : defs.obj (.bss)
                 [ 00001aaa ]  00000d55          *   000000d0              : trgdrv.obj (.bss)
                 [ 00001c4a ]  00000e25          *   00000001              : fopen.obj (.bss)
                 [ 00001c4c ]  00000e26          *   00000084   C55XXCSL_LP.lib : csl_intc.obj (.bss)
                 [ 00001d54 ]  00000eaa          *   0000000b   kairq.obj (.bss)
                 [ 00001d6a ]  00000eb5          *   00000001   usbstk5515_i2c.obj (.bss)
                 [ 00001d6c ]  00000eb6          *   00000006   rts55x.lib : memory.obj (.bss)
                 [ 00001d78 ]  00000ebc          *   00000004              : _lock.obj (.bss)
                 [ 00001d80 ]  00000ec0          *   00000004              : exit.obj (.bss)

.stack       0   [ 00002000 ]  00001000          *   00001000   UNINITIALIZED
                 [ 00002000 ]  00001000          *   00001000   --HOLE--

.sysmem      0   [ 00010000 ]  00008000          *   00001000   UNINITIALIZED
                 [ 00010000 ]  00008000          *   00001000   --HOLE--

.const.5     0   [ 00012000 ]  00009000          *   00000c45   
                 [ 00012000 ]  00009000          *   00000645   kairq.obj (.const:.string)
                 [ 00012c8a ]  00009645          *   00000600   font_8x6_philippe.obj (.const:_Font8x6)

.bss.2       0   [ 0001388c ]  00009c46          *   00000071   UNINITIALIZED
                 [ 0001388c ]  00009c46          *   00000071   rts55x.lib : lowlev.obj (.bss)

.text.1      0     0001396e  [ 00009cb7 ] 00000692          *   
                   0001396e  [ 00009cb7 ] 00000543          *   rts55x.lib : lowlev.obj (.text)
                   00013eb1  [ 00009f58+] 0000014c          *              : mpyd.obj (.text)
                   00013ffd  [ 00009ffe+] 00000002          *              : vectors.obj (.text)
                   00013fff  [ 00009fff ] 00000001          *   --HOLE-- [fill = 20]

.cio         0   [ 00014000 ]  0000a000          *   00000120   UNINITIALIZED
                 [ 00014000 ]  0000a000          *   00000120   rts55x.lib : trgmsg.obj (.cio)

.cinit       0   [ 00014240 ]  0000a120          *   00000089   
                 [ 00014240 ]  0000a120          *   0000002d   rts55x.lib : lowlev.obj (.cinit)
                 [ 0001429a ]  0000a14d          *   0000002a              : defs.obj (.cinit)
                 [ 000142ee ]  0000a177          *   00000011   kairq.obj (.cinit)
                 [ 00014310 ]  0000a188          *   0000000a   rts55x.lib : _lock.obj (.cinit)
                 [ 00014324 ]  0000a192          *   0000000a              : exit.obj (.cinit)
                 [ 00014338 ]  0000a19c          *   00000004              : fopen.obj (.cinit)
                 [ 00014340 ]  0000a1a0          *   00000004              : memory.obj (.cinit)
                 [ 00014348 ]  0000a1a4          *   00000004   usbstk5515_i2c.obj (.cinit)
                 [ 00014350 ]  0000a1a8          *   00000001   --HOLE-- [fill = 0]

.bss.3       0   [ 00014354 ]  0000a1aa          *   00000408   UNINITIALIZED
                 [ 00014354 ]  0000a1aa          *   00000408   kadisp.obj (.bss)

.text.2      0     00014b64  [ 0000a5b2 ] 0000149b          *   
                   00014b64  [ 0000a5b2 ] 00000b1a          *   C55XXCSL_LP.lib : csl_sar.obj (.text)
                   0001567e  [ 0000ab3f ] 000007fa          *   kadisp_tests.obj (.text)
                   00015e78  [ 0000af3c ] 0000016c          *   kairq.obj (.text:retain)
                   00015fe4  [ 0000aff2 ] 0000001a          *   rts55x.lib : isinf.obj (.text)
                   00015ffe  [ 0000afff ] 00000001          *   --HOLE-- [fill = 20]

.text.3      0     00016000  [ 0000b000 ] 00001fff          *   
                   00016000  [ 0000b000 ] 000015a4          *   rts55x.lib : _printfi.obj (.text)
                   000175a4  [ 0000bad2 ] 00000528          *              : trgdrv.obj (.text)
                   00017acc  [ 0000bd66 ] 00000508          *   C55XXCSL_LP.lib : csl_intc.obj (.text)
                   00017fd4  [ 0000bfea ] 0000002a          *   rts55x.lib : fixdi.obj (.text)
                   00017ffe  [ 0000bfff ] 00000001          *   --HOLE-- [fill = 20]

.text.4      0     00018000  [ 0000c000 ] 00002000          *   
                   00018000  [ 0000c000 ] 000004b5          *   rts55x.lib : memory.obj (.text)
                   000184b5  [ 0000c25a+] 000003cc          *              : divd.obj (.text)
                   00018881  [ 0000c440+] 000003a9          *   kairq.obj (.text)
                   00018c2a  [ 0000c615 ] 00000321          *   ssd1780_oled_cntrl.obj (.text)
                   00018f4b  [ 0000c7a5+] 000002ae          *   kadisp.obj (.text)
                   000191f9  [ 0000c8fc+] 0000027f          *   rts55x.lib : fopen.obj (.text)
                   00019478  [ 0000ca3c ] 0000025e          *              : llmpy.obj (.text)
                   000196d6  [ 0000cb6b ] 0000025a          *              : addd.obj (.text)
                   00019930  [ 0000cc98 ] 000001ea          *              : cmpd.obj (.text)
                   00019b1a  [ 0000cd8d ] 000001c9          *   usbstk5515_led.obj (.text)
                   00019ce3  [ 0000ce71+] 00000163          *   rts55x.lib : fputs.obj (.text)
                   00019e46  [ 0000cf23 ] 00000156          *   usbstk5515_gpio.obj (.text)
                   00019f9c  [ 0000cfce ] 0000005c          *   rts55x.lib : atoi.obj (.text)
                   00019ff8  [ 0000cffc ] 00000007          *              : exit.obj (.text:CIO_breakpoint)
                   00019fff  [ 0000cfff ] 00000001          *   --HOLE-- [fill = 20]

.text.5      0     0001a000  [ 0000d000 ] 00000e53          *   
                   0001a000  [ 0000d000 ] 0000013e          *   usbstk5515_i2c.obj (.text)
                   0001a13e  [ 0000d09f ] 000000e6          *   rts55x.lib : setvbuf.obj (.text)
                   0001a224  [ 0000d112 ] 000000dd          *              : _io_perm.obj (.text)
                   0001a301  [ 0000d180+] 000000c2          *              : fflush.obj (.text)
                   0001a3c3  [ 0000d1e1+] 000000ba          *              : trgmsg.obj (.text:CIO_breakpoint)
                   0001a47d  [ 0000d23e+] 000000a6          *              : fputc.obj (.text)
                   0001a523  [ 0000d291+] 000000a1          *              : divul.obj (.text)
                   0001a5c4  [ 0000d2e2 ] 0000008c          *   C55XXCSL_LP.lib : csl_irqplug.obj (.text)
                   0001a650  [ 0000d328 ] 0000007d          *   rts55x.lib : ltoa.obj (.text)
                   0001a6cd  [ 0000d366+] 0000007b          *              : fclose.obj (.text)
                   0001a748  [ 0000d3a4 ] 00000076          *              : frcmpyd.obj (.text)
                   0001a7be  [ 0000d3df ] 00000073          *              : frcmpyd_div.obj (.text)
                   0001a831  [ 0000d418+] 00000072          *              : remul.obj (.text)
                   0001a8a3  [ 0000d451+] 0000006f          *              : fixdli.obj (.text)
                   0001a912  [ 0000d489 ] 0000006d          *   C55XXCSL_LP.lib : vectors.obj (.text)
                   0001a97f  [ 0000d4bf+] 0000006d          *   rts55x.lib : trgmsg.obj (.text)
                   0001a9ec  [ 0000d4f6 ] 0000006b          *              : fseek.obj (.text)
                   0001aa57  [ 0000d52b+] 0000006a          *              : vsprintf.obj (.text)
                   0001aac1  [ 0000d560+] 00000067          *              : fltlid.obj (.text)
                   0001ab28  [ 0000d594 ] 00000054          *   usbstk5515.obj (.text)
                   0001ab7c  [ 0000d5be ] 00000050          *   rts55x.lib : printf.obj (.text)
                   0001abcc  [ 0000d5e6 ] 0000004d          *              : autoinit.obj (.text)
                   0001ac19  [ 0000d60c+] 0000004b          *              : args_main.obj (.text)
                   0001ac64  [ 0000d632 ] 0000004b          *              : remli.obj (.text)
                   0001acaf  [ 0000d657+] 00000048          *              : divli.obj (.text)
                   0001acf7  [ 0000d67b+] 0000003f          *              : memcpy.obj (.text)
                   0001ad36  [ 0000d69b ] 0000003e          *              : exit.obj (.text)
                   0001ad74  [ 0000d6ba ] 00000034          *              : boot.obj (.text)
                   0001ada8  [ 0000d6d4 ] 0000002a          *              : udiv.obj (.text)
                   0001add2  [ 0000d6e9 ] 00000023          *              : memccpy.obj (.text)
                   0001adf5  [ 0000d6fa+] 00000014          *              : subd.obj (.text)
                   0001ae09  [ 0000d704+] 00000013          *              : lmpy.obj (.text)
                   0001ae1c  [ 0000d70e ] 00000012          *              : _lock.obj (.text)
                   0001ae2e  [ 0000d717 ] 00000010          *              : negd.obj (.text)
                   0001ae3e  [ 0000d71f ] 0000000a          *   main.obj (.text)
                   0001ae48  [ 0000d724 ] 0000000a          *   rts55x.lib : remove.obj (.text)
                   0001ae52  [ 0000d729 ] 00000001          *   --HOLE-- [fill = 20]


GLOBAL SYMBOLS: SORTED ALPHABETICALLY BY Name 

abs. value/
byte addr   word addr   name
---------   ---------   ----
00000002                $TI_capability$C5500$CallingConvention
00000002                $TI_capability$C5500$MemoryModel
00000001                $TI_capability_requires_rev3
ffffffff                .bss
ffffffff                .data
ffffffff                .text
00019ff9                C$$EXIT
0001a478                C$$IO$$
0001ae09                I$$LMPY
0001ada8                I$$UDIV
0001adbd                I$$UMOD
00000100                RST
            00009645    _Font8x6
00017a6e                _HOSTclock
00017a03                _HOSTclose
0001794e                _HOSTlseek
000178af                _HOSTopen
00017822                _HOSTread
00017774                _HOSTrename
00017716                _HOSTtime
000176ac                _HOSTunlink
0001761f                _HOSTwrite
00017b54                _IRQ_clear
00017ba7                _IRQ_clearAll
00017bb7                _IRQ_config
00017cc4                _IRQ_disable
00017d42                _IRQ_disableAll
00017d50                _IRQ_enable
00017e4a                _IRQ_getArg
00017c3c                _IRQ_getConfig
00017f8e                _IRQ_globalDisable
00017fa7                _IRQ_globalEnable
00017fc0                _IRQ_globalRestore
00017acc                _IRQ_init
00017ebf                _IRQ_map
0001a5c4                _IRQ_plug
00017dda                _IRQ_restore
00017e8e                _IRQ_setArg
00017eeb                _IRQ_setVecs
00017f1c                _IRQ_test
00015952                _KaDisp_DrawHorizontalBar
00018f5c                _KaDisp_clear
00018f4b                _KaDisp_init
00018fb1                _KaDisp_printf
00018fef                _KaDisp_render_text
000190ca                _KaDisp_scroll_window_to_page
000190e2                _KaDisp_scroll_window_to_point
000191d3                _KaDisp_send_cache_all_pages
000190f7                _KaDisp_send_page_cache
00019131                _KaDisp_send_page_cache_range
000156dd                _KaDisp_test_01
000157cc                _KaDisp_test_02
00015836                _KaDisp_test_03
000159f7                _KaDisp_test_04
00015a69                _KaDisp_test_05
00015b44                _KaDisp_test_06
00015ce7                _KaDisp_test_07
00015e19                _KaDisp_test_pattern
000156a2                _KaDisp_test_run_all
            00000eb4    _PaSs
            00000eb3    _PaSs_StAtE
00000200                _Reset
000150e9                _SAR_A2DMeasParamSet
00015563                _SAR_GPODirSet
00014c5f                _SAR_chanClose
00014ce3                _SAR_chanConfig
00014fe0                _SAR_chanCycSet
00014be2                _SAR_chanInit
00014bfd                _SAR_chanOpen
00014dcb                _SAR_chanSetup
00014bc2                _SAR_deInit
00014d59                _SAR_getConfig
0001563f                _SAR_getStatus
00014b64                _SAR_init
000150a8                _SAR_readData
0001502f                _SAR_startConversion
00015061                _SAR_stopConversion
00018ed0                _SSD1780_clear_display_ram
00018c2a                _SSD1780_init
00018cbc                _SSD1780_send_cmd
00018cd8                _SSD1780_send_cmd_val
00018cfa                _SSD1780_send_data
00018d16                _SSD1780_set_PAM_column_start_addres
00018d41                _SSD1780_set_PAM_page_addres
00018d7f                _SSD1780_set_VHAM_column_addres
00018d54                _SSD1780_set_VHAM_page_addres
00018e84                _SSD1780_set_contrast
00018daa                _SSD1780_set_display_start_line
00018e5c                _SSD1780_set_memory_addressing
00018e70                _SSD1780_set_vertical_offset
00018ea4                _SSD1780_set_vertical_scroll_area
00018f31                _SSD1780_setup_default_scrolling
00018dbd                _SSD1780_setup_horizontal_scroll
00018e01                _SSD1780_setup_vertical_and_horizontal_scroll
            00000eae    _SarHandle
            00000eaa    _SarObj
00019f44                _USBSTK5515_GPIO_getInput
00019e46                _USBSTK5515_GPIO_init
00019e4a                _USBSTK5515_GPIO_setDirection
00019ec7                _USBSTK5515_GPIO_setOutput
0001a01f                _USBSTK5515_I2C_close
0001a000                _USBSTK5515_I2C_init
0001a0c5                _USBSTK5515_I2C_read
0001a028                _USBSTK5515_I2C_reset
0001a036                _USBSTK5515_I2C_write
00019b1a                _USBSTK5515_LED_init
00019b36                _USBSTK5515_LED_off
00019b25                _USBSTK5515_LED_on
00019b76                _USBSTK5515_ULED_getall
00019b47                _USBSTK5515_ULED_init
00019c6b                _USBSTK5515_ULED_off
00019c36                _USBSTK5515_ULED_on
00019bc8                _USBSTK5515_ULED_setall
00019c9e                _USBSTK5515_ULED_toggle
0001ab6e                _USBSTK5515_init
0001ab28                _USBSTK5515_wait
0001ab5c                _USBSTK5515_waitusec
00000100                _VECSTART
            0000a000    __CIOBUF_
            00002000    __STACK_END
00002000                __STACK_SIZE
00002000                __SYSMEM_SIZE
00001000                __SYSSTACK_SIZE
00000001                __TI_args_main
ffffffff                ___binit__
ffffffff                ___bss__
ffffffff                ___c_args__
            0000a120    ___cinit__
ffffffff                ___data__
ffffffff                ___edata__
ffffffff                ___end__
ffffffff                ___etext__
00015fe4                ___isinf
ffffffff                ___pinit__
ffffffff                ___text__
000196d6                __addd
0001ac19                __args_main
0001931a                __cleanup
            00000ec0    __cleanup_ptr
00019ac2                __cmpd
            00000a00    __ctypes_
000184b5                __divd
0001acaf                __divli
000196a1                __divlli
0001ada8                __divu
0001a523                __divul
000195ad                __divull
0001a301                __doflush
            00000ec2    __dtors_ptr
00019a8e                __eqld
00017fd4                __fixdi
0001a8a3                __fixdli
0001aac1                __fltlid
0001a748                __frcmpyd
0001a7be                __frcmpyd_div
            00000d54    __ft_end
            00000c3c    __ftable
00019a44                __geqd
000199f9                __gtrd
000199ac                __leqd
            00000ebc    __lock
00019964                __lssd
00013eb1                __mpyd
0001ae09                __mpyli
000194f5                __mpylli
0001ae2e                __negd
00019930                __neqd
0001ae2c                __nop
00017362                __printfi
0001a2a4                __rd_ok
0001ae24                __register_lock
0001ae1c                __register_unlock
0001ac64                __remli
000194c6                __remlli
0001adbd                __remu
0001a831                __remul
00019478                __remull
            00001000    __stack
0001adf5                __subd
            00008000    __sys_memory
            00000200    __sysstack
            00000cb4    __tmpnams
            00000ebe    __unlock
0001a224                __wrt_ok
00019ff8                _abort
00013dc1                _add_device
00019f9c                _atoi
0001abcc                _auto_init
0001ad74                _c_int00
0001848f                _calloc
00018487                _chkheap
00013d4e                _close
00018ac3                _deinit_SAR
0001ad36                _exit
0001567e                _fastLog2
0001a6cd                _fclose
0001a36a                _fflush
00013d45                _find_registered_device
0001943d                _fopen
0001a47d                _fputc
00019ce3                _fputs
00018000                _free
00018431                _free_memory
00019374                _freopen
0001a9ec                _fseek
            00000eb2    _g_counter
            0000a1aa    _g_page_cache
000175a4                _getenv
            00000eb5    _i2c_timeout
00018881                _init_irq_app
00013cdf                _lseek
0001a650                _ltoa
0001ae3e                _main
00018131                _malloc
000183d7                _max_free
0001add2                _memccpy
0001acf7                _memcpy
000180cc                _minit
00013c20                _open
0001ab7c                _printf
0001a47d                _putc
0001a514                _putchar
00019e18                _puts
00013b72                _read
            00000ead    _readBuffer
0001a97f                _readmsg
00018226                _realloc
0001ae48                _remove
00013b3c                _remove_device
00013ae3                _rename
00015e78                _sarISR
            00000eb0    _sarRegDataAddr
00018b5c                _sar_interupt_test
0001a13e                _setvbuf
00013ab0                _unlink
0001aa57                _vsprintf
0001396e                _write
0001a3c3                _writemsg
ffffffff                binit
            0000a120    cinit
ffffffff                edata
ffffffff                end
ffffffff                etext
ffffffff                pinit


GLOBAL SYMBOLS: SORTED BY Symbol Address 

abs. value/
byte addr   word addr   name
---------   ---------   ----
00000001                $TI_capability_requires_rev3
00000001                __TI_args_main
00000002                $TI_capability$C5500$CallingConvention
00000002                $TI_capability$C5500$MemoryModel
00000100                RST
00000100                _VECSTART
00000200                _Reset
            00000200    __sysstack
00001000                __SYSSTACK_SIZE
            00000a00    __ctypes_
            00000c3c    __ftable
            00000cb4    __tmpnams
            00000d54    __ft_end
            00000eaa    _SarObj
            00000ead    _readBuffer
            00000eae    _SarHandle
            00000eb0    _sarRegDataAddr
            00000eb2    _g_counter
            00000eb3    _PaSs_StAtE
            00000eb4    _PaSs
            00000eb5    _i2c_timeout
            00000ebc    __lock
            00000ebe    __unlock
            00000ec0    __cleanup_ptr
            00000ec2    __dtors_ptr
00002000                __STACK_SIZE
00002000                __SYSMEM_SIZE
            00001000    __stack
            00002000    __STACK_END
            00008000    __sys_memory
            00009645    _Font8x6
0001396e                _write
00013ab0                _unlink
00013ae3                _rename
00013b3c                _remove_device
00013b72                _read
00013c20                _open
00013cdf                _lseek
00013d45                _find_registered_device
00013d4e                _close
00013dc1                _add_device
00013eb1                __mpyd
            0000a000    __CIOBUF_
            0000a120    ___cinit__
            0000a120    cinit
            0000a1aa    _g_page_cache
00014b64                _SAR_init
00014bc2                _SAR_deInit
00014be2                _SAR_chanInit
00014bfd                _SAR_chanOpen
00014c5f                _SAR_chanClose
00014ce3                _SAR_chanConfig
00014d59                _SAR_getConfig
00014dcb                _SAR_chanSetup
00014fe0                _SAR_chanCycSet
0001502f                _SAR_startConversion
00015061                _SAR_stopConversion
000150a8                _SAR_readData
000150e9                _SAR_A2DMeasParamSet
00015563                _SAR_GPODirSet
0001563f                _SAR_getStatus
0001567e                _fastLog2
000156a2                _KaDisp_test_run_all
000156dd                _KaDisp_test_01
000157cc                _KaDisp_test_02
00015836                _KaDisp_test_03
00015952                _KaDisp_DrawHorizontalBar
000159f7                _KaDisp_test_04
00015a69                _KaDisp_test_05
00015b44                _KaDisp_test_06
00015ce7                _KaDisp_test_07
00015e19                _KaDisp_test_pattern
00015e78                _sarISR
00015fe4                ___isinf
00017362                __printfi
000175a4                _getenv
0001761f                _HOSTwrite
000176ac                _HOSTunlink
00017716                _HOSTtime
00017774                _HOSTrename
00017822                _HOSTread
000178af                _HOSTopen
0001794e                _HOSTlseek
00017a03                _HOSTclose
00017a6e                _HOSTclock
00017acc                _IRQ_init
00017b54                _IRQ_clear
00017ba7                _IRQ_clearAll
00017bb7                _IRQ_config
00017c3c                _IRQ_getConfig
00017cc4                _IRQ_disable
00017d42                _IRQ_disableAll
00017d50                _IRQ_enable
00017dda                _IRQ_restore
00017e4a                _IRQ_getArg
00017e8e                _IRQ_setArg
00017ebf                _IRQ_map
00017eeb                _IRQ_setVecs
00017f1c                _IRQ_test
00017f8e                _IRQ_globalDisable
00017fa7                _IRQ_globalEnable
00017fc0                _IRQ_globalRestore
00017fd4                __fixdi
00018000                _free
000180cc                _minit
00018131                _malloc
00018226                _realloc
000183d7                _max_free
00018431                _free_memory
00018487                _chkheap
0001848f                _calloc
000184b5                __divd
00018881                _init_irq_app
00018ac3                _deinit_SAR
00018b5c                _sar_interupt_test
00018c2a                _SSD1780_init
00018cbc                _SSD1780_send_cmd
00018cd8                _SSD1780_send_cmd_val
00018cfa                _SSD1780_send_data
00018d16                _SSD1780_set_PAM_column_start_addres
00018d41                _SSD1780_set_PAM_page_addres
00018d54                _SSD1780_set_VHAM_page_addres
00018d7f                _SSD1780_set_VHAM_column_addres
00018daa                _SSD1780_set_display_start_line
00018dbd                _SSD1780_setup_horizontal_scroll
00018e01                _SSD1780_setup_vertical_and_horizontal_scroll
00018e5c                _SSD1780_set_memory_addressing
00018e70                _SSD1780_set_vertical_offset
00018e84                _SSD1780_set_contrast
00018ea4                _SSD1780_set_vertical_scroll_area
00018ed0                _SSD1780_clear_display_ram
00018f31                _SSD1780_setup_default_scrolling
00018f4b                _KaDisp_init
00018f5c                _KaDisp_clear
00018fb1                _KaDisp_printf
00018fef                _KaDisp_render_text
000190ca                _KaDisp_scroll_window_to_page
000190e2                _KaDisp_scroll_window_to_point
000190f7                _KaDisp_send_page_cache
00019131                _KaDisp_send_page_cache_range
000191d3                _KaDisp_send_cache_all_pages
0001931a                __cleanup
00019374                _freopen
0001943d                _fopen
00019478                __remull
000194c6                __remlli
000194f5                __mpylli
000195ad                __divull
000196a1                __divlli
000196d6                __addd
00019930                __neqd
00019964                __lssd
000199ac                __leqd
000199f9                __gtrd
00019a44                __geqd
00019a8e                __eqld
00019ac2                __cmpd
00019b1a                _USBSTK5515_LED_init
00019b25                _USBSTK5515_LED_on
00019b36                _USBSTK5515_LED_off
00019b47                _USBSTK5515_ULED_init
00019b76                _USBSTK5515_ULED_getall
00019bc8                _USBSTK5515_ULED_setall
00019c36                _USBSTK5515_ULED_on
00019c6b                _USBSTK5515_ULED_off
00019c9e                _USBSTK5515_ULED_toggle
00019ce3                _fputs
00019e18                _puts
00019e46                _USBSTK5515_GPIO_init
00019e4a                _USBSTK5515_GPIO_setDirection
00019ec7                _USBSTK5515_GPIO_setOutput
00019f44                _USBSTK5515_GPIO_getInput
00019f9c                _atoi
00019ff8                _abort
00019ff9                C$$EXIT
0001a000                _USBSTK5515_I2C_init
0001a01f                _USBSTK5515_I2C_close
0001a028                _USBSTK5515_I2C_reset
0001a036                _USBSTK5515_I2C_write
0001a0c5                _USBSTK5515_I2C_read
0001a13e                _setvbuf
0001a224                __wrt_ok
0001a2a4                __rd_ok
0001a301                __doflush
0001a36a                _fflush
0001a3c3                _writemsg
0001a478                C$$IO$$
0001a47d                _fputc
0001a47d                _putc
0001a514                _putchar
0001a523                __divul
0001a5c4                _IRQ_plug
0001a650                _ltoa
0001a6cd                _fclose
0001a748                __frcmpyd
0001a7be                __frcmpyd_div
0001a831                __remul
0001a8a3                __fixdli
0001a97f                _readmsg
0001a9ec                _fseek
0001aa57                _vsprintf
0001aac1                __fltlid
0001ab28                _USBSTK5515_wait
0001ab5c                _USBSTK5515_waitusec
0001ab6e                _USBSTK5515_init
0001ab7c                _printf
0001abcc                _auto_init
0001ac19                __args_main
0001ac64                __remli
0001acaf                __divli
0001acf7                _memcpy
0001ad36                _exit
0001ad74                _c_int00
0001ada8                I$$UDIV
0001ada8                __divu
0001adbd                I$$UMOD
0001adbd                __remu
0001add2                _memccpy
0001adf5                __subd
0001ae09                I$$LMPY
0001ae09                __mpyli
0001ae1c                __register_unlock
0001ae24                __register_lock
0001ae2c                __nop
0001ae2e                __negd
0001ae3e                _main
0001ae48                _remove
ffffffff                .bss
ffffffff                .data
ffffffff                .text
ffffffff                ___binit__
ffffffff                ___bss__
ffffffff                ___c_args__
ffffffff                ___data__
ffffffff                ___edata__
ffffffff                ___end__
ffffffff                ___etext__
ffffffff                ___pinit__
ffffffff                ___text__
ffffffff                binit
ffffffff                edata
ffffffff                end
ffffffff                etext
ffffffff                pinit

[244 symbols]
