<?xml version="1.0"?>
<link_info>
   <banner>TMS320C55x Linker Unix v4.4.1</banner>
   <copyright>Copyright (c) 1996-2012 Texas Instruments Incorporated</copyright>
   <link_time>0x54baf91f</link_time>
   <output_file>kadev.out</output_file>
   <entry_point>
      <name>_c_int00</name>
      <address>0x1ad74</address>
   </entry_point>
   <input_file_list>
      <input_file id="fl-2">
         <path>./eZ_include/</path>
         <kind>object</kind>
         <file>usbstk5515_led.obj</file>
         <name>usbstk5515_led.obj</name>
      </input_file>
      <input_file id="fl-3">
         <path>./eZ_include/</path>
         <kind>object</kind>
         <file>usbstk5515_i2c.obj</file>
         <name>usbstk5515_i2c.obj</name>
      </input_file>
      <input_file id="fl-4">
         <path>./eZ_include/</path>
         <kind>object</kind>
         <file>usbstk5515_gpio.obj</file>
         <name>usbstk5515_gpio.obj</name>
      </input_file>
      <input_file id="fl-5">
         <path>./eZ_include/</path>
         <kind>object</kind>
         <file>usbstk5515.obj</file>
         <name>usbstk5515.obj</name>
      </input_file>
      <input_file id="fl-6">
         <path>./kadisp/</path>
         <kind>object</kind>
         <file>ssd1780_oled_cntrl.obj</file>
         <name>ssd1780_oled_cntrl.obj</name>
      </input_file>
      <input_file id="fl-7">
         <path>./kadisp/</path>
         <kind>object</kind>
         <file>kadisp_tests.obj</file>
         <name>kadisp_tests.obj</name>
      </input_file>
      <input_file id="fl-8">
         <path>./kadisp/</path>
         <kind>object</kind>
         <file>kadisp.obj</file>
         <name>kadisp.obj</name>
      </input_file>
      <input_file id="fl-9">
         <path>./kadisp/</path>
         <kind>object</kind>
         <file>font_8x6_philippe.obj</file>
         <name>font_8x6_philippe.obj</name>
      </input_file>
      <input_file id="fl-a">
         <path>./src/</path>
         <kind>object</kind>
         <file>main.obj</file>
         <name>main.obj</name>
      </input_file>
      <input_file id="fl-b">
         <path>./src/</path>
         <kind>object</kind>
         <file>kairq.obj</file>
         <name>kairq.obj</name>
      </input_file>
      <input_file id="fl-10">
         <path>/km/ti/c55xx_csl/build/</path>
         <kind>archive</kind>
         <file>C55XXCSL_LP.lib</file>
         <name>vectors.obj</name>
      </input_file>
      <input_file id="fl-11">
         <path>/km/ti/c55xx_csl/build/</path>
         <kind>archive</kind>
         <file>C55XXCSL_LP.lib</file>
         <name>csl_sar.obj</name>
      </input_file>
      <input_file id="fl-12">
         <path>/km/ti/c55xx_csl/build/</path>
         <kind>archive</kind>
         <file>C55XXCSL_LP.lib</file>
         <name>csl_irqplug.obj</name>
      </input_file>
      <input_file id="fl-13">
         <path>/km/ti/c55xx_csl/build/</path>
         <kind>archive</kind>
         <file>C55XXCSL_LP.lib</file>
         <name>csl_intc.obj</name>
      </input_file>
      <input_file id="fl-14">
         <path>/km/ti/ccsv5/tools/compiler/c5500_4.4.1/lib/</path>
         <kind>archive</kind>
         <file>rts55x.lib</file>
         <name>boot.obj</name>
      </input_file>
      <input_file id="fl-15">
         <path>/km/ti/ccsv5/tools/compiler/c5500_4.4.1/lib/</path>
         <kind>archive</kind>
         <file>rts55x.lib</file>
         <name>exit.obj</name>
      </input_file>
      <input_file id="fl-16">
         <path>/km/ti/ccsv5/tools/compiler/c5500_4.4.1/lib/</path>
         <kind>archive</kind>
         <file>rts55x.lib</file>
         <name>memcpy.obj</name>
      </input_file>
      <input_file id="fl-17">
         <path>/km/ti/ccsv5/tools/compiler/c5500_4.4.1/lib/</path>
         <kind>archive</kind>
         <file>rts55x.lib</file>
         <name>printf.obj</name>
      </input_file>
      <input_file id="fl-18">
         <path>/km/ti/ccsv5/tools/compiler/c5500_4.4.1/lib/</path>
         <kind>archive</kind>
         <file>rts55x.lib</file>
         <name>udiv.obj</name>
      </input_file>
      <input_file id="fl-19">
         <path>/km/ti/ccsv5/tools/compiler/c5500_4.4.1/lib/</path>
         <kind>archive</kind>
         <file>rts55x.lib</file>
         <name>vectors.obj</name>
      </input_file>
      <input_file id="fl-1a">
         <path>/km/ti/ccsv5/tools/compiler/c5500_4.4.1/lib/</path>
         <kind>archive</kind>
         <file>rts55x.lib</file>
         <name>vsprintf.obj</name>
      </input_file>
      <input_file id="fl-1b">
         <path>/km/ti/ccsv5/tools/compiler/c5500_4.4.1/lib/</path>
         <kind>archive</kind>
         <file>rts55x.lib</file>
         <name>_lock.obj</name>
      </input_file>
      <input_file id="fl-1c">
         <path>/km/ti/ccsv5/tools/compiler/c5500_4.4.1/lib/</path>
         <kind>archive</kind>
         <file>rts55x.lib</file>
         <name>_printfi.obj</name>
      </input_file>
      <input_file id="fl-1d">
         <path>/km/ti/ccsv5/tools/compiler/c5500_4.4.1/lib/</path>
         <kind>archive</kind>
         <file>rts55x.lib</file>
         <name>args_main.obj</name>
      </input_file>
      <input_file id="fl-1e">
         <path>/km/ti/ccsv5/tools/compiler/c5500_4.4.1/lib/</path>
         <kind>archive</kind>
         <file>rts55x.lib</file>
         <name>atoi.obj</name>
      </input_file>
      <input_file id="fl-1f">
         <path>/km/ti/ccsv5/tools/compiler/c5500_4.4.1/lib/</path>
         <kind>archive</kind>
         <file>rts55x.lib</file>
         <name>autoinit.obj</name>
      </input_file>
      <input_file id="fl-20">
         <path>/km/ti/ccsv5/tools/compiler/c5500_4.4.1/lib/</path>
         <kind>archive</kind>
         <file>rts55x.lib</file>
         <name>cmpd.obj</name>
      </input_file>
      <input_file id="fl-21">
         <path>/km/ti/ccsv5/tools/compiler/c5500_4.4.1/lib/</path>
         <kind>archive</kind>
         <file>rts55x.lib</file>
         <name>ctype.obj</name>
      </input_file>
      <input_file id="fl-22">
         <path>/km/ti/ccsv5/tools/compiler/c5500_4.4.1/lib/</path>
         <kind>archive</kind>
         <file>rts55x.lib</file>
         <name>defs.obj</name>
      </input_file>
      <input_file id="fl-23">
         <path>/km/ti/ccsv5/tools/compiler/c5500_4.4.1/lib/</path>
         <kind>archive</kind>
         <file>rts55x.lib</file>
         <name>divd.obj</name>
      </input_file>
      <input_file id="fl-24">
         <path>/km/ti/ccsv5/tools/compiler/c5500_4.4.1/lib/</path>
         <kind>archive</kind>
         <file>rts55x.lib</file>
         <name>divul.obj</name>
      </input_file>
      <input_file id="fl-25">
         <path>/km/ti/ccsv5/tools/compiler/c5500_4.4.1/lib/</path>
         <kind>archive</kind>
         <file>rts55x.lib</file>
         <name>fixdi.obj</name>
      </input_file>
      <input_file id="fl-26">
         <path>/km/ti/ccsv5/tools/compiler/c5500_4.4.1/lib/</path>
         <kind>archive</kind>
         <file>rts55x.lib</file>
         <name>fixdli.obj</name>
      </input_file>
      <input_file id="fl-27">
         <path>/km/ti/ccsv5/tools/compiler/c5500_4.4.1/lib/</path>
         <kind>archive</kind>
         <file>rts55x.lib</file>
         <name>fltlid.obj</name>
      </input_file>
      <input_file id="fl-28">
         <path>/km/ti/ccsv5/tools/compiler/c5500_4.4.1/lib/</path>
         <kind>archive</kind>
         <file>rts55x.lib</file>
         <name>fputc.obj</name>
      </input_file>
      <input_file id="fl-29">
         <path>/km/ti/ccsv5/tools/compiler/c5500_4.4.1/lib/</path>
         <kind>archive</kind>
         <file>rts55x.lib</file>
         <name>fputs.obj</name>
      </input_file>
      <input_file id="fl-2a">
         <path>/km/ti/ccsv5/tools/compiler/c5500_4.4.1/lib/</path>
         <kind>archive</kind>
         <file>rts55x.lib</file>
         <name>frcmpyd_div.obj</name>
      </input_file>
      <input_file id="fl-2b">
         <path>/km/ti/ccsv5/tools/compiler/c5500_4.4.1/lib/</path>
         <kind>archive</kind>
         <file>rts55x.lib</file>
         <name>isinf.obj</name>
      </input_file>
      <input_file id="fl-2c">
         <path>/km/ti/ccsv5/tools/compiler/c5500_4.4.1/lib/</path>
         <kind>archive</kind>
         <file>rts55x.lib</file>
         <name>llmpy.obj</name>
      </input_file>
      <input_file id="fl-2d">
         <path>/km/ti/ccsv5/tools/compiler/c5500_4.4.1/lib/</path>
         <kind>archive</kind>
         <file>rts55x.lib</file>
         <name>lmpy.obj</name>
      </input_file>
      <input_file id="fl-2e">
         <path>/km/ti/ccsv5/tools/compiler/c5500_4.4.1/lib/</path>
         <kind>archive</kind>
         <file>rts55x.lib</file>
         <name>lowlev.obj</name>
      </input_file>
      <input_file id="fl-2f">
         <path>/km/ti/ccsv5/tools/compiler/c5500_4.4.1/lib/</path>
         <kind>archive</kind>
         <file>rts55x.lib</file>
         <name>ltoa.obj</name>
      </input_file>
      <input_file id="fl-30">
         <path>/km/ti/ccsv5/tools/compiler/c5500_4.4.1/lib/</path>
         <kind>archive</kind>
         <file>rts55x.lib</file>
         <name>memccpy.obj</name>
      </input_file>
      <input_file id="fl-31">
         <path>/km/ti/ccsv5/tools/compiler/c5500_4.4.1/lib/</path>
         <kind>archive</kind>
         <file>rts55x.lib</file>
         <name>mpyd.obj</name>
      </input_file>
      <input_file id="fl-32">
         <path>/km/ti/ccsv5/tools/compiler/c5500_4.4.1/lib/</path>
         <kind>archive</kind>
         <file>rts55x.lib</file>
         <name>negd.obj</name>
      </input_file>
      <input_file id="fl-33">
         <path>/km/ti/ccsv5/tools/compiler/c5500_4.4.1/lib/</path>
         <kind>archive</kind>
         <file>rts55x.lib</file>
         <name>remli.obj</name>
      </input_file>
      <input_file id="fl-34">
         <path>/km/ti/ccsv5/tools/compiler/c5500_4.4.1/lib/</path>
         <kind>archive</kind>
         <file>rts55x.lib</file>
         <name>remul.obj</name>
      </input_file>
      <input_file id="fl-35">
         <path>/km/ti/ccsv5/tools/compiler/c5500_4.4.1/lib/</path>
         <kind>archive</kind>
         <file>rts55x.lib</file>
         <name>subd.obj</name>
      </input_file>
      <input_file id="fl-36">
         <path>/km/ti/ccsv5/tools/compiler/c5500_4.4.1/lib/</path>
         <kind>archive</kind>
         <file>rts55x.lib</file>
         <name>trgdrv.obj</name>
      </input_file>
      <input_file id="fl-37">
         <path>/km/ti/ccsv5/tools/compiler/c5500_4.4.1/lib/</path>
         <kind>archive</kind>
         <file>rts55x.lib</file>
         <name>trgmsg.obj</name>
      </input_file>
      <input_file id="fl-38">
         <path>/km/ti/ccsv5/tools/compiler/c5500_4.4.1/lib/</path>
         <kind>archive</kind>
         <file>rts55x.lib</file>
         <name>_io_perm.obj</name>
      </input_file>
      <input_file id="fl-39">
         <path>/km/ti/ccsv5/tools/compiler/c5500_4.4.1/lib/</path>
         <kind>archive</kind>
         <file>rts55x.lib</file>
         <name>addd.obj</name>
      </input_file>
      <input_file id="fl-3a">
         <path>/km/ti/ccsv5/tools/compiler/c5500_4.4.1/lib/</path>
         <kind>archive</kind>
         <file>rts55x.lib</file>
         <name>divli.obj</name>
      </input_file>
      <input_file id="fl-3b">
         <path>/km/ti/ccsv5/tools/compiler/c5500_4.4.1/lib/</path>
         <kind>archive</kind>
         <file>rts55x.lib</file>
         <name>fflush.obj</name>
      </input_file>
      <input_file id="fl-3c">
         <path>/km/ti/ccsv5/tools/compiler/c5500_4.4.1/lib/</path>
         <kind>archive</kind>
         <file>rts55x.lib</file>
         <name>frcmpyd.obj</name>
      </input_file>
      <input_file id="fl-3d">
         <path>/km/ti/ccsv5/tools/compiler/c5500_4.4.1/lib/</path>
         <kind>archive</kind>
         <file>rts55x.lib</file>
         <name>fseek.obj</name>
      </input_file>
      <input_file id="fl-3e">
         <path>/km/ti/ccsv5/tools/compiler/c5500_4.4.1/lib/</path>
         <kind>archive</kind>
         <file>rts55x.lib</file>
         <name>setvbuf.obj</name>
      </input_file>
      <input_file id="fl-3f">
         <path>/km/ti/ccsv5/tools/compiler/c5500_4.4.1/lib/</path>
         <kind>archive</kind>
         <file>rts55x.lib</file>
         <name>fopen.obj</name>
      </input_file>
      <input_file id="fl-40">
         <path>/km/ti/ccsv5/tools/compiler/c5500_4.4.1/lib/</path>
         <kind>archive</kind>
         <file>rts55x.lib</file>
         <name>memory.obj</name>
      </input_file>
      <input_file id="fl-41">
         <path>/km/ti/ccsv5/tools/compiler/c5500_4.4.1/lib/</path>
         <kind>archive</kind>
         <file>rts55x.lib</file>
         <name>fclose.obj</name>
      </input_file>
      <input_file id="fl-42">
         <path>/km/ti/ccsv5/tools/compiler/c5500_4.4.1/lib/</path>
         <kind>archive</kind>
         <file>rts55x.lib</file>
         <name>remove.obj</name>
      </input_file>
   </input_file_list>
   <object_component_list>
      <object_component id="oc-cb">
         <name>.text</name>
         <load_address>0x1396e</load_address>
         <run_address>0x1396e</run_address>
         <size>0x543</size>
         <input_file_ref idref="fl-2e"/>
      </object_component>
      <object_component id="oc-d9">
         <name>.text</name>
         <load_address>0x13eb1</load_address>
         <run_address>0x13eb1</run_address>
         <size>0x14c</size>
         <input_file_ref idref="fl-31"/>
      </object_component>
      <object_component id="oc-73">
         <name>.text</name>
         <load_address>0x13ffd</load_address>
         <run_address>0x13ffd</run_address>
         <size>0x2</size>
         <input_file_ref idref="fl-19"/>
      </object_component>
      <object_component id="oc-4d">
         <name>.text</name>
         <load_address>0x14b64</load_address>
         <run_address>0x14b64</run_address>
         <size>0xb1a</size>
         <input_file_ref idref="fl-11"/>
      </object_component>
      <object_component id="oc-2c">
         <name>.text</name>
         <load_address>0x1567e</load_address>
         <run_address>0x1567e</run_address>
         <size>0x7fa</size>
         <input_file_ref idref="fl-7"/>
      </object_component>
      <object_component id="oc-43">
         <name>.text:retain</name>
         <load_address>0x15e78</load_address>
         <run_address>0x15e78</run_address>
         <size>0x16c</size>
         <input_file_ref idref="fl-b"/>
      </object_component>
      <object_component id="oc-bf">
         <name>.text</name>
         <load_address>0x15fe4</load_address>
         <run_address>0x15fe4</run_address>
         <size>0x1a</size>
         <input_file_ref idref="fl-2b"/>
      </object_component>
      <object_component id="oc-81">
         <name>.text</name>
         <load_address>0x16000</load_address>
         <run_address>0x16000</run_address>
         <size>0x15a4</size>
         <input_file_ref idref="fl-1c"/>
      </object_component>
      <object_component id="oc-ed">
         <name>.text</name>
         <load_address>0x175a4</load_address>
         <run_address>0x175a4</run_address>
         <size>0x528</size>
         <input_file_ref idref="fl-36"/>
      </object_component>
      <object_component id="oc-56">
         <name>.text</name>
         <load_address>0x17acc</load_address>
         <run_address>0x17acc</run_address>
         <size>0x508</size>
         <input_file_ref idref="fl-13"/>
      </object_component>
      <object_component id="oc-a5">
         <name>.text</name>
         <load_address>0x17fd4</load_address>
         <run_address>0x17fd4</run_address>
         <size>0x2a</size>
         <input_file_ref idref="fl-25"/>
      </object_component>
      <object_component id="oc-11a">
         <name>.text</name>
         <load_address>0x18000</load_address>
         <run_address>0x18000</run_address>
         <size>0x4b5</size>
         <input_file_ref idref="fl-40"/>
      </object_component>
      <object_component id="oc-9d">
         <name>.text</name>
         <load_address>0x184b5</load_address>
         <run_address>0x184b5</run_address>
         <size>0x3cc</size>
         <input_file_ref idref="fl-23"/>
      </object_component>
      <object_component id="oc-3f">
         <name>.text</name>
         <load_address>0x18881</load_address>
         <run_address>0x18881</run_address>
         <size>0x3a9</size>
         <input_file_ref idref="fl-b"/>
      </object_component>
      <object_component id="oc-27">
         <name>.text</name>
         <load_address>0x18c2a</load_address>
         <run_address>0x18c2a</run_address>
         <size>0x321</size>
         <input_file_ref idref="fl-6"/>
      </object_component>
      <object_component id="oc-32">
         <name>.text</name>
         <load_address>0x18f4b</load_address>
         <run_address>0x18f4b</run_address>
         <size>0x2ae</size>
         <input_file_ref idref="fl-8"/>
      </object_component>
      <object_component id="oc-114">
         <name>.text</name>
         <load_address>0x191f9</load_address>
         <run_address>0x191f9</run_address>
         <size>0x27f</size>
         <input_file_ref idref="fl-3f"/>
      </object_component>
      <object_component id="oc-c3">
         <name>.text</name>
         <load_address>0x19478</load_address>
         <run_address>0x19478</run_address>
         <size>0x25e</size>
         <input_file_ref idref="fl-2c"/>
      </object_component>
      <object_component id="oc-fc">
         <name>.text</name>
         <load_address>0x196d6</load_address>
         <run_address>0x196d6</run_address>
         <size>0x25a</size>
         <input_file_ref idref="fl-39"/>
      </object_component>
      <object_component id="oc-93">
         <name>.text</name>
         <load_address>0x19930</load_address>
         <run_address>0x19930</run_address>
         <size>0x1ea</size>
         <input_file_ref idref="fl-20"/>
      </object_component>
      <object_component id="oc-11">
         <name>.text</name>
         <load_address>0x19b1a</load_address>
         <run_address>0x19b1a</run_address>
         <size>0x1c9</size>
         <input_file_ref idref="fl-2"/>
      </object_component>
      <object_component id="oc-b6">
         <name>.text</name>
         <load_address>0x19ce3</load_address>
         <run_address>0x19ce3</run_address>
         <size>0x163</size>
         <input_file_ref idref="fl-29"/>
      </object_component>
      <object_component id="oc-1d">
         <name>.text</name>
         <load_address>0x19e46</load_address>
         <run_address>0x19e46</run_address>
         <size>0x156</size>
         <input_file_ref idref="fl-4"/>
      </object_component>
      <object_component id="oc-8b">
         <name>.text</name>
         <load_address>0x19f9c</load_address>
         <run_address>0x19f9c</run_address>
         <size>0x5c</size>
         <input_file_ref idref="fl-1e"/>
      </object_component>
      <object_component id="oc-64">
         <name>.text:CIO_breakpoint</name>
         <load_address>0x19ff8</load_address>
         <run_address>0x19ff8</run_address>
         <size>0x7</size>
         <input_file_ref idref="fl-15"/>
      </object_component>
      <object_component id="oc-16">
         <name>.text</name>
         <load_address>0x1a000</load_address>
         <run_address>0x1a000</run_address>
         <size>0x13e</size>
         <input_file_ref idref="fl-3"/>
      </object_component>
      <object_component id="oc-110">
         <name>.text</name>
         <load_address>0x1a13e</load_address>
         <run_address>0x1a13e</run_address>
         <size>0xe6</size>
         <input_file_ref idref="fl-3e"/>
      </object_component>
      <object_component id="oc-f8">
         <name>.text</name>
         <load_address>0x1a224</load_address>
         <run_address>0x1a224</run_address>
         <size>0xdd</size>
         <input_file_ref idref="fl-38"/>
      </object_component>
      <object_component id="oc-104">
         <name>.text</name>
         <load_address>0x1a301</load_address>
         <run_address>0x1a301</run_address>
         <size>0xc2</size>
         <input_file_ref idref="fl-3b"/>
      </object_component>
      <object_component id="oc-f5">
         <name>.text:CIO_breakpoint</name>
         <load_address>0x1a3c3</load_address>
         <run_address>0x1a3c3</run_address>
         <size>0xba</size>
         <input_file_ref idref="fl-37"/>
      </object_component>
      <object_component id="oc-b2">
         <name>.text</name>
         <load_address>0x1a47d</load_address>
         <run_address>0x1a47d</run_address>
         <size>0xa6</size>
         <input_file_ref idref="fl-28"/>
      </object_component>
      <object_component id="oc-a1">
         <name>.text</name>
         <load_address>0x1a523</load_address>
         <run_address>0x1a523</run_address>
         <size>0xa1</size>
         <input_file_ref idref="fl-24"/>
      </object_component>
      <object_component id="oc-52">
         <name>.text</name>
         <load_address>0x1a5c4</load_address>
         <run_address>0x1a5c4</run_address>
         <size>0x8c</size>
         <input_file_ref idref="fl-12"/>
      </object_component>
      <object_component id="oc-d1">
         <name>.text</name>
         <load_address>0x1a650</load_address>
         <run_address>0x1a650</run_address>
         <size>0x7d</size>
         <input_file_ref idref="fl-2f"/>
      </object_component>
      <object_component id="oc-121">
         <name>.text</name>
         <load_address>0x1a6cd</load_address>
         <run_address>0x1a6cd</run_address>
         <size>0x7b</size>
         <input_file_ref idref="fl-41"/>
      </object_component>
      <object_component id="oc-108">
         <name>.text</name>
         <load_address>0x1a748</load_address>
         <run_address>0x1a748</run_address>
         <size>0x76</size>
         <input_file_ref idref="fl-3c"/>
      </object_component>
      <object_component id="oc-bb">
         <name>.text</name>
         <load_address>0x1a7be</load_address>
         <run_address>0x1a7be</run_address>
         <size>0x73</size>
         <input_file_ref idref="fl-2a"/>
      </object_component>
      <object_component id="oc-e5">
         <name>.text</name>
         <load_address>0x1a831</load_address>
         <run_address>0x1a831</run_address>
         <size>0x72</size>
         <input_file_ref idref="fl-34"/>
      </object_component>
      <object_component id="oc-a9">
         <name>.text</name>
         <load_address>0x1a8a3</load_address>
         <run_address>0x1a8a3</run_address>
         <size>0x6f</size>
         <input_file_ref idref="fl-26"/>
      </object_component>
      <object_component id="oc-48">
         <name>.text</name>
         <load_address>0x1a912</load_address>
         <run_address>0x1a912</run_address>
         <size>0x6d</size>
         <input_file_ref idref="fl-10"/>
      </object_component>
      <object_component id="oc-f2">
         <name>.text</name>
         <load_address>0x1a97f</load_address>
         <run_address>0x1a97f</run_address>
         <size>0x6d</size>
         <input_file_ref idref="fl-37"/>
      </object_component>
      <object_component id="oc-10c">
         <name>.text</name>
         <load_address>0x1a9ec</load_address>
         <run_address>0x1a9ec</run_address>
         <size>0x6b</size>
         <input_file_ref idref="fl-3d"/>
      </object_component>
      <object_component id="oc-77">
         <name>.text</name>
         <load_address>0x1aa57</load_address>
         <run_address>0x1aa57</run_address>
         <size>0x6a</size>
         <input_file_ref idref="fl-1a"/>
      </object_component>
      <object_component id="oc-ad">
         <name>.text</name>
         <load_address>0x1aac1</load_address>
         <run_address>0x1aac1</run_address>
         <size>0x67</size>
         <input_file_ref idref="fl-27"/>
      </object_component>
      <object_component id="oc-22">
         <name>.text</name>
         <load_address>0x1ab28</load_address>
         <run_address>0x1ab28</run_address>
         <size>0x54</size>
         <input_file_ref idref="fl-5"/>
      </object_component>
      <object_component id="oc-6b">
         <name>.text</name>
         <load_address>0x1ab7c</load_address>
         <run_address>0x1ab7c</run_address>
         <size>0x50</size>
         <input_file_ref idref="fl-17"/>
      </object_component>
      <object_component id="oc-8f">
         <name>.text</name>
         <load_address>0x1abcc</load_address>
         <run_address>0x1abcc</run_address>
         <size>0x4d</size>
         <input_file_ref idref="fl-1f"/>
      </object_component>
      <object_component id="oc-87">
         <name>.text</name>
         <load_address>0x1ac19</load_address>
         <run_address>0x1ac19</run_address>
         <size>0x4b</size>
         <input_file_ref idref="fl-1d"/>
      </object_component>
      <object_component id="oc-e1">
         <name>.text</name>
         <load_address>0x1ac64</load_address>
         <run_address>0x1ac64</run_address>
         <size>0x4b</size>
         <input_file_ref idref="fl-33"/>
      </object_component>
      <object_component id="oc-100">
         <name>.text</name>
         <load_address>0x1acaf</load_address>
         <run_address>0x1acaf</run_address>
         <size>0x48</size>
         <input_file_ref idref="fl-3a"/>
      </object_component>
      <object_component id="oc-67">
         <name>.text</name>
         <load_address>0x1acf7</load_address>
         <run_address>0x1acf7</run_address>
         <size>0x3f</size>
         <input_file_ref idref="fl-16"/>
      </object_component>
      <object_component id="oc-60">
         <name>.text</name>
         <load_address>0x1ad36</load_address>
         <run_address>0x1ad36</run_address>
         <size>0x3e</size>
         <input_file_ref idref="fl-15"/>
      </object_component>
      <object_component id="oc-f">
         <name>.text</name>
         <load_address>0x1ad74</load_address>
         <run_address>0x1ad74</run_address>
         <size>0x34</size>
         <input_file_ref idref="fl-14"/>
      </object_component>
      <object_component id="oc-6f">
         <name>.text</name>
         <load_address>0x1ada8</load_address>
         <run_address>0x1ada8</run_address>
         <size>0x2a</size>
         <input_file_ref idref="fl-18"/>
      </object_component>
      <object_component id="oc-d5">
         <name>.text</name>
         <load_address>0x1add2</load_address>
         <run_address>0x1add2</run_address>
         <size>0x23</size>
         <input_file_ref idref="fl-30"/>
      </object_component>
      <object_component id="oc-e9">
         <name>.text</name>
         <load_address>0x1adf5</load_address>
         <run_address>0x1adf5</run_address>
         <size>0x14</size>
         <input_file_ref idref="fl-35"/>
      </object_component>
      <object_component id="oc-c7">
         <name>.text</name>
         <load_address>0x1ae09</load_address>
         <run_address>0x1ae09</run_address>
         <size>0x13</size>
         <input_file_ref idref="fl-2d"/>
      </object_component>
      <object_component id="oc-7b">
         <name>.text</name>
         <load_address>0x1ae1c</load_address>
         <run_address>0x1ae1c</run_address>
         <size>0x12</size>
         <input_file_ref idref="fl-1b"/>
      </object_component>
      <object_component id="oc-dd">
         <name>.text</name>
         <load_address>0x1ae2e</load_address>
         <run_address>0x1ae2e</run_address>
         <size>0x10</size>
         <input_file_ref idref="fl-32"/>
      </object_component>
      <object_component id="oc-3a">
         <name>.text</name>
         <load_address>0x1ae3e</load_address>
         <run_address>0x1ae3e</run_address>
         <size>0xa</size>
         <input_file_ref idref="fl-a"/>
      </object_component>
      <object_component id="oc-125">
         <name>.text</name>
         <load_address>0x1ae48</load_address>
         <run_address>0x1ae48</run_address>
         <size>0xa</size>
         <input_file_ref idref="fl-42"/>
      </object_component>
      <object_component id="oc-5c">
         <name>.stack</name>
         <uninitialized>true</uninitialized>
         <run_address>0x2000</run_address>
         <size>0x0</size>
         <input_file_ref idref="fl-14"/>
      </object_component>
      <object_component id="oc-146">
         <name>.stack</name>
         <uninitialized>true</uninitialized>
         <run_address>0x2000</run_address>
         <size>0x0</size>
      </object_component>
      <object_component id="oc-129">
         <name>.sysstack</name>
         <uninitialized>true</uninitialized>
         <run_address>0x400</run_address>
         <size>0x0</size>
         <input_file_ref idref="fl-14"/>
      </object_component>
      <object_component id="oc-148">
         <name>.sysstack</name>
         <uninitialized>true</uninitialized>
         <run_address>0x400</run_address>
         <size>0x0</size>
      </object_component>
      <object_component id="oc-99">
         <name>.bss</name>
         <uninitialized>true</uninitialized>
         <run_address>0x1878</run_address>
         <size>0x232</size>
         <input_file_ref idref="fl-22"/>
      </object_component>
      <object_component id="oc-ee">
         <name>.bss</name>
         <uninitialized>true</uninitialized>
         <run_address>0x1aaa</run_address>
         <size>0x1a0</size>
         <input_file_ref idref="fl-36"/>
      </object_component>
      <object_component id="oc-115">
         <name>.bss</name>
         <uninitialized>true</uninitialized>
         <run_address>0x1c4a</run_address>
         <size>0x2</size>
         <input_file_ref idref="fl-3f"/>
      </object_component>
      <object_component id="oc-57">
         <name>.bss</name>
         <uninitialized>true</uninitialized>
         <run_address>0x1c4c</run_address>
         <size>0x108</size>
         <input_file_ref idref="fl-13"/>
      </object_component>
      <object_component id="oc-40">
         <name>.bss</name>
         <uninitialized>true</uninitialized>
         <run_address>0x1d54</run_address>
         <size>0x16</size>
         <input_file_ref idref="fl-b"/>
      </object_component>
      <object_component id="oc-17">
         <name>.bss</name>
         <uninitialized>true</uninitialized>
         <run_address>0x1d6a</run_address>
         <size>0x2</size>
         <input_file_ref idref="fl-3"/>
      </object_component>
      <object_component id="oc-11b">
         <name>.bss</name>
         <uninitialized>true</uninitialized>
         <run_address>0x1d6c</run_address>
         <size>0xc</size>
         <input_file_ref idref="fl-40"/>
      </object_component>
      <object_component id="oc-7c">
         <name>.bss</name>
         <uninitialized>true</uninitialized>
         <run_address>0x1d78</run_address>
         <size>0x8</size>
         <input_file_ref idref="fl-1b"/>
      </object_component>
      <object_component id="oc-61">
         <name>.bss</name>
         <uninitialized>true</uninitialized>
         <run_address>0x1d80</run_address>
         <size>0x8</size>
         <input_file_ref idref="fl-15"/>
      </object_component>
      <object_component id="oc-cc">
         <name>.bss</name>
         <uninitialized>true</uninitialized>
         <run_address>0x1388c</run_address>
         <size>0xe2</size>
         <input_file_ref idref="fl-2e"/>
      </object_component>
      <object_component id="oc-33">
         <name>.bss</name>
         <uninitialized>true</uninitialized>
         <run_address>0x14354</run_address>
         <size>0x810</size>
         <input_file_ref idref="fl-8"/>
      </object_component>
      <object_component id="oc-12e">
         <name>.const:__ctypes_</name>
         <load_address>0x1400</load_address>
         <run_address>0x1400</run_address>
         <size>0x202</size>
         <input_file_ref idref="fl-21"/>
      </object_component>
      <object_component id="oc-2e">
         <name>.const:.string</name>
         <load_address>0x1604</load_address>
         <run_address>0x1604</run_address>
         <size>0x1a4</size>
         <input_file_ref idref="fl-7"/>
      </object_component>
      <object_component id="oc-84">
         <name>.const:.string</name>
         <load_address>0x17a8</load_address>
         <run_address>0x17a8</run_address>
         <size>0x48</size>
         <input_file_ref idref="fl-1c"/>
      </object_component>
      <object_component id="oc-12d">
         <name>.const:___FUNCTION__$3</name>
         <load_address>0x17f0</load_address>
         <run_address>0x17f0</run_address>
         <size>0x24</size>
         <input_file_ref idref="fl-b"/>
      </object_component>
      <object_component id="oc-12b">
         <name>.const:___FUNCTION__$1</name>
         <load_address>0x1814</load_address>
         <run_address>0x1814</run_address>
         <size>0x1a</size>
         <input_file_ref idref="fl-b"/>
      </object_component>
      <object_component id="oc-83">
         <name>.const</name>
         <load_address>0x1830</load_address>
         <run_address>0x1830</run_address>
         <size>0x18</size>
         <input_file_ref idref="fl-1c"/>
      </object_component>
      <object_component id="oc-12c">
         <name>.const:___FUNCTION__$2</name>
         <load_address>0x1848</load_address>
         <run_address>0x1848</run_address>
         <size>0x16</size>
         <input_file_ref idref="fl-b"/>
      </object_component>
      <object_component id="oc-12f">
         <name>.const:_initial_approx$1</name>
         <load_address>0x185e</load_address>
         <run_address>0x185e</run_address>
         <size>0x10</size>
         <input_file_ref idref="fl-23"/>
      </object_component>
      <object_component id="oc-b8">
         <name>.const:.string</name>
         <load_address>0x1870</load_address>
         <run_address>0x1870</run_address>
         <size>0x4</size>
         <input_file_ref idref="fl-29"/>
      </object_component>
      <object_component id="oc-af">
         <name>.const</name>
         <load_address>0x1874</load_address>
         <run_address>0x1874</run_address>
         <size>0x4</size>
         <input_file_ref idref="fl-27"/>
      </object_component>
      <object_component id="oc-44">
         <name>.const:.string</name>
         <load_address>0x12000</load_address>
         <run_address>0x12000</run_address>
         <size>0xc8a</size>
         <input_file_ref idref="fl-b"/>
      </object_component>
      <object_component id="oc-12a">
         <name>.const:_Font8x6</name>
         <load_address>0x12c8a</load_address>
         <run_address>0x12c8a</run_address>
         <size>0xc00</size>
         <input_file_ref idref="fl-9"/>
      </object_component>
      <object_component id="oc-11e">
         <name>.sysmem</name>
         <uninitialized>true</uninitialized>
         <run_address>0x10000</run_address>
         <size>0x0</size>
         <input_file_ref idref="fl-40"/>
      </object_component>
      <object_component id="oc-147">
         <name>.sysmem</name>
         <uninitialized>true</uninitialized>
         <run_address>0x10000</run_address>
         <size>0x0</size>
      </object_component>
      <object_component id="oc-ce">
         <name>.cinit</name>
         <load_address>0x14240</load_address>
         <run_address>0x14240</run_address>
         <size>0x5a</size>
         <input_file_ref idref="fl-2e"/>
      </object_component>
      <object_component id="oc-9b">
         <name>.cinit</name>
         <load_address>0x1429a</load_address>
         <run_address>0x1429a</run_address>
         <size>0x54</size>
         <input_file_ref idref="fl-22"/>
      </object_component>
      <object_component id="oc-42">
         <name>.cinit</name>
         <load_address>0x142ee</load_address>
         <run_address>0x142ee</run_address>
         <size>0x22</size>
         <input_file_ref idref="fl-b"/>
      </object_component>
      <object_component id="oc-7e">
         <name>.cinit</name>
         <load_address>0x14310</load_address>
         <run_address>0x14310</run_address>
         <size>0x14</size>
         <input_file_ref idref="fl-1b"/>
      </object_component>
      <object_component id="oc-63">
         <name>.cinit</name>
         <load_address>0x14324</load_address>
         <run_address>0x14324</run_address>
         <size>0x14</size>
         <input_file_ref idref="fl-15"/>
      </object_component>
      <object_component id="oc-117">
         <name>.cinit</name>
         <load_address>0x14338</load_address>
         <run_address>0x14338</run_address>
         <size>0x8</size>
         <input_file_ref idref="fl-3f"/>
      </object_component>
      <object_component id="oc-11d">
         <name>.cinit</name>
         <load_address>0x14340</load_address>
         <run_address>0x14340</run_address>
         <size>0x8</size>
         <input_file_ref idref="fl-40"/>
      </object_component>
      <object_component id="oc-19">
         <name>.cinit</name>
         <load_address>0x14348</load_address>
         <run_address>0x14348</run_address>
         <size>0x8</size>
         <input_file_ref idref="fl-3"/>
      </object_component>
      <object_component id="oc-f4">
         <name>.cio</name>
         <uninitialized>true</uninitialized>
         <run_address>0x14000</run_address>
         <size>0x240</size>
         <input_file_ref idref="fl-37"/>
      </object_component>
      <object_component id="oc-49">
         <name>vectors</name>
         <load_address>0x100</load_address>
         <run_address>0x100</run_address>
         <size>0x100</size>
         <input_file_ref idref="fl-10"/>
      </object_component>
      <object_component id="oc-10">
         <name>vectors</name>
         <load_address>0x200</load_address>
         <run_address>0x200</run_address>
         <size>0x100</size>
         <input_file_ref idref="fl-19"/>
      </object_component>
      <object_component id="oc-12">
         <name>.debug_info</name>
         <load_address>0x0</load_address>
         <run_address>0x0</run_address>
         <size>0xf54</size>
         <input_file_ref idref="fl-2"/>
      </object_component>
      <object_component id="oc-18">
         <name>.debug_info</name>
         <load_address>0xf54</load_address>
         <run_address>0xf54</run_address>
         <size>0xbb3</size>
         <input_file_ref idref="fl-3"/>
      </object_component>
      <object_component id="oc-1e">
         <name>.debug_info</name>
         <load_address>0x1b07</load_address>
         <run_address>0x1b07</run_address>
         <size>0x86a</size>
         <input_file_ref idref="fl-4"/>
      </object_component>
      <object_component id="oc-23">
         <name>.debug_info</name>
         <load_address>0x2371</load_address>
         <run_address>0x2371</run_address>
         <size>0x6af</size>
         <input_file_ref idref="fl-5"/>
      </object_component>
      <object_component id="oc-28">
         <name>.debug_info</name>
         <load_address>0x2a20</load_address>
         <run_address>0x2a20</run_address>
         <size>0x1d88</size>
         <input_file_ref idref="fl-6"/>
      </object_component>
      <object_component id="oc-2d">
         <name>.debug_info</name>
         <load_address>0x47a8</load_address>
         <run_address>0x47a8</run_address>
         <size>0x1bf5</size>
         <input_file_ref idref="fl-7"/>
      </object_component>
      <object_component id="oc-34">
         <name>.debug_info</name>
         <load_address>0x639d</load_address>
         <run_address>0x639d</run_address>
         <size>0x1189</size>
         <input_file_ref idref="fl-8"/>
      </object_component>
      <object_component id="oc-38">
         <name>.debug_info</name>
         <load_address>0x7526</load_address>
         <run_address>0x7526</run_address>
         <size>0x4ce</size>
         <input_file_ref idref="fl-9"/>
      </object_component>
      <object_component id="oc-3b">
         <name>.debug_info</name>
         <load_address>0x79f4</load_address>
         <run_address>0x79f4</run_address>
         <size>0x508</size>
         <input_file_ref idref="fl-a"/>
      </object_component>
      <object_component id="oc-41">
         <name>.debug_info</name>
         <load_address>0x7efc</load_address>
         <run_address>0x7efc</run_address>
         <size>0x1721</size>
         <input_file_ref idref="fl-b"/>
      </object_component>
      <object_component id="oc-4a">
         <name>.debug_info</name>
         <load_address>0x961d</load_address>
         <run_address>0x961d</run_address>
         <size>0x1b6</size>
         <input_file_ref idref="fl-10"/>
      </object_component>
      <object_component id="oc-4e">
         <name>.debug_info</name>
         <load_address>0x97d3</load_address>
         <run_address>0x97d3</run_address>
         <size>0x228d</size>
         <input_file_ref idref="fl-11"/>
      </object_component>
      <object_component id="oc-53">
         <name>.debug_info</name>
         <load_address>0xba60</load_address>
         <run_address>0xba60</run_address>
         <size>0x19c</size>
         <input_file_ref idref="fl-12"/>
      </object_component>
      <object_component id="oc-58">
         <name>.debug_info</name>
         <load_address>0xbbfc</load_address>
         <run_address>0xbbfc</run_address>
         <size>0x1c8a</size>
         <input_file_ref idref="fl-13"/>
      </object_component>
      <object_component id="oc-5d">
         <name>.debug_info</name>
         <load_address>0xd886</load_address>
         <run_address>0xd886</run_address>
         <size>0xe8</size>
         <input_file_ref idref="fl-14"/>
      </object_component>
      <object_component id="oc-62">
         <name>.debug_info</name>
         <load_address>0xd96e</load_address>
         <run_address>0xd96e</run_address>
         <size>0x5fb</size>
         <input_file_ref idref="fl-15"/>
      </object_component>
      <object_component id="oc-68">
         <name>.debug_info</name>
         <load_address>0xdf69</load_address>
         <run_address>0xdf69</run_address>
         <size>0xd1</size>
         <input_file_ref idref="fl-16"/>
      </object_component>
      <object_component id="oc-6c">
         <name>.debug_info</name>
         <load_address>0xe03a</load_address>
         <run_address>0xe03a</run_address>
         <size>0x76c</size>
         <input_file_ref idref="fl-17"/>
      </object_component>
      <object_component id="oc-70">
         <name>.debug_info</name>
         <load_address>0xe7a6</load_address>
         <run_address>0xe7a6</run_address>
         <size>0xef</size>
         <input_file_ref idref="fl-18"/>
      </object_component>
      <object_component id="oc-74">
         <name>.debug_info</name>
         <load_address>0xe895</load_address>
         <run_address>0xe895</run_address>
         <size>0xbc</size>
         <input_file_ref idref="fl-19"/>
      </object_component>
      <object_component id="oc-78">
         <name>.debug_info</name>
         <load_address>0xe951</load_address>
         <run_address>0xe951</run_address>
         <size>0x6dc</size>
         <input_file_ref idref="fl-1a"/>
      </object_component>
      <object_component id="oc-7d">
         <name>.debug_info</name>
         <load_address>0xf02d</load_address>
         <run_address>0xf02d</run_address>
         <size>0x5bc</size>
         <input_file_ref idref="fl-1b"/>
      </object_component>
      <object_component id="oc-82">
         <name>.debug_info</name>
         <load_address>0xf5e9</load_address>
         <run_address>0xf5e9</run_address>
         <size>0x27bd</size>
         <input_file_ref idref="fl-1c"/>
      </object_component>
      <object_component id="oc-88">
         <name>.debug_info</name>
         <load_address>0x11da6</load_address>
         <run_address>0x11da6</run_address>
         <size>0x586</size>
         <input_file_ref idref="fl-1d"/>
      </object_component>
      <object_component id="oc-8c">
         <name>.debug_info</name>
         <load_address>0x1232c</load_address>
         <run_address>0x1232c</run_address>
         <size>0x5a4</size>
         <input_file_ref idref="fl-1e"/>
      </object_component>
      <object_component id="oc-90">
         <name>.debug_info</name>
         <load_address>0x128d0</load_address>
         <run_address>0x128d0</run_address>
         <size>0xcd</size>
         <input_file_ref idref="fl-1f"/>
      </object_component>
      <object_component id="oc-94">
         <name>.debug_info</name>
         <load_address>0x1299d</load_address>
         <run_address>0x1299d</run_address>
         <size>0x81f</size>
         <input_file_ref idref="fl-20"/>
      </object_component>
      <object_component id="oc-97">
         <name>.debug_info</name>
         <load_address>0x131bc</load_address>
         <run_address>0x131bc</run_address>
         <size>0x498</size>
         <input_file_ref idref="fl-21"/>
      </object_component>
      <object_component id="oc-9a">
         <name>.debug_info</name>
         <load_address>0x13654</load_address>
         <run_address>0x13654</run_address>
         <size>0x57e</size>
         <input_file_ref idref="fl-22"/>
      </object_component>
      <object_component id="oc-9e">
         <name>.debug_info</name>
         <load_address>0x13bd2</load_address>
         <run_address>0x13bd2</run_address>
         <size>0x7e8</size>
         <input_file_ref idref="fl-23"/>
      </object_component>
      <object_component id="oc-a2">
         <name>.debug_info</name>
         <load_address>0x143ba</load_address>
         <run_address>0x143ba</run_address>
         <size>0x534</size>
         <input_file_ref idref="fl-24"/>
      </object_component>
      <object_component id="oc-a6">
         <name>.debug_info</name>
         <load_address>0x148ee</load_address>
         <run_address>0x148ee</run_address>
         <size>0x4cf</size>
         <input_file_ref idref="fl-25"/>
      </object_component>
      <object_component id="oc-aa">
         <name>.debug_info</name>
         <load_address>0x14dbd</load_address>
         <run_address>0x14dbd</run_address>
         <size>0x534</size>
         <input_file_ref idref="fl-26"/>
      </object_component>
      <object_component id="oc-ae">
         <name>.debug_info</name>
         <load_address>0x152f1</load_address>
         <run_address>0x152f1</run_address>
         <size>0x549</size>
         <input_file_ref idref="fl-27"/>
      </object_component>
      <object_component id="oc-b3">
         <name>.debug_info</name>
         <load_address>0x1583a</load_address>
         <run_address>0x1583a</run_address>
         <size>0x6aa</size>
         <input_file_ref idref="fl-28"/>
      </object_component>
      <object_component id="oc-b7">
         <name>.debug_info</name>
         <load_address>0x15ee4</load_address>
         <run_address>0x15ee4</run_address>
         <size>0x942</size>
         <input_file_ref idref="fl-29"/>
      </object_component>
      <object_component id="oc-bc">
         <name>.debug_info</name>
         <load_address>0x16826</load_address>
         <run_address>0x16826</run_address>
         <size>0x53e</size>
         <input_file_ref idref="fl-2a"/>
      </object_component>
      <object_component id="oc-c0">
         <name>.debug_info</name>
         <load_address>0x16d64</load_address>
         <run_address>0x16d64</run_address>
         <size>0x680</size>
         <input_file_ref idref="fl-2b"/>
      </object_component>
      <object_component id="oc-c4">
         <name>.debug_info</name>
         <load_address>0x173e4</load_address>
         <run_address>0x173e4</run_address>
         <size>0x7d4</size>
         <input_file_ref idref="fl-2c"/>
      </object_component>
      <object_component id="oc-c8">
         <name>.debug_info</name>
         <load_address>0x17bb8</load_address>
         <run_address>0x17bb8</run_address>
         <size>0xbd</size>
         <input_file_ref idref="fl-2d"/>
      </object_component>
      <object_component id="oc-cd">
         <name>.debug_info</name>
         <load_address>0x17c75</load_address>
         <run_address>0x17c75</run_address>
         <size>0x144b</size>
         <input_file_ref idref="fl-2e"/>
      </object_component>
      <object_component id="oc-d2">
         <name>.debug_info</name>
         <load_address>0x190c0</load_address>
         <run_address>0x190c0</run_address>
         <size>0x5ad</size>
         <input_file_ref idref="fl-2f"/>
      </object_component>
      <object_component id="oc-d6">
         <name>.debug_info</name>
         <load_address>0x1966d</load_address>
         <run_address>0x1966d</run_address>
         <size>0x574</size>
         <input_file_ref idref="fl-30"/>
      </object_component>
      <object_component id="oc-da">
         <name>.debug_info</name>
         <load_address>0x19be1</load_address>
         <run_address>0x19be1</run_address>
         <size>0x55b</size>
         <input_file_ref idref="fl-31"/>
      </object_component>
      <object_component id="oc-de">
         <name>.debug_info</name>
         <load_address>0x1a13c</load_address>
         <run_address>0x1a13c</run_address>
         <size>0x4b7</size>
         <input_file_ref idref="fl-32"/>
      </object_component>
      <object_component id="oc-e2">
         <name>.debug_info</name>
         <load_address>0x1a5f3</load_address>
         <run_address>0x1a5f3</run_address>
         <size>0x4f2</size>
         <input_file_ref idref="fl-33"/>
      </object_component>
      <object_component id="oc-e6">
         <name>.debug_info</name>
         <load_address>0x1aae5</load_address>
         <run_address>0x1aae5</run_address>
         <size>0x534</size>
         <input_file_ref idref="fl-34"/>
      </object_component>
      <object_component id="oc-ea">
         <name>.debug_info</name>
         <load_address>0x1b019</load_address>
         <run_address>0x1b019</run_address>
         <size>0x4de</size>
         <input_file_ref idref="fl-35"/>
      </object_component>
      <object_component id="oc-ef">
         <name>.debug_info</name>
         <load_address>0x1b4f7</load_address>
         <run_address>0x1b4f7</run_address>
         <size>0xed4</size>
         <input_file_ref idref="fl-36"/>
      </object_component>
      <object_component id="oc-f3">
         <name>.debug_info</name>
         <load_address>0x1c3cb</load_address>
         <run_address>0x1c3cb</run_address>
         <size>0x744</size>
         <input_file_ref idref="fl-37"/>
      </object_component>
      <object_component id="oc-f9">
         <name>.debug_info</name>
         <load_address>0x1cb0f</load_address>
         <run_address>0x1cb0f</run_address>
         <size>0x662</size>
         <input_file_ref idref="fl-38"/>
      </object_component>
      <object_component id="oc-fd">
         <name>.debug_info</name>
         <load_address>0x1d171</load_address>
         <run_address>0x1d171</run_address>
         <size>0x5ab</size>
         <input_file_ref idref="fl-39"/>
      </object_component>
      <object_component id="oc-101">
         <name>.debug_info</name>
         <load_address>0x1d71c</load_address>
         <run_address>0x1d71c</run_address>
         <size>0x4f2</size>
         <input_file_ref idref="fl-3a"/>
      </object_component>
      <object_component id="oc-105">
         <name>.debug_info</name>
         <load_address>0x1dc0e</load_address>
         <run_address>0x1dc0e</run_address>
         <size>0x706</size>
         <input_file_ref idref="fl-3b"/>
      </object_component>
      <object_component id="oc-109">
         <name>.debug_info</name>
         <load_address>0x1e314</load_address>
         <run_address>0x1e314</run_address>
         <size>0x4d2</size>
         <input_file_ref idref="fl-3c"/>
      </object_component>
      <object_component id="oc-10d">
         <name>.debug_info</name>
         <load_address>0x1e7e6</load_address>
         <run_address>0x1e7e6</run_address>
         <size>0x5f7</size>
         <input_file_ref idref="fl-3d"/>
      </object_component>
      <object_component id="oc-111">
         <name>.debug_info</name>
         <load_address>0x1eddd</load_address>
         <run_address>0x1eddd</run_address>
         <size>0x64a</size>
         <input_file_ref idref="fl-3e"/>
      </object_component>
      <object_component id="oc-116">
         <name>.debug_info</name>
         <load_address>0x1f427</load_address>
         <run_address>0x1f427</run_address>
         <size>0xa1c</size>
         <input_file_ref idref="fl-3f"/>
      </object_component>
      <object_component id="oc-11c">
         <name>.debug_info</name>
         <load_address>0x1fe43</load_address>
         <run_address>0x1fe43</run_address>
         <size>0xb97</size>
         <input_file_ref idref="fl-40"/>
      </object_component>
      <object_component id="oc-122">
         <name>.debug_info</name>
         <load_address>0x209da</load_address>
         <run_address>0x209da</run_address>
         <size>0x64f</size>
         <input_file_ref idref="fl-41"/>
      </object_component>
      <object_component id="oc-126">
         <name>.debug_info</name>
         <load_address>0x21029</load_address>
         <run_address>0x21029</run_address>
         <size>0x510</size>
         <input_file_ref idref="fl-42"/>
      </object_component>
      <object_component id="oc-15b">
         <name>.debug_info</name>
         <load_address>0x21539</load_address>
         <run_address>0x21539</run_address>
         <size>0x70</size>
      </object_component>
      <object_component id="oc-13">
         <name>.debug_frame</name>
         <load_address>0x0</load_address>
         <run_address>0x0</run_address>
         <size>0x1d9</size>
         <input_file_ref idref="fl-2"/>
      </object_component>
      <object_component id="oc-1a">
         <name>.debug_frame</name>
         <load_address>0x1d9</load_address>
         <run_address>0x1d9</run_address>
         <size>0x14a</size>
         <input_file_ref idref="fl-3"/>
      </object_component>
      <object_component id="oc-1f">
         <name>.debug_frame</name>
         <load_address>0x323</load_address>
         <run_address>0x323</run_address>
         <size>0x135</size>
         <input_file_ref idref="fl-4"/>
      </object_component>
      <object_component id="oc-24">
         <name>.debug_frame</name>
         <load_address>0x458</load_address>
         <run_address>0x458</run_address>
         <size>0x116</size>
         <input_file_ref idref="fl-5"/>
      </object_component>
      <object_component id="oc-29">
         <name>.debug_frame</name>
         <load_address>0x56e</load_address>
         <run_address>0x56e</run_address>
         <size>0x2a8</size>
         <input_file_ref idref="fl-6"/>
      </object_component>
      <object_component id="oc-2f">
         <name>.debug_frame</name>
         <load_address>0x816</load_address>
         <run_address>0x816</run_address>
         <size>0x21a</size>
         <input_file_ref idref="fl-7"/>
      </object_component>
      <object_component id="oc-35">
         <name>.debug_frame</name>
         <load_address>0xa30</load_address>
         <run_address>0xa30</run_address>
         <size>0x1db</size>
         <input_file_ref idref="fl-8"/>
      </object_component>
      <object_component id="oc-3c">
         <name>.debug_frame</name>
         <load_address>0xc0b</load_address>
         <run_address>0xc0b</run_address>
         <size>0xe4</size>
         <input_file_ref idref="fl-a"/>
      </object_component>
      <object_component id="oc-45">
         <name>.debug_frame</name>
         <load_address>0xcef</load_address>
         <run_address>0xcef</run_address>
         <size>0x2ba</size>
         <input_file_ref idref="fl-b"/>
      </object_component>
      <object_component id="oc-4f">
         <name>.debug_frame</name>
         <load_address>0xfa9</load_address>
         <run_address>0xfa9</run_address>
         <size>0x272</size>
         <input_file_ref idref="fl-11"/>
      </object_component>
      <object_component id="oc-59">
         <name>.debug_frame</name>
         <load_address>0x121b</load_address>
         <run_address>0x121b</run_address>
         <size>0x2a1</size>
         <input_file_ref idref="fl-13"/>
      </object_component>
      <object_component id="oc-14">
         <name>.debug_line</name>
         <load_address>0x0</load_address>
         <run_address>0x0</run_address>
         <size>0x182</size>
         <input_file_ref idref="fl-2"/>
      </object_component>
      <object_component id="oc-1b">
         <name>.debug_line</name>
         <load_address>0x182</load_address>
         <run_address>0x182</run_address>
         <size>0x12a</size>
         <input_file_ref idref="fl-3"/>
      </object_component>
      <object_component id="oc-20">
         <name>.debug_line</name>
         <load_address>0x2ac</load_address>
         <run_address>0x2ac</run_address>
         <size>0xe6</size>
         <input_file_ref idref="fl-4"/>
      </object_component>
      <object_component id="oc-25">
         <name>.debug_line</name>
         <load_address>0x392</load_address>
         <run_address>0x392</run_address>
         <size>0x8b</size>
         <input_file_ref idref="fl-5"/>
      </object_component>
      <object_component id="oc-2a">
         <name>.debug_line</name>
         <load_address>0x41d</load_address>
         <run_address>0x41d</run_address>
         <size>0x273</size>
         <input_file_ref idref="fl-6"/>
      </object_component>
      <object_component id="oc-30">
         <name>.debug_line</name>
         <load_address>0x690</load_address>
         <run_address>0x690</run_address>
         <size>0x3c3</size>
         <input_file_ref idref="fl-7"/>
      </object_component>
      <object_component id="oc-36">
         <name>.debug_line</name>
         <load_address>0xa53</load_address>
         <run_address>0xa53</run_address>
         <size>0x18e</size>
         <input_file_ref idref="fl-8"/>
      </object_component>
      <object_component id="oc-3d">
         <name>.debug_line</name>
         <load_address>0xbe1</load_address>
         <run_address>0xbe1</run_address>
         <size>0x41</size>
         <input_file_ref idref="fl-a"/>
      </object_component>
      <object_component id="oc-46">
         <name>.debug_line</name>
         <load_address>0xc22</load_address>
         <run_address>0xc22</run_address>
         <size>0xf0</size>
         <input_file_ref idref="fl-b"/>
      </object_component>
      <object_component id="oc-4b">
         <name>.debug_line</name>
         <load_address>0xd12</load_address>
         <run_address>0xd12</run_address>
         <size>0xac</size>
         <input_file_ref idref="fl-10"/>
      </object_component>
      <object_component id="oc-50">
         <name>.debug_line</name>
         <load_address>0xdbe</load_address>
         <run_address>0xdbe</run_address>
         <size>0x498</size>
         <input_file_ref idref="fl-11"/>
      </object_component>
      <object_component id="oc-54">
         <name>.debug_line</name>
         <load_address>0x1256</load_address>
         <run_address>0x1256</run_address>
         <size>0xb0</size>
         <input_file_ref idref="fl-12"/>
      </object_component>
      <object_component id="oc-5a">
         <name>.debug_line</name>
         <load_address>0x1306</load_address>
         <run_address>0x1306</run_address>
         <size>0x302</size>
         <input_file_ref idref="fl-13"/>
      </object_component>
      <object_component id="oc-5e">
         <name>.debug_line</name>
         <load_address>0x1608</load_address>
         <run_address>0x1608</run_address>
         <size>0x54</size>
         <input_file_ref idref="fl-14"/>
      </object_component>
      <object_component id="oc-65">
         <name>.debug_line</name>
         <load_address>0x165c</load_address>
         <run_address>0x165c</run_address>
         <size>0x51</size>
         <input_file_ref idref="fl-15"/>
      </object_component>
      <object_component id="oc-69">
         <name>.debug_line</name>
         <load_address>0x16ad</load_address>
         <run_address>0x16ad</run_address>
         <size>0x4d</size>
         <input_file_ref idref="fl-16"/>
      </object_component>
      <object_component id="oc-6d">
         <name>.debug_line</name>
         <load_address>0x16fa</load_address>
         <run_address>0x16fa</run_address>
         <size>0x69</size>
         <input_file_ref idref="fl-17"/>
      </object_component>
      <object_component id="oc-71">
         <name>.debug_line</name>
         <load_address>0x1763</load_address>
         <run_address>0x1763</run_address>
         <size>0x58</size>
         <input_file_ref idref="fl-18"/>
      </object_component>
      <object_component id="oc-75">
         <name>.debug_line</name>
         <load_address>0x17bb</load_address>
         <run_address>0x17bb</run_address>
         <size>0x37</size>
         <input_file_ref idref="fl-19"/>
      </object_component>
      <object_component id="oc-79">
         <name>.debug_line</name>
         <load_address>0x17f2</load_address>
         <run_address>0x17f2</run_address>
         <size>0x69</size>
         <input_file_ref idref="fl-1a"/>
      </object_component>
      <object_component id="oc-7f">
         <name>.debug_line</name>
         <load_address>0x185b</load_address>
         <run_address>0x185b</run_address>
         <size>0x57</size>
         <input_file_ref idref="fl-1b"/>
      </object_component>
      <object_component id="oc-85">
         <name>.debug_line</name>
         <load_address>0x18b2</load_address>
         <run_address>0x18b2</run_address>
         <size>0x328</size>
         <input_file_ref idref="fl-1c"/>
      </object_component>
      <object_component id="oc-89">
         <name>.debug_line</name>
         <load_address>0x1bda</load_address>
         <run_address>0x1bda</run_address>
         <size>0x41</size>
         <input_file_ref idref="fl-1d"/>
      </object_component>
      <object_component id="oc-8d">
         <name>.debug_line</name>
         <load_address>0x1c1b</load_address>
         <run_address>0x1c1b</run_address>
         <size>0x46</size>
         <input_file_ref idref="fl-1e"/>
      </object_component>
      <object_component id="oc-91">
         <name>.debug_line</name>
         <load_address>0x1c61</load_address>
         <run_address>0x1c61</run_address>
         <size>0x55</size>
         <input_file_ref idref="fl-1f"/>
      </object_component>
      <object_component id="oc-95">
         <name>.debug_line</name>
         <load_address>0x1cb6</load_address>
         <run_address>0x1cb6</run_address>
         <size>0xad</size>
         <input_file_ref idref="fl-20"/>
      </object_component>
      <object_component id="oc-9f">
         <name>.debug_line</name>
         <load_address>0x1d63</load_address>
         <run_address>0x1d63</run_address>
         <size>0x5b</size>
         <input_file_ref idref="fl-23"/>
      </object_component>
      <object_component id="oc-a3">
         <name>.debug_line</name>
         <load_address>0x1dbe</load_address>
         <run_address>0x1dbe</run_address>
         <size>0x44</size>
         <input_file_ref idref="fl-24"/>
      </object_component>
      <object_component id="oc-a7">
         <name>.debug_line</name>
         <load_address>0x1e02</load_address>
         <run_address>0x1e02</run_address>
         <size>0x3d</size>
         <input_file_ref idref="fl-25"/>
      </object_component>
      <object_component id="oc-ab">
         <name>.debug_line</name>
         <load_address>0x1e3f</load_address>
         <run_address>0x1e3f</run_address>
         <size>0x3d</size>
         <input_file_ref idref="fl-26"/>
      </object_component>
      <object_component id="oc-b0">
         <name>.debug_line</name>
         <load_address>0x1e7c</load_address>
         <run_address>0x1e7c</run_address>
         <size>0x44</size>
         <input_file_ref idref="fl-27"/>
      </object_component>
      <object_component id="oc-b4">
         <name>.debug_line</name>
         <load_address>0x1ec0</load_address>
         <run_address>0x1ec0</run_address>
         <size>0x56</size>
         <input_file_ref idref="fl-28"/>
      </object_component>
      <object_component id="oc-b9">
         <name>.debug_line</name>
         <load_address>0x1f16</load_address>
         <run_address>0x1f16</run_address>
         <size>0xa8</size>
         <input_file_ref idref="fl-29"/>
      </object_component>
      <object_component id="oc-bd">
         <name>.debug_line</name>
         <load_address>0x1fbe</load_address>
         <run_address>0x1fbe</run_address>
         <size>0x40</size>
         <input_file_ref idref="fl-2a"/>
      </object_component>
      <object_component id="oc-c1">
         <name>.debug_line</name>
         <load_address>0x1ffe</load_address>
         <run_address>0x1ffe</run_address>
         <size>0x38</size>
         <input_file_ref idref="fl-2b"/>
      </object_component>
      <object_component id="oc-c5">
         <name>.debug_line</name>
         <load_address>0x2036</load_address>
         <run_address>0x2036</run_address>
         <size>0xa8</size>
         <input_file_ref idref="fl-2c"/>
      </object_component>
      <object_component id="oc-c9">
         <name>.debug_line</name>
         <load_address>0x20de</load_address>
         <run_address>0x20de</run_address>
         <size>0x3c</size>
         <input_file_ref idref="fl-2d"/>
      </object_component>
      <object_component id="oc-cf">
         <name>.debug_line</name>
         <load_address>0x211a</load_address>
         <run_address>0x211a</run_address>
         <size>0x1b0</size>
         <input_file_ref idref="fl-2e"/>
      </object_component>
      <object_component id="oc-d3">
         <name>.debug_line</name>
         <load_address>0x22ca</load_address>
         <run_address>0x22ca</run_address>
         <size>0x40</size>
         <input_file_ref idref="fl-2f"/>
      </object_component>
      <object_component id="oc-d7">
         <name>.debug_line</name>
         <load_address>0x230a</load_address>
         <run_address>0x230a</run_address>
         <size>0x3c</size>
         <input_file_ref idref="fl-30"/>
      </object_component>
      <object_component id="oc-db">
         <name>.debug_line</name>
         <load_address>0x2346</load_address>
         <run_address>0x2346</run_address>
         <size>0x3c</size>
         <input_file_ref idref="fl-31"/>
      </object_component>
      <object_component id="oc-df">
         <name>.debug_line</name>
         <load_address>0x2382</load_address>
         <run_address>0x2382</run_address>
         <size>0x37</size>
         <input_file_ref idref="fl-32"/>
      </object_component>
      <object_component id="oc-e3">
         <name>.debug_line</name>
         <load_address>0x23b9</load_address>
         <run_address>0x23b9</run_address>
         <size>0x3c</size>
         <input_file_ref idref="fl-33"/>
      </object_component>
      <object_component id="oc-e7">
         <name>.debug_line</name>
         <load_address>0x23f5</load_address>
         <run_address>0x23f5</run_address>
         <size>0x44</size>
         <input_file_ref idref="fl-34"/>
      </object_component>
      <object_component id="oc-eb">
         <name>.debug_line</name>
         <load_address>0x2439</load_address>
         <run_address>0x2439</run_address>
         <size>0x37</size>
         <input_file_ref idref="fl-35"/>
      </object_component>
      <object_component id="oc-f0">
         <name>.debug_line</name>
         <load_address>0x2470</load_address>
         <run_address>0x2470</run_address>
         <size>0x15d</size>
         <input_file_ref idref="fl-36"/>
      </object_component>
      <object_component id="oc-f6">
         <name>.debug_line</name>
         <load_address>0x25cd</load_address>
         <run_address>0x25cd</run_address>
         <size>0x6a</size>
         <input_file_ref idref="fl-37"/>
      </object_component>
      <object_component id="oc-fa">
         <name>.debug_line</name>
         <load_address>0x2637</load_address>
         <run_address>0x2637</run_address>
         <size>0x57</size>
         <input_file_ref idref="fl-38"/>
      </object_component>
      <object_component id="oc-fe">
         <name>.debug_line</name>
         <load_address>0x268e</load_address>
         <run_address>0x268e</run_address>
         <size>0x5c</size>
         <input_file_ref idref="fl-39"/>
      </object_component>
      <object_component id="oc-102">
         <name>.debug_line</name>
         <load_address>0x26ea</load_address>
         <run_address>0x26ea</run_address>
         <size>0x3c</size>
         <input_file_ref idref="fl-3a"/>
      </object_component>
      <object_component id="oc-106">
         <name>.debug_line</name>
         <load_address>0x2726</load_address>
         <run_address>0x2726</run_address>
         <size>0x5b</size>
         <input_file_ref idref="fl-3b"/>
      </object_component>
      <object_component id="oc-10a">
         <name>.debug_line</name>
         <load_address>0x2781</load_address>
         <run_address>0x2781</run_address>
         <size>0x3a</size>
         <input_file_ref idref="fl-3c"/>
      </object_component>
      <object_component id="oc-10e">
         <name>.debug_line</name>
         <load_address>0x27bb</load_address>
         <run_address>0x27bb</run_address>
         <size>0x3c</size>
         <input_file_ref idref="fl-3d"/>
      </object_component>
      <object_component id="oc-112">
         <name>.debug_line</name>
         <load_address>0x27f7</load_address>
         <run_address>0x27f7</run_address>
         <size>0x3f</size>
         <input_file_ref idref="fl-3e"/>
      </object_component>
      <object_component id="oc-118">
         <name>.debug_line</name>
         <load_address>0x2836</load_address>
         <run_address>0x2836</run_address>
         <size>0xd7</size>
         <input_file_ref idref="fl-3f"/>
      </object_component>
      <object_component id="oc-11f">
         <name>.debug_line</name>
         <load_address>0x290d</load_address>
         <run_address>0x290d</run_address>
         <size>0x112</size>
         <input_file_ref idref="fl-40"/>
      </object_component>
      <object_component id="oc-123">
         <name>.debug_line</name>
         <load_address>0x2a1f</load_address>
         <run_address>0x2a1f</run_address>
         <size>0x3d</size>
         <input_file_ref idref="fl-41"/>
      </object_component>
      <object_component id="oc-127">
         <name>.debug_line</name>
         <load_address>0x2a5c</load_address>
         <run_address>0x2a5c</run_address>
         <size>0x39</size>
         <input_file_ref idref="fl-42"/>
      </object_component>
      <object_component id="oc-15">
         <name>.debug_abbrev</name>
         <load_address>0x0</load_address>
         <run_address>0x0</run_address>
         <size>0xb5</size>
         <input_file_ref idref="fl-2"/>
      </object_component>
      <object_component id="oc-1c">
         <name>.debug_abbrev</name>
         <load_address>0xb5</load_address>
         <run_address>0xb5</run_address>
         <size>0xf0</size>
         <input_file_ref idref="fl-3"/>
      </object_component>
      <object_component id="oc-21">
         <name>.debug_abbrev</name>
         <load_address>0x1a5</load_address>
         <run_address>0x1a5</run_address>
         <size>0x87</size>
         <input_file_ref idref="fl-4"/>
      </object_component>
      <object_component id="oc-26">
         <name>.debug_abbrev</name>
         <load_address>0x22c</load_address>
         <run_address>0x22c</run_address>
         <size>0xe7</size>
         <input_file_ref idref="fl-5"/>
      </object_component>
      <object_component id="oc-2b">
         <name>.debug_abbrev</name>
         <load_address>0x313</load_address>
         <run_address>0x313</run_address>
         <size>0x134</size>
         <input_file_ref idref="fl-6"/>
      </object_component>
      <object_component id="oc-31">
         <name>.debug_abbrev</name>
         <load_address>0x447</load_address>
         <run_address>0x447</run_address>
         <size>0x1dc</size>
         <input_file_ref idref="fl-7"/>
      </object_component>
      <object_component id="oc-37">
         <name>.debug_abbrev</name>
         <load_address>0x623</load_address>
         <run_address>0x623</run_address>
         <size>0x16e</size>
         <input_file_ref idref="fl-8"/>
      </object_component>
      <object_component id="oc-39">
         <name>.debug_abbrev</name>
         <load_address>0x791</load_address>
         <run_address>0x791</run_address>
         <size>0x73</size>
         <input_file_ref idref="fl-9"/>
      </object_component>
      <object_component id="oc-3e">
         <name>.debug_abbrev</name>
         <load_address>0x804</load_address>
         <run_address>0x804</run_address>
         <size>0x85</size>
         <input_file_ref idref="fl-a"/>
      </object_component>
      <object_component id="oc-47">
         <name>.debug_abbrev</name>
         <load_address>0x889</load_address>
         <run_address>0x889</run_address>
         <size>0x1c8</size>
         <input_file_ref idref="fl-b"/>
      </object_component>
      <object_component id="oc-4c">
         <name>.debug_abbrev</name>
         <load_address>0xa51</load_address>
         <run_address>0xa51</run_address>
         <size>0x20</size>
         <input_file_ref idref="fl-10"/>
      </object_component>
      <object_component id="oc-51">
         <name>.debug_abbrev</name>
         <load_address>0xa71</load_address>
         <run_address>0xa71</run_address>
         <size>0x131</size>
         <input_file_ref idref="fl-11"/>
      </object_component>
      <object_component id="oc-55">
         <name>.debug_abbrev</name>
         <load_address>0xba2</load_address>
         <run_address>0xba2</run_address>
         <size>0x3a</size>
         <input_file_ref idref="fl-12"/>
      </object_component>
      <object_component id="oc-5b">
         <name>.debug_abbrev</name>
         <load_address>0xbdc</load_address>
         <run_address>0xbdc</run_address>
         <size>0x177</size>
         <input_file_ref idref="fl-13"/>
      </object_component>
      <object_component id="oc-5f">
         <name>.debug_abbrev</name>
         <load_address>0xd53</load_address>
         <run_address>0xd53</run_address>
         <size>0x3a</size>
         <input_file_ref idref="fl-14"/>
      </object_component>
      <object_component id="oc-66">
         <name>.debug_abbrev</name>
         <load_address>0xd8d</load_address>
         <run_address>0xd8d</run_address>
         <size>0xf7</size>
         <input_file_ref idref="fl-15"/>
      </object_component>
      <object_component id="oc-6a">
         <name>.debug_abbrev</name>
         <load_address>0xe84</load_address>
         <run_address>0xe84</run_address>
         <size>0x38</size>
         <input_file_ref idref="fl-16"/>
      </object_component>
      <object_component id="oc-6e">
         <name>.debug_abbrev</name>
         <load_address>0xebc</load_address>
         <run_address>0xebc</run_address>
         <size>0x145</size>
         <input_file_ref idref="fl-17"/>
      </object_component>
      <object_component id="oc-72">
         <name>.debug_abbrev</name>
         <load_address>0x1001</load_address>
         <run_address>0x1001</run_address>
         <size>0x38</size>
         <input_file_ref idref="fl-18"/>
      </object_component>
      <object_component id="oc-76">
         <name>.debug_abbrev</name>
         <load_address>0x1039</load_address>
         <run_address>0x1039</run_address>
         <size>0x26</size>
         <input_file_ref idref="fl-19"/>
      </object_component>
      <object_component id="oc-7a">
         <name>.debug_abbrev</name>
         <load_address>0x105f</load_address>
         <run_address>0x105f</run_address>
         <size>0x10e</size>
         <input_file_ref idref="fl-1a"/>
      </object_component>
      <object_component id="oc-80">
         <name>.debug_abbrev</name>
         <load_address>0x116d</load_address>
         <run_address>0x116d</run_address>
         <size>0x9f</size>
         <input_file_ref idref="fl-1b"/>
      </object_component>
      <object_component id="oc-86">
         <name>.debug_abbrev</name>
         <load_address>0x120c</load_address>
         <run_address>0x120c</run_address>
         <size>0x1f8</size>
         <input_file_ref idref="fl-1c"/>
      </object_component>
      <object_component id="oc-8a">
         <name>.debug_abbrev</name>
         <load_address>0x1404</load_address>
         <run_address>0x1404</run_address>
         <size>0xec</size>
         <input_file_ref idref="fl-1d"/>
      </object_component>
      <object_component id="oc-8e">
         <name>.debug_abbrev</name>
         <load_address>0x14f0</load_address>
         <run_address>0x14f0</run_address>
         <size>0xd5</size>
         <input_file_ref idref="fl-1e"/>
      </object_component>
      <object_component id="oc-92">
         <name>.debug_abbrev</name>
         <load_address>0x15c5</load_address>
         <run_address>0x15c5</run_address>
         <size>0x44</size>
         <input_file_ref idref="fl-1f"/>
      </object_component>
      <object_component id="oc-96">
         <name>.debug_abbrev</name>
         <load_address>0x1609</load_address>
         <run_address>0x1609</run_address>
         <size>0xb7</size>
         <input_file_ref idref="fl-20"/>
      </object_component>
      <object_component id="oc-98">
         <name>.debug_abbrev</name>
         <load_address>0x16c0</load_address>
         <run_address>0x16c0</run_address>
         <size>0x68</size>
         <input_file_ref idref="fl-21"/>
      </object_component>
      <object_component id="oc-9c">
         <name>.debug_abbrev</name>
         <load_address>0x1728</load_address>
         <run_address>0x1728</run_address>
         <size>0x83</size>
         <input_file_ref idref="fl-22"/>
      </object_component>
      <object_component id="oc-a0">
         <name>.debug_abbrev</name>
         <load_address>0x17ab</load_address>
         <run_address>0x17ab</run_address>
         <size>0x112</size>
         <input_file_ref idref="fl-23"/>
      </object_component>
      <object_component id="oc-a4">
         <name>.debug_abbrev</name>
         <load_address>0x18bd</load_address>
         <run_address>0x18bd</run_address>
         <size>0xb5</size>
         <input_file_ref idref="fl-24"/>
      </object_component>
      <object_component id="oc-a8">
         <name>.debug_abbrev</name>
         <load_address>0x1972</load_address>
         <run_address>0x1972</run_address>
         <size>0x8f</size>
         <input_file_ref idref="fl-25"/>
      </object_component>
      <object_component id="oc-ac">
         <name>.debug_abbrev</name>
         <load_address>0x1a01</load_address>
         <run_address>0x1a01</run_address>
         <size>0xb7</size>
         <input_file_ref idref="fl-26"/>
      </object_component>
      <object_component id="oc-b1">
         <name>.debug_abbrev</name>
         <load_address>0x1ab8</load_address>
         <run_address>0x1ab8</run_address>
         <size>0xc2</size>
         <input_file_ref idref="fl-27"/>
      </object_component>
      <object_component id="oc-b5">
         <name>.debug_abbrev</name>
         <load_address>0x1b7a</load_address>
         <run_address>0x1b7a</run_address>
         <size>0x103</size>
[...]
      </symbol>
      <symbol id="sm-2c6">
         <name>_SAR_init</name>
         <value>0x14b64</value>
         <object_component_ref idref="oc-4d"/>
      </symbol>
      <symbol id="sm-2c7">
         <name>_SAR_startConversion</name>
         <value>0x1502f</value>
         <object_component_ref idref="oc-4d"/>
      </symbol>
      <symbol id="sm-2d2">
         <name>_IRQ_plug</name>
         <value>0x1a5c4</value>
         <object_component_ref idref="oc-52"/>
      </symbol>
      <symbol id="sm-30d">
         <name>_IRQ_restore</name>
         <value>0x17dda</value>
         <object_component_ref idref="oc-56"/>
      </symbol>
      <symbol id="sm-30e">
         <name>_IRQ_getArg</name>
         <value>0x17e4a</value>
         <object_component_ref idref="oc-56"/>
      </symbol>
      <symbol id="sm-30f">
         <name>_IRQ_setArg</name>
         <value>0x17e8e</value>
         <object_component_ref idref="oc-56"/>
      </symbol>
      <symbol id="sm-310">
         <name>_IRQ_getConfig</name>
         <value>0x17c3c</value>
         <object_component_ref idref="oc-56"/>
      </symbol>
      <symbol id="sm-311">
         <name>_IRQ_test</name>
         <value>0x17f1c</value>
         <object_component_ref idref="oc-56"/>
      </symbol>
      <symbol id="sm-312">
         <name>_IRQ_clear</name>
         <value>0x17b54</value>
         <object_component_ref idref="oc-56"/>
      </symbol>
      <symbol id="sm-313">
         <name>_IRQ_disable</name>
         <value>0x17cc4</value>
         <object_component_ref idref="oc-56"/>
      </symbol>
      <symbol id="sm-314">
         <name>_IRQ_globalRestore</name>
         <value>0x17fc0</value>
         <object_component_ref idref="oc-56"/>
      </symbol>
      <symbol id="sm-315">
         <name>_IRQ_map</name>
         <value>0x17ebf</value>
         <object_component_ref idref="oc-56"/>
      </symbol>
      <symbol id="sm-316">
         <name>_IRQ_clearAll</name>
         <value>0x17ba7</value>
         <object_component_ref idref="oc-56"/>
      </symbol>
      <symbol id="sm-317">
         <name>_IRQ_globalDisable</name>
         <value>0x17f8e</value>
         <object_component_ref idref="oc-56"/>
      </symbol>
      <symbol id="sm-318">
         <name>_IRQ_globalEnable</name>
         <value>0x17fa7</value>
         <object_component_ref idref="oc-56"/>
      </symbol>
      <symbol id="sm-319">
         <name>_IRQ_disableAll</name>
         <value>0x17d42</value>
         <object_component_ref idref="oc-56"/>
      </symbol>
      <symbol id="sm-31a">
         <name>_IRQ_config</name>
         <value>0x17bb7</value>
         <object_component_ref idref="oc-56"/>
      </symbol>
      <symbol id="sm-31b">
         <name>_IRQ_init</name>
         <value>0x17acc</value>
         <object_component_ref idref="oc-56"/>
      </symbol>
      <symbol id="sm-31c">
         <name>_IRQ_enable</name>
         <value>0x17d50</value>
         <object_component_ref idref="oc-56"/>
      </symbol>
      <symbol id="sm-31d">
         <name>_IRQ_setVecs</name>
         <value>0x17eeb</value>
         <object_component_ref idref="oc-56"/>
      </symbol>
      <symbol id="sm-329">
         <name>__sysstack</name>
         <value>0x400</value>
         <object_component_ref idref="oc-129"/>
      </symbol>
      <symbol id="sm-32a">
         <name>_c_int00</name>
         <value>0x1ad74</value>
         <object_component_ref idref="oc-f"/>
      </symbol>
      <symbol id="sm-32b">
         <name>__stack</name>
         <value>0x2000</value>
         <object_component_ref idref="oc-5c"/>
      </symbol>
      <symbol id="sm-33b">
         <name>C$$EXIT</name>
         <value>0x19ff9</value>
         <object_component_ref idref="oc-64"/>
      </symbol>
      <symbol id="sm-33c">
         <name>_exit</name>
         <value>0x1ad36</value>
         <object_component_ref idref="oc-60"/>
      </symbol>
      <symbol id="sm-33d">
         <name>_abort</name>
         <value>0x19ff8</value>
         <object_component_ref idref="oc-64"/>
      </symbol>
      <symbol id="sm-33e">
         <name>__cleanup_ptr</name>
         <value>0x1d80</value>
         <object_component_ref idref="oc-61"/>
      </symbol>
      <symbol id="sm-33f">
         <name>__dtors_ptr</name>
         <value>0x1d84</value>
         <object_component_ref idref="oc-61"/>
      </symbol>
      <symbol id="sm-347">
         <name>_memcpy</name>
         <value>0x1acf7</value>
         <object_component_ref idref="oc-67"/>
      </symbol>
      <symbol id="sm-351">
         <name>_printf</name>
         <value>0x1ab7c</value>
         <object_component_ref idref="oc-6b"/>
      </symbol>
      <symbol id="sm-359">
         <name>__remu</name>
         <value>0x1adbd</value>
         <object_component_ref idref="oc-6f"/>
      </symbol>
      <symbol id="sm-35a">
         <name>__divu</name>
         <value>0x1ada8</value>
         <object_component_ref idref="oc-6f"/>
      </symbol>
      <symbol id="sm-35b">
         <name>I$$UMOD</name>
         <value>0x1adbd</value>
         <object_component_ref idref="oc-6f"/>
      </symbol>
      <symbol id="sm-35c">
         <name>I$$UDIV</name>
         <value>0x1ada8</value>
         <object_component_ref idref="oc-6f"/>
      </symbol>
      <symbol id="sm-366">
         <name>_Reset</name>
         <value>0x200</value>
         <object_component_ref idref="oc-10"/>
      </symbol>
      <symbol id="sm-370">
         <name>_vsprintf</name>
         <value>0x1aa57</value>
         <object_component_ref idref="oc-77"/>
      </symbol>
      <symbol id="sm-37e">
         <name>__unlock</name>
         <value>0x1d7c</value>
         <object_component_ref idref="oc-7c"/>
      </symbol>
      <symbol id="sm-37f">
         <name>__lock</name>
         <value>0x1d78</value>
         <object_component_ref idref="oc-7c"/>
      </symbol>
      <symbol id="sm-380">
         <name>__register_lock</name>
         <value>0x1ae24</value>
         <object_component_ref idref="oc-7b"/>
      </symbol>
      <symbol id="sm-381">
         <name>__nop</name>
         <value>0x1ae2c</value>
         <object_component_ref idref="oc-7b"/>
      </symbol>
      <symbol id="sm-382">
         <name>__register_unlock</name>
         <value>0x1ae1c</value>
         <object_component_ref idref="oc-7b"/>
      </symbol>
      <symbol id="sm-394">
         <name>__printfi</name>
         <value>0x17362</value>
         <object_component_ref idref="oc-81"/>
      </symbol>
      <symbol id="sm-39e">
         <name>__args_main</name>
         <value>0x1ac19</value>
         <object_component_ref idref="oc-87"/>
      </symbol>
      <symbol id="sm-39f">
         <name>__TI_args_main</name>
         <value>0x1</value>
      </symbol>
      <symbol id="sm-3a9">
         <name>_atoi</name>
         <value>0x19f9c</value>
         <object_component_ref idref="oc-8b"/>
      </symbol>
      <symbol id="sm-3b1">
         <name>_auto_init</name>
         <value>0x1abcc</value>
         <object_component_ref idref="oc-8f"/>
      </symbol>
      <symbol id="sm-3bb">
         <name>__eqld</name>
         <value>0x19a8e</value>
         <object_component_ref idref="oc-93"/>
      </symbol>
      <symbol id="sm-3bc">
         <name>__cmpd</name>
         <value>0x19ac2</value>
         <object_component_ref idref="oc-93"/>
      </symbol>
      <symbol id="sm-3bd">
         <name>__neqd</name>
         <value>0x19930</value>
         <object_component_ref idref="oc-93"/>
      </symbol>
      <symbol id="sm-3be">
         <name>__gtrd</name>
         <value>0x199f9</value>
         <object_component_ref idref="oc-93"/>
      </symbol>
      <symbol id="sm-3bf">
         <name>__geqd</name>
         <value>0x19a44</value>
         <object_component_ref idref="oc-93"/>
      </symbol>
      <symbol id="sm-3c0">
         <name>__leqd</name>
         <value>0x199ac</value>
         <object_component_ref idref="oc-93"/>
      </symbol>
      <symbol id="sm-3c1">
         <name>__lssd</name>
         <value>0x19964</value>
         <object_component_ref idref="oc-93"/>
      </symbol>
      <symbol id="sm-3c9">
         <name>__ctypes_</name>
         <value>0x1400</value>
         <object_component_ref idref="oc-12e"/>
      </symbol>
      <symbol id="sm-3d3">
         <name>__tmpnams</name>
         <value>0x1968</value>
         <object_component_ref idref="oc-99"/>
      </symbol>
      <symbol id="sm-3d4">
         <name>__ft_end</name>
         <value>0x1aa8</value>
         <object_component_ref idref="oc-99"/>
      </symbol>
      <symbol id="sm-3d5">
         <name>__ftable</name>
         <value>0x1878</value>
         <object_component_ref idref="oc-99"/>
      </symbol>
      <symbol id="sm-3e1">
         <name>__divd</name>
         <value>0x184b5</value>
         <object_component_ref idref="oc-9d"/>
      </symbol>
      <symbol id="sm-3ec">
         <name>__divul</name>
         <value>0x1a523</value>
         <object_component_ref idref="oc-a1"/>
      </symbol>
      <symbol id="sm-3f6">
         <name>__fixdi</name>
         <value>0x17fd4</value>
         <object_component_ref idref="oc-a5"/>
      </symbol>
      <symbol id="sm-400">
         <name>__fixdli</name>
         <value>0x1a8a3</value>
         <object_component_ref idref="oc-a9"/>
      </symbol>
      <symbol id="sm-40c">
         <name>__fltlid</name>
         <value>0x1aac1</value>
         <object_component_ref idref="oc-ad"/>
      </symbol>
      <symbol id="sm-416">
         <name>_putchar</name>
         <value>0x1a514</value>
         <object_component_ref idref="oc-b2"/>
      </symbol>
      <symbol id="sm-417">
         <name>_putc</name>
         <value>0x1a47d</value>
         <object_component_ref idref="oc-b2"/>
      </symbol>
      <symbol id="sm-418">
         <name>_fputc</name>
         <value>0x1a47d</value>
         <object_component_ref idref="oc-b2"/>
      </symbol>
      <symbol id="sm-426">
         <name>_puts</name>
         <value>0x19e18</value>
         <object_component_ref idref="oc-b6"/>
      </symbol>
      <symbol id="sm-427">
         <name>_fputs</name>
         <value>0x19ce3</value>
         <object_component_ref idref="oc-b6"/>
      </symbol>
      <symbol id="sm-431">
         <name>__frcmpyd_div</name>
         <value>0x1a7be</value>
         <object_component_ref idref="oc-bb"/>
      </symbol>
      <symbol id="sm-43b">
         <name>___isinf</name>
         <value>0x15fe4</value>
         <object_component_ref idref="oc-bf"/>
      </symbol>
      <symbol id="sm-445">
         <name>__divull</name>
         <value>0x195ad</value>
         <object_component_ref idref="oc-c3"/>
      </symbol>
      <symbol id="sm-446">
         <name>__mpylli</name>
         <value>0x194f5</value>
         <object_component_ref idref="oc-c3"/>
      </symbol>
      <symbol id="sm-447">
         <name>__remlli</name>
         <value>0x194c6</value>
         <object_component_ref idref="oc-c3"/>
      </symbol>
      <symbol id="sm-448">
         <name>__divlli</name>
         <value>0x196a1</value>
         <object_component_ref idref="oc-c3"/>
      </symbol>
      <symbol id="sm-449">
         <name>__remull</name>
         <value>0x19478</value>
         <object_component_ref idref="oc-c3"/>
      </symbol>
      <symbol id="sm-451">
         <name>__mpyli</name>
         <value>0x1ae09</value>
         <object_component_ref idref="oc-c7"/>
      </symbol>
      <symbol id="sm-452">
         <name>I$$LMPY</name>
         <value>0x1ae09</value>
         <object_component_ref idref="oc-c7"/>
      </symbol>
      <symbol id="sm-464">
         <name>_add_device</name>
         <value>0x13dc1</value>
         <object_component_ref idref="oc-cb"/>
      </symbol>
      <symbol id="sm-465">
         <name>_rename</name>
         <value>0x13ae3</value>
         <object_component_ref idref="oc-cb"/>
      </symbol>
      <symbol id="sm-466">
         <name>_read</name>
         <value>0x13b72</value>
         <object_component_ref idref="oc-cb"/>
      </symbol>
      <symbol id="sm-467">
         <name>_unlink</name>
         <value>0x13ab0</value>
         <object_component_ref idref="oc-cb"/>
      </symbol>
      <symbol id="sm-468">
         <name>_remove_device</name>
         <value>0x13b3c</value>
         <object_component_ref idref="oc-cb"/>
      </symbol>
      <symbol id="sm-469">
         <name>_open</name>
         <value>0x13c20</value>
         <object_component_ref idref="oc-cb"/>
      </symbol>
      <symbol id="sm-46a">
         <name>_find_registered_device</name>
         <value>0x13d45</value>
         <object_component_ref idref="oc-cb"/>
      </symbol>
      <symbol id="sm-46b">
         <name>_lseek</name>
         <value>0x13cdf</value>
         <object_component_ref idref="oc-cb"/>
      </symbol>
      <symbol id="sm-46c">
         <name>_close</name>
         <value>0x13d4e</value>
         <object_component_ref idref="oc-cb"/>
      </symbol>
      <symbol id="sm-46d">
         <name>_write</name>
         <value>0x1396e</value>
         <object_component_ref idref="oc-cb"/>
      </symbol>
      <symbol id="sm-477">
         <name>_ltoa</name>
         <value>0x1a650</value>
         <object_component_ref idref="oc-d1"/>
      </symbol>
      <symbol id="sm-482">
         <name>_memccpy</name>
         <value>0x1add2</value>
         <object_component_ref idref="oc-d5"/>
      </symbol>
      <symbol id="sm-48c">
         <name>__mpyd</name>
         <value>0x13eb1</value>
         <object_component_ref idref="oc-d9"/>
      </symbol>
      <symbol id="sm-496">
         <name>__negd</name>
         <value>0x1ae2e</value>
         <object_component_ref idref="oc-dd"/>
      </symbol>
      <symbol id="sm-4a0">
         <name>__remli</name>
         <value>0x1ac64</value>
         <object_component_ref idref="oc-e1"/>
      </symbol>
      <symbol id="sm-4ab">
         <name>__remul</name>
         <value>0x1a831</value>
         <object_component_ref idref="oc-e5"/>
      </symbol>
      <symbol id="sm-4b5">
         <name>__subd</name>
         <value>0x1adf5</value>
         <object_component_ref idref="oc-e9"/>
      </symbol>
      <symbol id="sm-4c1">
         <name>_HOSTopen</name>
         <value>0x178af</value>
         <object_component_ref idref="oc-ed"/>
      </symbol>
      <symbol id="sm-4c2">
         <name>_HOSTread</name>
         <value>0x17822</value>
         <object_component_ref idref="oc-ed"/>
      </symbol>
      <symbol id="sm-4c3">
         <name>_HOSTtime</name>
         <value>0x17716</value>
         <object_component_ref idref="oc-ed"/>
      </symbol>
      <symbol id="sm-4c4">
         <name>_getenv</name>
         <value>0x175a4</value>
         <object_component_ref idref="oc-ed"/>
      </symbol>
      <symbol id="sm-4c5">
         <name>_HOSTrename</name>
         <value>0x17774</value>
         <object_component_ref idref="oc-ed"/>
      </symbol>
      <symbol id="sm-4c6">
         <name>_HOSTclock</name>
         <value>0x17a6e</value>
         <object_component_ref idref="oc-ed"/>
      </symbol>
      <symbol id="sm-4c7">
         <name>_HOSTwrite</name>
         <value>0x1761f</value>
         <object_component_ref idref="oc-ed"/>
      </symbol>
      <symbol id="sm-4c8">
         <name>_HOSTlseek</name>
         <value>0x1794e</value>
         <object_component_ref idref="oc-ed"/>
      </symbol>
      <symbol id="sm-4c9">
         <name>_HOSTunlink</name>
         <value>0x176ac</value>
         <object_component_ref idref="oc-ed"/>
      </symbol>
      <symbol id="sm-4ca">
         <name>_HOSTclose</name>
         <value>0x17a03</value>
         <object_component_ref idref="oc-ed"/>
      </symbol>
      <symbol id="sm-4dc">
         <name>C$$IO$$</name>
         <value>0x1a478</value>
         <object_component_ref idref="oc-f5"/>
      </symbol>
      <symbol id="sm-4dd">
         <name>__CIOBUF_</name>
         <value>0x14000</value>
         <object_component_ref idref="oc-f4"/>
      </symbol>
      <symbol id="sm-4de">
         <name>_readmsg</name>
         <value>0x1a97f</value>
         <object_component_ref idref="oc-f2"/>
      </symbol>
      <symbol id="sm-4df">
         <name>_writemsg</name>
         <value>0x1a3c3</value>
         <object_component_ref idref="oc-f5"/>
      </symbol>
      <symbol id="sm-4e9">
         <name>__rd_ok</name>
         <value>0x1a2a4</value>
         <object_component_ref idref="oc-f8"/>
      </symbol>
      <symbol id="sm-4ea">
         <name>__wrt_ok</name>
         <value>0x1a224</value>
         <object_component_ref idref="oc-f8"/>
      </symbol>
      <symbol id="sm-4f4">
         <name>__addd</name>
         <value>0x196d6</value>
         <object_component_ref idref="oc-fc"/>
      </symbol>
      <symbol id="sm-4fe">
         <name>__divli</name>
         <value>0x1acaf</value>
         <object_component_ref idref="oc-100"/>
      </symbol>
      <symbol id="sm-508">
         <name>__doflush</name>
         <value>0x1a301</value>
         <object_component_ref idref="oc-104"/>
      </symbol>
      <symbol id="sm-509">
         <name>_fflush</name>
         <value>0x1a36a</value>
         <object_component_ref idref="oc-104"/>
      </symbol>
      <symbol id="sm-513">
         <name>__frcmpyd</name>
         <value>0x1a748</value>
         <object_component_ref idref="oc-108"/>
      </symbol>
      <symbol id="sm-51d">
         <name>_fseek</name>
         <value>0x1a9ec</value>
         <object_component_ref idref="oc-10c"/>
      </symbol>
      <symbol id="sm-527">
         <name>_setvbuf</name>
         <value>0x1a13e</value>
         <object_component_ref idref="oc-110"/>
      </symbol>
      <symbol id="sm-536">
         <name>__cleanup</name>
         <value>0x1931a</value>
         <object_component_ref idref="oc-114"/>
      </symbol>
      <symbol id="sm-537">
         <name>_fopen</name>
         <value>0x1943d</value>
         <object_component_ref idref="oc-114"/>
      </symbol>
      <symbol id="sm-538">
         <name>_freopen</name>
         <value>0x19374</value>
         <object_component_ref idref="oc-114"/>
      </symbol>
      <symbol id="sm-548">
         <name>__sys_memory</name>
         <value>0x10000</value>
         <object_component_ref idref="oc-11e"/>
      </symbol>
      <symbol id="sm-549">
         <name>_chkheap</name>
         <value>0x18487</value>
         <object_component_ref idref="oc-11a"/>
      </symbol>
      <symbol id="sm-54a">
         <name>_realloc</name>
         <value>0x18226</value>
         <object_component_ref idref="oc-11a"/>
      </symbol>
      <symbol id="sm-54b">
         <name>_free_memory</name>
         <value>0x18431</value>
         <object_component_ref idref="oc-11a"/>
      </symbol>
      <symbol id="sm-54c">
         <name>_max_free</name>
         <value>0x183d7</value>
         <object_component_ref idref="oc-11a"/>
      </symbol>
      <symbol id="sm-54d">
         <name>_free</name>
         <value>0x18000</value>
         <object_component_ref idref="oc-11a"/>
      </symbol>
      <symbol id="sm-54e">
         <name>_calloc</name>
         <value>0x1848f</value>
         <object_component_ref idref="oc-11a"/>
      </symbol>
      <symbol id="sm-54f">
         <name>_malloc</name>
         <value>0x18131</value>
         <object_component_ref idref="oc-11a"/>
      </symbol>
      <symbol id="sm-550">
         <name>_minit</name>
         <value>0x180cc</value>
         <object_component_ref idref="oc-11a"/>
      </symbol>
      <symbol id="sm-55a">
         <name>_fclose</name>
         <value>0x1a6cd</value>
         <object_component_ref idref="oc-121"/>
      </symbol>
      <symbol id="sm-564">
         <name>_remove</name>
         <value>0x1ae48</value>
         <object_component_ref idref="oc-125"/>
      </symbol>
   </symbol_table>
</link_info>
