<?xml version="1.0"?>
<link_info>
   <banner>TMS320C55x Linker Unix v4.4.1</banner>
   <copyright>Copyright (c) 1996-2012 Texas Instruments Incorporated</copyright>
   <link_time>0x54975b63</link_time>
   <output_file>kadev_ecl.out</output_file>
   <entry_point>
      <name>_c_int00</name>
      <address>0x10e42</address>
   </entry_point>
   <input_file_list>
      <input_file id="fl-2">
         <path>./eZ_include/</path>
         <kind>object</kind>
         <file>usbstk5515_led.obj</file>
         <name>usbstk5515_led.obj</name>
      </input_file>
      <input_file id="fl-3">
         <path>./eZ_include/</path>
         <kind>object</kind>
         <file>usbstk5515_i2c.obj</file>
         <name>usbstk5515_i2c.obj</name>
      </input_file>
      <input_file id="fl-4">
         <path>./eZ_include/</path>
         <kind>object</kind>
         <file>usbstk5515_gpio.obj</file>
         <name>usbstk5515_gpio.obj</name>
      </input_file>
      <input_file id="fl-5">
         <path>./eZ_include/</path>
         <kind>object</kind>
         <file>usbstk5515.obj</file>
         <name>usbstk5515.obj</name>
      </input_file>
      <input_file id="fl-6">
         <path>./kadisp/</path>
         <kind>object</kind>
         <file>osd9616.obj</file>
         <name>osd9616.obj</name>
      </input_file>
      <input_file id="fl-7">
         <path>./kadisp/</path>
         <kind>object</kind>
         <file>kadisp.obj</file>
         <name>kadisp.obj</name>
      </input_file>
      <input_file id="fl-8">
         <path>./kadisp/</path>
         <kind>object</kind>
         <file>font_8x6_philippe.obj</file>
         <name>font_8x6_philippe.obj</name>
      </input_file>
      <input_file id="fl-9">
         <path>./src/</path>
         <kind>object</kind>
         <file>main.obj</file>
         <name>main.obj</name>
      </input_file>
      <input_file id="fl-d">
         <path>/km/ti/ccsv5/tools/compiler/c5500_4.4.1/lib/</path>
         <kind>archive</kind>
         <file>rts55h.lib</file>
         <name>boot.obj</name>
      </input_file>
      <input_file id="fl-e">
         <path>/km/ti/ccsv5/tools/compiler/c5500_4.4.1/lib/</path>
         <kind>archive</kind>
         <file>rts55h.lib</file>
         <name>exit.obj</name>
      </input_file>
      <input_file id="fl-f">
         <path>/km/ti/ccsv5/tools/compiler/c5500_4.4.1/lib/</path>
         <kind>archive</kind>
         <file>rts55h.lib</file>
         <name>printf.obj</name>
      </input_file>
      <input_file id="fl-10">
         <path>/km/ti/ccsv5/tools/compiler/c5500_4.4.1/lib/</path>
         <kind>archive</kind>
         <file>rts55h.lib</file>
         <name>udiv.obj</name>
      </input_file>
      <input_file id="fl-11">
         <path>/km/ti/ccsv5/tools/compiler/c5500_4.4.1/lib/</path>
         <kind>archive</kind>
         <file>rts55h.lib</file>
         <name>vectors.obj</name>
      </input_file>
      <input_file id="fl-12">
         <path>/km/ti/ccsv5/tools/compiler/c5500_4.4.1/lib/</path>
         <kind>archive</kind>
         <file>rts55h.lib</file>
         <name>vsprintf.obj</name>
      </input_file>
      <input_file id="fl-13">
         <path>/km/ti/ccsv5/tools/compiler/c5500_4.4.1/lib/</path>
         <kind>archive</kind>
         <file>rts55h.lib</file>
         <name>_lock.obj</name>
      </input_file>
      <input_file id="fl-14">
         <path>/km/ti/ccsv5/tools/compiler/c5500_4.4.1/lib/</path>
         <kind>archive</kind>
         <file>rts55h.lib</file>
         <name>_printfi.obj</name>
      </input_file>
      <input_file id="fl-15">
         <path>/km/ti/ccsv5/tools/compiler/c5500_4.4.1/lib/</path>
         <kind>archive</kind>
         <file>rts55h.lib</file>
         <name>args_main.obj</name>
      </input_file>
      <input_file id="fl-16">
         <path>/km/ti/ccsv5/tools/compiler/c5500_4.4.1/lib/</path>
         <kind>archive</kind>
         <file>rts55h.lib</file>
         <name>atoi.obj</name>
      </input_file>
      <input_file id="fl-17">
         <path>/km/ti/ccsv5/tools/compiler/c5500_4.4.1/lib/</path>
         <kind>archive</kind>
         <file>rts55h.lib</file>
         <name>autoinit.obj</name>
      </input_file>
      <input_file id="fl-18">
         <path>/km/ti/ccsv5/tools/compiler/c5500_4.4.1/lib/</path>
         <kind>archive</kind>
         <file>rts55h.lib</file>
         <name>cmpd.obj</name>
      </input_file>
      <input_file id="fl-19">
         <path>/km/ti/ccsv5/tools/compiler/c5500_4.4.1/lib/</path>
         <kind>archive</kind>
         <file>rts55h.lib</file>
         <name>ctype.obj</name>
      </input_file>
      <input_file id="fl-1a">
         <path>/km/ti/ccsv5/tools/compiler/c5500_4.4.1/lib/</path>
         <kind>archive</kind>
         <file>rts55h.lib</file>
         <name>defs.obj</name>
      </input_file>
      <input_file id="fl-1b">
         <path>/km/ti/ccsv5/tools/compiler/c5500_4.4.1/lib/</path>
         <kind>archive</kind>
         <file>rts55h.lib</file>
         <name>divd.obj</name>
      </input_file>
      <input_file id="fl-1c">
         <path>/km/ti/ccsv5/tools/compiler/c5500_4.4.1/lib/</path>
         <kind>archive</kind>
         <file>rts55h.lib</file>
         <name>divul.obj</name>
      </input_file>
      <input_file id="fl-1d">
         <path>/km/ti/ccsv5/tools/compiler/c5500_4.4.1/lib/</path>
         <kind>archive</kind>
         <file>rts55h.lib</file>
         <name>fixdi.obj</name>
      </input_file>
      <input_file id="fl-1e">
         <path>/km/ti/ccsv5/tools/compiler/c5500_4.4.1/lib/</path>
         <kind>archive</kind>
         <file>rts55h.lib</file>
         <name>fixdli.obj</name>
      </input_file>
      <input_file id="fl-1f">
         <path>/km/ti/ccsv5/tools/compiler/c5500_4.4.1/lib/</path>
         <kind>archive</kind>
         <file>rts55h.lib</file>
         <name>fltlid.obj</name>
      </input_file>
      <input_file id="fl-20">
         <path>/km/ti/ccsv5/tools/compiler/c5500_4.4.1/lib/</path>
         <kind>archive</kind>
         <file>rts55h.lib</file>
         <name>fputc.obj</name>
      </input_file>
      <input_file id="fl-21">
         <path>/km/ti/ccsv5/tools/compiler/c5500_4.4.1/lib/</path>
         <kind>archive</kind>
         <file>rts55h.lib</file>
         <name>fputs.obj</name>
      </input_file>
      <input_file id="fl-22">
         <path>/km/ti/ccsv5/tools/compiler/c5500_4.4.1/lib/</path>
         <kind>archive</kind>
         <file>rts55h.lib</file>
         <name>frcmpyd_div.obj</name>
      </input_file>
      <input_file id="fl-23">
         <path>/km/ti/ccsv5/tools/compiler/c5500_4.4.1/lib/</path>
         <kind>archive</kind>
         <file>rts55h.lib</file>
         <name>isinf.obj</name>
      </input_file>
      <input_file id="fl-24">
         <path>/km/ti/ccsv5/tools/compiler/c5500_4.4.1/lib/</path>
         <kind>archive</kind>
         <file>rts55h.lib</file>
         <name>llmpy.obj</name>
      </input_file>
      <input_file id="fl-25">
         <path>/km/ti/ccsv5/tools/compiler/c5500_4.4.1/lib/</path>
         <kind>archive</kind>
         <file>rts55h.lib</file>
         <name>lmpy.obj</name>
      </input_file>
      <input_file id="fl-26">
         <path>/km/ti/ccsv5/tools/compiler/c5500_4.4.1/lib/</path>
         <kind>archive</kind>
         <file>rts55h.lib</file>
         <name>lowlev.obj</name>
      </input_file>
      <input_file id="fl-27">
         <path>/km/ti/ccsv5/tools/compiler/c5500_4.4.1/lib/</path>
         <kind>archive</kind>
         <file>rts55h.lib</file>
         <name>ltoa.obj</name>
      </input_file>
      <input_file id="fl-28">
         <path>/km/ti/ccsv5/tools/compiler/c5500_4.4.1/lib/</path>
         <kind>archive</kind>
         <file>rts55h.lib</file>
         <name>memccpy.obj</name>
      </input_file>
      <input_file id="fl-29">
         <path>/km/ti/ccsv5/tools/compiler/c5500_4.4.1/lib/</path>
         <kind>archive</kind>
         <file>rts55h.lib</file>
         <name>memcpy.obj</name>
      </input_file>
      <input_file id="fl-2a">
         <path>/km/ti/ccsv5/tools/compiler/c5500_4.4.1/lib/</path>
         <kind>archive</kind>
         <file>rts55h.lib</file>
         <name>mpyd.obj</name>
      </input_file>
      <input_file id="fl-2b">
         <path>/km/ti/ccsv5/tools/compiler/c5500_4.4.1/lib/</path>
         <kind>archive</kind>
         <file>rts55h.lib</file>
         <name>negd.obj</name>
      </input_file>
      <input_file id="fl-2c">
         <path>/km/ti/ccsv5/tools/compiler/c5500_4.4.1/lib/</path>
         <kind>archive</kind>
         <file>rts55h.lib</file>
         <name>remli.obj</name>
      </input_file>
      <input_file id="fl-2d">
         <path>/km/ti/ccsv5/tools/compiler/c5500_4.4.1/lib/</path>
         <kind>archive</kind>
         <file>rts55h.lib</file>
         <name>remul.obj</name>
      </input_file>
      <input_file id="fl-2e">
         <path>/km/ti/ccsv5/tools/compiler/c5500_4.4.1/lib/</path>
         <kind>archive</kind>
         <file>rts55h.lib</file>
         <name>subd.obj</name>
      </input_file>
      <input_file id="fl-2f">
         <path>/km/ti/ccsv5/tools/compiler/c5500_4.4.1/lib/</path>
         <kind>archive</kind>
         <file>rts55h.lib</file>
         <name>trgdrv.obj</name>
      </input_file>
      <input_file id="fl-30">
         <path>/km/ti/ccsv5/tools/compiler/c5500_4.4.1/lib/</path>
         <kind>archive</kind>
         <file>rts55h.lib</file>
         <name>trgmsg.obj</name>
      </input_file>
      <input_file id="fl-31">
         <path>/km/ti/ccsv5/tools/compiler/c5500_4.4.1/lib/</path>
         <kind>archive</kind>
         <file>rts55h.lib</file>
         <name>_io_perm.obj</name>
      </input_file>
      <input_file id="fl-32">
         <path>/km/ti/ccsv5/tools/compiler/c5500_4.4.1/lib/</path>
         <kind>archive</kind>
         <file>rts55h.lib</file>
         <name>addd.obj</name>
      </input_file>
      <input_file id="fl-33">
         <path>/km/ti/ccsv5/tools/compiler/c5500_4.4.1/lib/</path>
         <kind>archive</kind>
         <file>rts55h.lib</file>
         <name>divli.obj</name>
      </input_file>
      <input_file id="fl-34">
         <path>/km/ti/ccsv5/tools/compiler/c5500_4.4.1/lib/</path>
         <kind>archive</kind>
         <file>rts55h.lib</file>
         <name>fflush.obj</name>
      </input_file>
      <input_file id="fl-35">
         <path>/km/ti/ccsv5/tools/compiler/c5500_4.4.1/lib/</path>
         <kind>archive</kind>
         <file>rts55h.lib</file>
         <name>frcmpyd.obj</name>
      </input_file>
      <input_file id="fl-36">
         <path>/km/ti/ccsv5/tools/compiler/c5500_4.4.1/lib/</path>
         <kind>archive</kind>
         <file>rts55h.lib</file>
         <name>fseek.obj</name>
      </input_file>
      <input_file id="fl-37">
         <path>/km/ti/ccsv5/tools/compiler/c5500_4.4.1/lib/</path>
         <kind>archive</kind>
         <file>rts55h.lib</file>
         <name>setvbuf.obj</name>
      </input_file>
      <input_file id="fl-38">
         <path>/km/ti/ccsv5/tools/compiler/c5500_4.4.1/lib/</path>
         <kind>archive</kind>
         <file>rts55h.lib</file>
         <name>fopen.obj</name>
      </input_file>
      <input_file id="fl-39">
         <path>/km/ti/ccsv5/tools/compiler/c5500_4.4.1/lib/</path>
         <kind>archive</kind>
         <file>rts55h.lib</file>
         <name>memory.obj</name>
      </input_file>
      <input_file id="fl-3a">
         <path>/km/ti/ccsv5/tools/compiler/c5500_4.4.1/lib/</path>
         <kind>archive</kind>
         <file>rts55h.lib</file>
         <name>fclose.obj</name>
      </input_file>
      <input_file id="fl-3b">
         <path>/km/ti/ccsv5/tools/compiler/c5500_4.4.1/lib/</path>
         <kind>archive</kind>
         <file>rts55h.lib</file>
         <name>remove.obj</name>
      </input_file>
   </input_file_list>
   <object_component_list>
      <object_component id="oc-b7">
         <name>.text</name>
         <load_address>0x10000</load_address>
         <run_address>0x10000</run_address>
         <size>0x14b</size>
         <input_file_ref idref="fl-2a"/>
      </object_component>
      <object_component id="oc-15">
         <name>.text</name>
         <load_address>0x1014b</load_address>
         <run_address>0x1014b</run_address>
         <size>0x13e</size>
         <input_file_ref idref="fl-3"/>
      </object_component>
      <object_component id="oc-33">
         <name>.text</name>
         <load_address>0x10289</load_address>
         <run_address>0x10289</run_address>
         <size>0xf4</size>
         <input_file_ref idref="fl-9"/>
      </object_component>
      <object_component id="oc-ee">
         <name>.text</name>
         <load_address>0x1037d</load_address>
         <run_address>0x1037d</run_address>
         <size>0xf3</size>
         <input_file_ref idref="fl-37"/>
      </object_component>
      <object_component id="oc-d6">
         <name>.text</name>
         <load_address>0x10470</load_address>
         <run_address>0x10470</run_address>
         <size>0xda</size>
         <input_file_ref idref="fl-31"/>
      </object_component>
      <object_component id="oc-d3">
         <name>.text:CIO_breakpoint</name>
         <load_address>0x1054a</load_address>
         <run_address>0x1054a</run_address>
         <size>0xbe</size>
         <input_file_ref idref="fl-30"/>
      </object_component>
      <object_component id="oc-e2">
         <name>.text</name>
         <load_address>0x10608</load_address>
         <run_address>0x10608</run_address>
         <size>0xba</size>
         <input_file_ref idref="fl-34"/>
      </object_component>
      <object_component id="oc-8c">
         <name>.text</name>
         <load_address>0x106c2</load_address>
         <run_address>0x106c2</run_address>
         <size>0xa2</size>
         <input_file_ref idref="fl-20"/>
      </object_component>
      <object_component id="oc-7b">
         <name>.text</name>
         <load_address>0x10764</load_address>
         <run_address>0x10764</run_address>
         <size>0xa0</size>
         <input_file_ref idref="fl-1c"/>
      </object_component>
      <object_component id="oc-ff">
         <name>.text</name>
         <load_address>0x10804</load_address>
         <run_address>0x10804</run_address>
         <size>0x76</size>
         <input_file_ref idref="fl-3a"/>
      </object_component>
      <object_component id="oc-e6">
         <name>.text</name>
         <load_address>0x1087a</load_address>
         <run_address>0x1087a</run_address>
         <size>0x76</size>
         <input_file_ref idref="fl-35"/>
      </object_component>
      <object_component id="oc-95">
         <name>.text</name>
         <load_address>0x108f0</load_address>
         <run_address>0x108f0</run_address>
         <size>0x73</size>
         <input_file_ref idref="fl-22"/>
      </object_component>
      <object_component id="oc-c3">
         <name>.text</name>
         <load_address>0x10963</load_address>
         <run_address>0x10963</run_address>
         <size>0x70</size>
         <input_file_ref idref="fl-2d"/>
      </object_component>
      <object_component id="oc-83">
         <name>.text</name>
         <load_address>0x109d3</load_address>
         <run_address>0x109d3</run_address>
         <size>0x6e</size>
         <input_file_ref idref="fl-1e"/>
      </object_component>
      <object_component id="oc-d0">
         <name>.text</name>
         <load_address>0x10a41</load_address>
         <run_address>0x10a41</run_address>
         <size>0x6b</size>
         <input_file_ref idref="fl-30"/>
      </object_component>
      <object_component id="oc-ea">
         <name>.text</name>
         <load_address>0x10aac</load_address>
         <run_address>0x10aac</run_address>
         <size>0x68</size>
         <input_file_ref idref="fl-36"/>
      </object_component>
      <object_component id="oc-51">
         <name>.text</name>
         <load_address>0x10b14</load_address>
         <run_address>0x10b14</run_address>
         <size>0x68</size>
         <input_file_ref idref="fl-12"/>
      </object_component>
      <object_component id="oc-87">
         <name>.text</name>
         <load_address>0x10b7c</load_address>
         <run_address>0x10b7c</run_address>
         <size>0x67</size>
         <input_file_ref idref="fl-1f"/>
      </object_component>
      <object_component id="oc-b3">
         <name>.text</name>
         <load_address>0x10be3</load_address>
         <run_address>0x10be3</run_address>
         <size>0x56</size>
         <input_file_ref idref="fl-29"/>
      </object_component>
      <object_component id="oc-21">
         <name>.text</name>
         <load_address>0x10c39</load_address>
         <run_address>0x10c39</run_address>
         <size>0x54</size>
         <input_file_ref idref="fl-5"/>
      </object_component>
      <object_component id="oc-44">
         <name>.text</name>
         <load_address>0x10c8d</load_address>
         <run_address>0x10c8d</run_address>
         <size>0x4e</size>
         <input_file_ref idref="fl-f"/>
      </object_component>
      <object_component id="oc-69">
         <name>.text</name>
         <load_address>0x10cdb</load_address>
         <run_address>0x10cdb</run_address>
         <size>0x4d</size>
         <input_file_ref idref="fl-17"/>
      </object_component>
      <object_component id="oc-bf">
         <name>.text</name>
         <load_address>0x10d28</load_address>
         <run_address>0x10d28</run_address>
         <size>0x4b</size>
         <input_file_ref idref="fl-2c"/>
      </object_component>
      <object_component id="oc-61">
         <name>.text</name>
         <load_address>0x10d73</load_address>
         <run_address>0x10d73</run_address>
         <size>0x49</size>
         <input_file_ref idref="fl-15"/>
      </object_component>
      <object_component id="oc-de">
         <name>.text</name>
         <load_address>0x10dbc</load_address>
         <run_address>0x10dbc</run_address>
         <size>0x48</size>
         <input_file_ref idref="fl-33"/>
      </object_component>
      <object_component id="oc-3d">
         <name>.text</name>
         <load_address>0x10e04</load_address>
         <run_address>0x10e04</run_address>
         <size>0x3e</size>
         <input_file_ref idref="fl-e"/>
      </object_component>
      <object_component id="oc-f">
         <name>.text</name>
         <load_address>0x10e42</load_address>
         <run_address>0x10e42</run_address>
         <size>0x34</size>
         <input_file_ref idref="fl-d"/>
      </object_component>
      <object_component id="oc-7f">
         <name>.text</name>
         <load_address>0x10e76</load_address>
         <run_address>0x10e76</run_address>
         <size>0x2a</size>
         <input_file_ref idref="fl-1d"/>
      </object_component>
      <object_component id="oc-48">
         <name>.text</name>
         <load_address>0x10ea0</load_address>
         <run_address>0x10ea0</run_address>
         <size>0x2a</size>
         <input_file_ref idref="fl-10"/>
      </object_component>
      <object_component id="oc-99">
         <name>.text</name>
         <load_address>0x10eca</load_address>
         <run_address>0x10eca</run_address>
         <size>0x1a</size>
         <input_file_ref idref="fl-23"/>
      </object_component>
      <object_component id="oc-c7">
         <name>.text</name>
         <load_address>0x10ee4</load_address>
         <run_address>0x10ee4</run_address>
         <size>0x14</size>
         <input_file_ref idref="fl-2e"/>
      </object_component>
      <object_component id="oc-a1">
         <name>.text</name>
         <load_address>0x10ef8</load_address>
         <run_address>0x10ef8</run_address>
         <size>0x13</size>
         <input_file_ref idref="fl-25"/>
      </object_component>
      <object_component id="oc-55">
         <name>.text</name>
         <load_address>0x10f0b</load_address>
         <run_address>0x10f0b</run_address>
         <size>0x12</size>
         <input_file_ref idref="fl-13"/>
      </object_component>
      <object_component id="oc-bb">
         <name>.text</name>
         <load_address>0x10f1d</load_address>
         <run_address>0x10f1d</run_address>
         <size>0x10</size>
         <input_file_ref idref="fl-2b"/>
      </object_component>
      <object_component id="oc-103">
         <name>.text</name>
         <load_address>0x10f2d</load_address>
         <run_address>0x10f2d</run_address>
         <size>0xa</size>
         <input_file_ref idref="fl-3b"/>
      </object_component>
      <object_component id="oc-4c">
         <name>.text</name>
         <load_address>0x10f37</load_address>
         <run_address>0x10f37</run_address>
         <size>0x2</size>
         <input_file_ref idref="fl-11"/>
      </object_component>
      <object_component id="oc-5b">
         <name>.text</name>
         <load_address>0x12000</load_address>
         <run_address>0x12000</run_address>
         <size>0x1533</size>
         <input_file_ref idref="fl-14"/>
      </object_component>
      <object_component id="oc-cb">
         <name>.text</name>
         <load_address>0x13533</load_address>
         <run_address>0x13533</run_address>
         <size>0x538</size>
         <input_file_ref idref="fl-2f"/>
      </object_component>
      <object_component id="oc-f8">
         <name>.text</name>
         <load_address>0x13a6b</load_address>
         <run_address>0x13a6b</run_address>
         <size>0x533</size>
         <input_file_ref idref="fl-39"/>
      </object_component>
      <object_component id="oc-65">
         <name>.text</name>
         <load_address>0x13f9e</load_address>
         <run_address>0x13f9e</run_address>
         <size>0x59</size>
         <input_file_ref idref="fl-16"/>
      </object_component>
      <object_component id="oc-41">
         <name>.text:CIO_breakpoint</name>
         <load_address>0x13ff7</load_address>
         <run_address>0x13ff7</run_address>
         <size>0x7</size>
         <input_file_ref idref="fl-e"/>
      </object_component>
      <object_component id="oc-a5">
         <name>.text</name>
         <load_address>0x14330</load_address>
         <run_address>0x14330</run_address>
         <size>0x518</size>
         <input_file_ref idref="fl-26"/>
      </object_component>
      <object_component id="oc-77">
         <name>.text</name>
         <load_address>0x14848</load_address>
         <run_address>0x14848</run_address>
         <size>0x3c7</size>
         <input_file_ref idref="fl-1b"/>
      </object_component>
      <object_component id="oc-26">
         <name>.text</name>
         <load_address>0x14c0f</load_address>
         <run_address>0x14c0f</run_address>
         <size>0x310</size>
         <input_file_ref idref="fl-6"/>
      </object_component>
      <object_component id="oc-2b">
         <name>.text</name>
         <load_address>0x14f1f</load_address>
         <run_address>0x14f1f</run_address>
         <size>0x2a1</size>
         <input_file_ref idref="fl-7"/>
      </object_component>
      <object_component id="oc-f2">
         <name>.text</name>
         <load_address>0x151c0</load_address>
         <run_address>0x151c0</run_address>
         <size>0x26c</size>
         <input_file_ref idref="fl-38"/>
      </object_component>
      <object_component id="oc-9d">
         <name>.text</name>
         <load_address>0x1542c</load_address>
         <run_address>0x1542c</run_address>
         <size>0x25c</size>
         <input_file_ref idref="fl-24"/>
      </object_component>
      <object_component id="oc-da">
         <name>.text</name>
         <load_address>0x15688</load_address>
         <run_address>0x15688</run_address>
         <size>0x257</size>
         <input_file_ref idref="fl-32"/>
      </object_component>
      <object_component id="oc-6d">
         <name>.text</name>
         <load_address>0x158df</load_address>
         <run_address>0x158df</run_address>
         <size>0x1ea</size>
         <input_file_ref idref="fl-18"/>
      </object_component>
      <object_component id="oc-10">
         <name>.text</name>
         <load_address>0x15ac9</load_address>
         <run_address>0x15ac9</run_address>
         <size>0x1c9</size>
         <input_file_ref idref="fl-2"/>
      </object_component>
      <object_component id="oc-90">
         <name>.text</name>
         <load_address>0x15c92</load_address>
         <run_address>0x15c92</run_address>
         <size>0x17b</size>
         <input_file_ref idref="fl-21"/>
      </object_component>
      <object_component id="oc-1c">
         <name>.text</name>
         <load_address>0x15e0d</load_address>
         <run_address>0x15e0d</run_address>
         <size>0x156</size>
         <input_file_ref idref="fl-4"/>
      </object_component>
      <object_component id="oc-ab">
         <name>.text</name>
         <load_address>0x15f63</load_address>
         <run_address>0x15f63</run_address>
         <size>0x79</size>
         <input_file_ref idref="fl-27"/>
      </object_component>
      <object_component id="oc-af">
         <name>.text</name>
         <load_address>0x15fdc</load_address>
         <run_address>0x15fdc</run_address>
         <size>0x22</size>
         <input_file_ref idref="fl-28"/>
      </object_component>
      <object_component id="oc-39">
         <name>.stack</name>
         <uninitialized>true</uninitialized>
         <run_address>0xc0</run_address>
         <size>0x0</size>
         <input_file_ref idref="fl-d"/>
      </object_component>
      <object_component id="oc-121">
         <name>.stack</name>
         <uninitialized>true</uninitialized>
         <run_address>0xc0</run_address>
         <size>0x0</size>
      </object_component>
      <object_component id="oc-107">
         <name>.sysstack</name>
         <uninitialized>true</uninitialized>
         <run_address>0x2c0</run_address>
         <size>0x0</size>
         <input_file_ref idref="fl-d"/>
      </object_component>
      <object_component id="oc-123">
         <name>.sysstack</name>
         <uninitialized>true</uninitialized>
         <run_address>0x2c0</run_address>
         <size>0x0</size>
      </object_component>
      <object_component id="oc-2c">
         <name>.bss</name>
         <uninitialized>true</uninitialized>
         <run_address>0x1434</run_address>
         <size>0x810</size>
         <input_file_ref idref="fl-7"/>
      </object_component>
      <object_component id="oc-73">
         <name>.bss</name>
         <uninitialized>true</uninitialized>
         <run_address>0x1c44</run_address>
         <size>0x232</size>
         <input_file_ref idref="fl-1a"/>
      </object_component>
      <object_component id="oc-f3">
         <name>.bss</name>
         <uninitialized>true</uninitialized>
         <run_address>0x1e76</run_address>
         <size>0x2</size>
         <input_file_ref idref="fl-38"/>
      </object_component>
      <object_component id="oc-a6">
         <name>.bss</name>
         <uninitialized>true</uninitialized>
         <run_address>0x1e78</run_address>
         <size>0xe2</size>
         <input_file_ref idref="fl-26"/>
      </object_component>
      <object_component id="oc-16">
         <name>.bss</name>
         <uninitialized>true</uninitialized>
         <run_address>0x1f5a</run_address>
         <size>0x2</size>
         <input_file_ref idref="fl-3"/>
      </object_component>
      <object_component id="oc-f9">
         <name>.bss</name>
         <uninitialized>true</uninitialized>
         <run_address>0x1f5c</run_address>
         <size>0xe</size>
         <input_file_ref idref="fl-39"/>
      </object_component>
      <object_component id="oc-56">
         <name>.bss</name>
         <uninitialized>true</uninitialized>
         <run_address>0x1f6c</run_address>
         <size>0x8</size>
         <input_file_ref idref="fl-13"/>
      </object_component>
      <object_component id="oc-3e">
         <name>.bss</name>
         <uninitialized>true</uninitialized>
         <run_address>0x1f74</run_address>
         <size>0x8</size>
         <input_file_ref idref="fl-e"/>
      </object_component>
      <object_component id="oc-cc">
         <name>.bss</name>
         <uninitialized>true</uninitialized>
         <run_address>0x10f3c</run_address>
         <size>0x1a0</size>
         <input_file_ref idref="fl-2f"/>
      </object_component>
      <object_component id="oc-108">
         <name>.const:_Font8x6</name>
         <load_address>0x4c0</load_address>
         <run_address>0x4c0</run_address>
         <size>0xc00</size>
         <input_file_ref idref="fl-8"/>
      </object_component>
      <object_component id="oc-109">
         <name>.const:__ctypes_</name>
         <load_address>0x10c0</load_address>
         <run_address>0x10c0</run_address>
         <size>0x202</size>
         <input_file_ref idref="fl-19"/>
      </object_component>
      <object_component id="oc-35">
         <name>.const:.string</name>
         <load_address>0x12c4</load_address>
         <run_address>0x12c4</run_address>
         <size>0xf6</size>
         <input_file_ref idref="fl-9"/>
      </object_component>
      <object_component id="oc-5e">
         <name>.const:.string</name>
         <load_address>0x13bc</load_address>
         <run_address>0x13bc</run_address>
         <size>0x48</size>
         <input_file_ref idref="fl-14"/>
      </object_component>
      <object_component id="oc-5d">
         <name>.const</name>
         <load_address>0x1404</load_address>
         <run_address>0x1404</run_address>
         <size>0x18</size>
         <input_file_ref idref="fl-14"/>
      </object_component>
      <object_component id="oc-10a">
         <name>.const:_initial_approx$1</name>
         <load_address>0x141c</load_address>
         <run_address>0x141c</run_address>
         <size>0x10</size>
         <input_file_ref idref="fl-1b"/>
      </object_component>
      <object_component id="oc-92">
         <name>.const:.string</name>
         <load_address>0x142c</load_address>
         <run_address>0x142c</run_address>
         <size>0x4</size>
         <input_file_ref idref="fl-21"/>
      </object_component>
      <object_component id="oc-89">
         <name>.const</name>
         <load_address>0x1430</load_address>
         <run_address>0x1430</run_address>
         <size>0x4</size>
         <input_file_ref idref="fl-1f"/>
      </object_component>
      <object_component id="oc-fc">
         <name>.sysmem</name>
         <uninitialized>true</uninitialized>
         <run_address>0x110dc</run_address>
         <size>0x0</size>
         <input_file_ref idref="fl-39"/>
      </object_component>
      <object_component id="oc-122">
         <name>.sysmem</name>
         <uninitialized>true</uninitialized>
         <run_address>0x110dc</run_address>
         <size>0x0</size>
      </object_component>
      <object_component id="oc-a8">
         <name>.cinit</name>
         <load_address>0x14240</load_address>
         <run_address>0x14240</run_address>
         <size>0x5a</size>
         <input_file_ref idref="fl-26"/>
      </object_component>
      <object_component id="oc-75">
         <name>.cinit</name>
         <load_address>0x1429a</load_address>
         <run_address>0x1429a</run_address>
         <size>0x54</size>
         <input_file_ref idref="fl-1a"/>
      </object_component>
      <object_component id="oc-58">
         <name>.cinit</name>
         <load_address>0x142ee</load_address>
         <run_address>0x142ee</run_address>
         <size>0x14</size>
         <input_file_ref idref="fl-13"/>
      </object_component>
      <object_component id="oc-40">
         <name>.cinit</name>
         <load_address>0x14302</load_address>
         <run_address>0x14302</run_address>
         <size>0x14</size>
         <input_file_ref idref="fl-e"/>
      </object_component>
      <object_component id="oc-f5">
         <name>.cinit</name>
         <load_address>0x14316</load_address>
         <run_address>0x14316</run_address>
         <size>0x8</size>
         <input_file_ref idref="fl-38"/>
      </object_component>
      <object_component id="oc-fb">
         <name>.cinit</name>
         <load_address>0x1431e</load_address>
         <run_address>0x1431e</run_address>
         <size>0x8</size>
         <input_file_ref idref="fl-39"/>
      </object_component>
      <object_component id="oc-18">
         <name>.cinit</name>
         <load_address>0x14326</load_address>
         <run_address>0x14326</run_address>
         <size>0x8</size>
         <input_file_ref idref="fl-3"/>
      </object_component>
      <object_component id="oc-d2">
         <name>.cio</name>
         <uninitialized>true</uninitialized>
         <run_address>0x14000</run_address>
         <size>0x240</size>
         <input_file_ref idref="fl-30"/>
      </object_component>
      <object_component id="oc-4d">
         <name>vectors</name>
         <load_address>0xffff00</load_address>
         <run_address>0xffff00</run_address>
         <size>0x100</size>
         <input_file_ref idref="fl-11"/>
      </object_component>
      <object_component id="oc-11">
         <name>.debug_info</name>
         <load_address>0x0</load_address>
         <run_address>0x0</run_address>
         <size>0x123e</size>
         <input_file_ref idref="fl-2"/>
      </object_component>
      <object_component id="oc-17">
         <name>.debug_info</name>
         <load_address>0x123e</load_address>
         <run_address>0x123e</run_address>
         <size>0xe05</size>
         <input_file_ref idref="fl-3"/>
      </object_component>
      <object_component id="oc-1d">
         <name>.debug_info</name>
         <load_address>0x2043</load_address>
         <run_address>0x2043</run_address>
         <size>0x9d8</size>
         <input_file_ref idref="fl-4"/>
      </object_component>
      <object_component id="oc-22">
         <name>.debug_info</name>
         <load_address>0x2a1b</load_address>
         <run_address>0x2a1b</run_address>
         <size>0x7f7</size>
         <input_file_ref idref="fl-5"/>
      </object_component>
      <object_component id="oc-27">
         <name>.debug_info</name>
         <load_address>0x3212</load_address>
         <run_address>0x3212</run_address>
         <size>0x2017</size>
         <input_file_ref idref="fl-6"/>
      </object_component>
      <object_component id="oc-2d">
         <name>.debug_info</name>
         <load_address>0x5229</load_address>
         <run_address>0x5229</run_address>
         <size>0x1265</size>
         <input_file_ref idref="fl-7"/>
      </object_component>
      <object_component id="oc-31">
         <name>.debug_info</name>
         <load_address>0x648e</load_address>
         <run_address>0x648e</run_address>
         <size>0x50c</size>
         <input_file_ref idref="fl-8"/>
      </object_component>
      <object_component id="oc-34">
         <name>.debug_info</name>
         <load_address>0x699a</load_address>
         <run_address>0x699a</run_address>
         <size>0x8a0</size>
         <input_file_ref idref="fl-9"/>
      </object_component>
      <object_component id="oc-3a">
         <name>.debug_info</name>
         <load_address>0x723a</load_address>
         <run_address>0x723a</run_address>
         <size>0xe8</size>
         <input_file_ref idref="fl-d"/>
      </object_component>
      <object_component id="oc-3f">
         <name>.debug_info</name>
         <load_address>0x7322</load_address>
         <run_address>0x7322</run_address>
         <size>0x5fb</size>
         <input_file_ref idref="fl-e"/>
      </object_component>
      <object_component id="oc-45">
         <name>.debug_info</name>
         <load_address>0x791d</load_address>
         <run_address>0x791d</run_address>
         <size>0x76c</size>
         <input_file_ref idref="fl-f"/>
      </object_component>
      <object_component id="oc-49">
         <name>.debug_info</name>
         <load_address>0x8089</load_address>
         <run_address>0x8089</run_address>
         <size>0xef</size>
         <input_file_ref idref="fl-10"/>
      </object_component>
      <object_component id="oc-4e">
         <name>.debug_info</name>
         <load_address>0x8178</load_address>
         <run_address>0x8178</run_address>
         <size>0xbc</size>
         <input_file_ref idref="fl-11"/>
      </object_component>
      <object_component id="oc-52">
         <name>.debug_info</name>
         <load_address>0x8234</load_address>
         <run_address>0x8234</run_address>
         <size>0x6dc</size>
         <input_file_ref idref="fl-12"/>
      </object_component>
      <object_component id="oc-57">
         <name>.debug_info</name>
         <load_address>0x8910</load_address>
         <run_address>0x8910</run_address>
         <size>0x5bc</size>
         <input_file_ref idref="fl-13"/>
      </object_component>
      <object_component id="oc-5c">
         <name>.debug_info</name>
         <load_address>0x8ecc</load_address>
         <run_address>0x8ecc</run_address>
         <size>0x27bd</size>
         <input_file_ref idref="fl-14"/>
      </object_component>
      <object_component id="oc-62">
         <name>.debug_info</name>
         <load_address>0xb689</load_address>
         <run_address>0xb689</run_address>
         <size>0x586</size>
         <input_file_ref idref="fl-15"/>
      </object_component>
      <object_component id="oc-66">
         <name>.debug_info</name>
         <load_address>0xbc0f</load_address>
         <run_address>0xbc0f</run_address>
         <size>0x5a4</size>
         <input_file_ref idref="fl-16"/>
      </object_component>
      <object_component id="oc-6a">
         <name>.debug_info</name>
         <load_address>0xc1b3</load_address>
         <run_address>0xc1b3</run_address>
         <size>0xcd</size>
         <input_file_ref idref="fl-17"/>
      </object_component>
      <object_component id="oc-6e">
         <name>.debug_info</name>
         <load_address>0xc280</load_address>
         <run_address>0xc280</run_address>
         <size>0x81f</size>
         <input_file_ref idref="fl-18"/>
      </object_component>
      <object_component id="oc-71">
         <name>.debug_info</name>
         <load_address>0xca9f</load_address>
         <run_address>0xca9f</run_address>
         <size>0x498</size>
         <input_file_ref idref="fl-19"/>
      </object_component>
      <object_component id="oc-74">
         <name>.debug_info</name>
         <load_address>0xcf37</load_address>
         <run_address>0xcf37</run_address>
         <size>0x57e</size>
         <input_file_ref idref="fl-1a"/>
      </object_component>
      <object_component id="oc-78">
         <name>.debug_info</name>
         <load_address>0xd4b5</load_address>
         <run_address>0xd4b5</run_address>
         <size>0x7e8</size>
         <input_file_ref idref="fl-1b"/>
      </object_component>
      <object_component id="oc-7c">
         <name>.debug_info</name>
         <load_address>0xdc9d</load_address>
         <run_address>0xdc9d</run_address>
         <size>0x534</size>
         <input_file_ref idref="fl-1c"/>
      </object_component>
      <object_component id="oc-80">
         <name>.debug_info</name>
         <load_address>0xe1d1</load_address>
         <run_address>0xe1d1</run_address>
         <size>0x4cf</size>
         <input_file_ref idref="fl-1d"/>
      </object_component>
      <object_component id="oc-84">
         <name>.debug_info</name>
         <load_address>0xe6a0</load_address>
         <run_address>0xe6a0</run_address>
         <size>0x534</size>
         <input_file_ref idref="fl-1e"/>
      </object_component>
      <object_component id="oc-88">
         <name>.debug_info</name>
         <load_address>0xebd4</load_address>
         <run_address>0xebd4</run_address>
         <size>0x549</size>
         <input_file_ref idref="fl-1f"/>
      </object_component>
      <object_component id="oc-8d">
         <name>.debug_info</name>
         <load_address>0xf11d</load_address>
         <run_address>0xf11d</run_address>
         <size>0x6aa</size>
         <input_file_ref idref="fl-20"/>
      </object_component>
      <object_component id="oc-91">
         <name>.debug_info</name>
         <load_address>0xf7c7</load_address>
         <run_address>0xf7c7</run_address>
         <size>0x942</size>
         <input_file_ref idref="fl-21"/>
      </object_component>
      <object_component id="oc-96">
         <name>.debug_info</name>
         <load_address>0x10109</load_address>
         <run_address>0x10109</run_address>
         <size>0x53e</size>
         <input_file_ref idref="fl-22"/>
      </object_component>
      <object_component id="oc-9a">
         <name>.debug_info</name>
         <load_address>0x10647</load_address>
         <run_address>0x10647</run_address>
         <size>0x680</size>
         <input_file_ref idref="fl-23"/>
      </object_component>
      <object_component id="oc-9e">
         <name>.debug_info</name>
         <load_address>0x10cc7</load_address>
         <run_address>0x10cc7</run_address>
         <size>0x7d4</size>
         <input_file_ref idref="fl-24"/>
      </object_component>
      <object_component id="oc-a2">
         <name>.debug_info</name>
         <load_address>0x1149b</load_address>
         <run_address>0x1149b</run_address>
         <size>0xbd</size>
         <input_file_ref idref="fl-25"/>
      </object_component>
      <object_component id="oc-a7">
         <name>.debug_info</name>
         <load_address>0x11558</load_address>
         <run_address>0x11558</run_address>
         <size>0x144b</size>
         <input_file_ref idref="fl-26"/>
      </object_component>
      <object_component id="oc-ac">
         <name>.debug_info</name>
         <load_address>0x129a3</load_address>
         <run_address>0x129a3</run_address>
         <size>0x5ad</size>
         <input_file_ref idref="fl-27"/>
      </object_component>
      <object_component id="oc-b0">
         <name>.debug_info</name>
         <load_address>0x12f50</load_address>
         <run_address>0x12f50</run_address>
         <size>0x574</size>
         <input_file_ref idref="fl-28"/>
      </object_component>
      <object_component id="oc-b4">
         <name>.debug_info</name>
         <load_address>0x134c4</load_address>
         <run_address>0x134c4</run_address>
         <size>0xd1</size>
         <input_file_ref idref="fl-29"/>
      </object_component>
      <object_component id="oc-b8">
         <name>.debug_info</name>
         <load_address>0x13595</load_address>
         <run_address>0x13595</run_address>
         <size>0x55b</size>
         <input_file_ref idref="fl-2a"/>
      </object_component>
      <object_component id="oc-bc">
         <name>.debug_info</name>
         <load_address>0x13af0</load_address>
         <run_address>0x13af0</run_address>
         <size>0x4b7</size>
         <input_file_ref idref="fl-2b"/>
      </object_component>
      <object_component id="oc-c0">
         <name>.debug_info</name>
         <load_address>0x13fa7</load_address>
         <run_address>0x13fa7</run_address>
         <size>0x4f2</size>
         <input_file_ref idref="fl-2c"/>
      </object_component>
      <object_component id="oc-c4">
         <name>.debug_info</name>
         <load_address>0x14499</load_address>
         <run_address>0x14499</run_address>
         <size>0x534</size>
         <input_file_ref idref="fl-2d"/>
      </object_component>
      <object_component id="oc-c8">
         <name>.debug_info</name>
         <load_address>0x149cd</load_address>
         <run_address>0x149cd</run_address>
         <size>0x4de</size>
         <input_file_ref idref="fl-2e"/>
      </object_component>
      <object_component id="oc-cd">
         <name>.debug_info</name>
         <load_address>0x14eab</load_address>
         <run_address>0x14eab</run_address>
         <size>0xed4</size>
         <input_file_ref idref="fl-2f"/>
      </object_component>
      <object_component id="oc-d1">
         <name>.debug_info</name>
         <load_address>0x15d7f</load_address>
         <run_address>0x15d7f</run_address>
         <size>0x744</size>
         <input_file_ref idref="fl-30"/>
      </object_component>
      <object_component id="oc-d7">
         <name>.debug_info</name>
         <load_address>0x164c3</load_address>
         <run_address>0x164c3</run_address>
         <size>0x662</size>
         <input_file_ref idref="fl-31"/>
      </object_component>
      <object_component id="oc-db">
         <name>.debug_info</name>
         <load_address>0x16b25</load_address>
         <run_address>0x16b25</run_address>
         <size>0x5ab</size>
         <input_file_ref idref="fl-32"/>
      </object_component>
      <object_component id="oc-df">
         <name>.debug_info</name>
         <load_address>0x170d0</load_address>
         <run_address>0x170d0</run_address>
         <size>0x4f2</size>
         <input_file_ref idref="fl-33"/>
      </object_component>
      <object_component id="oc-e3">
         <name>.debug_info</name>
         <load_address>0x175c2</load_address>
         <run_address>0x175c2</run_address>
         <size>0x706</size>
         <input_file_ref idref="fl-34"/>
      </object_component>
      <object_component id="oc-e7">
         <name>.debug_info</name>
         <load_address>0x17cc8</load_address>
         <run_address>0x17cc8</run_address>
         <size>0x4d2</size>
         <input_file_ref idref="fl-35"/>
      </object_component>
      <object_component id="oc-eb">
         <name>.debug_info</name>
         <load_address>0x1819a</load_address>
         <run_address>0x1819a</run_address>
         <size>0x5f7</size>
         <input_file_ref idref="fl-36"/>
      </object_component>
      <object_component id="oc-ef">
         <name>.debug_info</name>
         <load_address>0x18791</load_address>
         <run_address>0x18791</run_address>
         <size>0x64a</size>
         <input_file_ref idref="fl-37"/>
      </object_component>
      <object_component id="oc-f4">
         <name>.debug_info</name>
         <load_address>0x18ddb</load_address>
         <run_address>0x18ddb</run_address>
         <size>0xa1c</size>
         <input_file_ref idref="fl-38"/>
      </object_component>
      <object_component id="oc-fa">
         <name>.debug_info</name>
         <load_address>0x197f7</load_address>
         <run_address>0x197f7</run_address>
         <size>0xba5</size>
         <input_file_ref idref="fl-39"/>
      </object_component>
      <object_component id="oc-100">
         <name>.debug_info</name>
         <load_address>0x1a39c</load_address>
         <run_address>0x1a39c</run_address>
         <size>0x64f</size>
         <input_file_ref idref="fl-3a"/>
      </object_component>
      <object_component id="oc-104">
         <name>.debug_info</name>
         <load_address>0x1a9eb</load_address>
         <run_address>0x1a9eb</run_address>
         <size>0x510</size>
         <input_file_ref idref="fl-3b"/>
      </object_component>
      <object_component id="oc-130">
         <name>.debug_info</name>
         <load_address>0x1aefb</load_address>
         <run_address>0x1aefb</run_address>
         <size>0x70</size>
      </object_component>
      <object_component id="oc-12">
         <name>.debug_frame</name>
         <load_address>0x0</load_address>
         <run_address>0x0</run_address>
         <size>0x1d9</size>
         <input_file_ref idref="fl-2"/>
      </object_component>
      <object_component id="oc-19">
         <name>.debug_frame</name>
         <load_address>0x1d9</load_address>
         <run_address>0x1d9</run_address>
         <size>0x14a</size>
         <input_file_ref idref="fl-3"/>
      </object_component>
      <object_component id="oc-1e">
         <name>.debug_frame</name>
         <load_address>0x323</load_address>
         <run_address>0x323</run_address>
         <size>0x135</size>
         <input_file_ref idref="fl-4"/>
      </object_component>
      <object_component id="oc-23">
         <name>.debug_frame</name>
         <load_address>0x458</load_address>
         <run_address>0x458</run_address>
         <size>0x116</size>
         <input_file_ref idref="fl-5"/>
      </object_component>
      <object_component id="oc-28">
         <name>.debug_frame</name>
         <load_address>0x56e</load_address>
         <run_address>0x56e</run_address>
         <size>0x28c</size>
         <input_file_ref idref="fl-6"/>
      </object_component>
      <object_component id="oc-2e">
         <name>.debug_frame</name>
         <load_address>0x7fa</load_address>
         <run_address>0x7fa</run_address>
         <size>0x1b5</size>
         <input_file_ref idref="fl-7"/>
      </object_component>
      <object_component id="oc-36">
         <name>.debug_frame</name>
         <load_address>0x9af</load_address>
         <run_address>0x9af</run_address>
         <size>0xe2</size>
         <input_file_ref idref="fl-9"/>
      </object_component>
      <object_component id="oc-13">
         <name>.debug_line</name>
         <load_address>0x0</load_address>
         <run_address>0x0</run_address>
         <size>0x1a8</size>
         <input_file_ref idref="fl-2"/>
      </object_component>
      <object_component id="oc-1a">
         <name>.debug_line</name>
         <load_address>0x1a8</load_address>
         <run_address>0x1a8</run_address>
         <size>0x150</size>
         <input_file_ref idref="fl-3"/>
      </object_component>
      <object_component id="oc-1f">
         <name>.debug_line</name>
         <load_address>0x2f8</load_address>
         <run_address>0x2f8</run_address>
         <size>0x10c</size>
         <input_file_ref idref="fl-4"/>
      </object_component>
      <object_component id="oc-24">
         <name>.debug_line</name>
         <load_address>0x404</load_address>
         <run_address>0x404</run_address>
         <size>0xb1</size>
         <input_file_ref idref="fl-5"/>
      </object_component>
      <object_component id="oc-29">
         <name>.debug_line</name>
         <load_address>0x4b5</load_address>
         <run_address>0x4b5</run_address>
         <size>0x274</size>
         <input_file_ref idref="fl-6"/>
      </object_component>
      <object_component id="oc-2f">
         <name>.debug_line</name>
         <load_address>0x729</load_address>
         <run_address>0x729</run_address>
         <size>0x1a9</size>
         <input_file_ref idref="fl-7"/>
      </object_component>
      <object_component id="oc-37">
         <name>.debug_line</name>
         <load_address>0x8d2</load_address>
         <run_address>0x8d2</run_address>
         <size>0x60</size>
         <input_file_ref idref="fl-9"/>
      </object_component>
      <object_component id="oc-3b">
         <name>.debug_line</name>
         <load_address>0x932</load_address>
         <run_address>0x932</run_address>
         <size>0x54</size>
         <input_file_ref idref="fl-d"/>
      </object_component>
      <object_component id="oc-42">
         <name>.debug_line</name>
         <load_address>0x986</load_address>
         <run_address>0x986</run_address>
         <size>0x51</size>
         <input_file_ref idref="fl-e"/>
      </object_component>
      <object_component id="oc-46">
         <name>.debug_line</name>
         <load_address>0x9d7</load_address>
         <run_address>0x9d7</run_address>
         <size>0x69</size>
         <input_file_ref idref="fl-f"/>
      </object_component>
      <object_component id="oc-4a">
         <name>.debug_line</name>
         <load_address>0xa40</load_address>
         <run_address>0xa40</run_address>
         <size>0x58</size>
         <input_file_ref idref="fl-10"/>
      </object_component>
      <object_component id="oc-4f">
         <name>.debug_line</name>
         <load_address>0xa98</load_address>
         <run_address>0xa98</run_address>
         <size>0x37</size>
         <input_file_ref idref="fl-11"/>
      </object_component>
      <object_component id="oc-53">
         <name>.debug_line</name>
         <load_address>0xacf</load_address>
         <run_address>0xacf</run_address>
         <size>0x69</size>
         <input_file_ref idref="fl-12"/>
      </object_component>
      <object_component id="oc-59">
         <name>.debug_line</name>
         <load_address>0xb38</load_address>
         <run_address>0xb38</run_address>
         <size>0x57</size>
         <input_file_ref idref="fl-13"/>
      </object_component>
      <object_component id="oc-5f">
         <name>.debug_line</name>
         <load_address>0xb8f</load_address>
         <run_address>0xb8f</run_address>
         <size>0x328</size>
         <input_file_ref idref="fl-14"/>
      </object_component>
      <object_component id="oc-63">
         <name>.debug_line</name>
         <load_address>0xeb7</load_address>
         <run_address>0xeb7</run_address>
         <size>0x41</size>
         <input_file_ref idref="fl-15"/>
      </object_component>
      <object_component id="oc-67">
         <name>.debug_line</name>
         <load_address>0xef8</load_address>
         <run_address>0xef8</run_address>
         <size>0x46</size>
         <input_file_ref idref="fl-16"/>
      </object_component>
      <object_component id="oc-6b">
         <name>.debug_line</name>
         <load_address>0xf3e</load_address>
         <run_address>0xf3e</run_address>
         <size>0x55</size>
         <input_file_ref idref="fl-17"/>
      </object_component>
      <object_component id="oc-6f">
         <name>.debug_line</name>
         <load_address>0xf93</load_address>
         <run_address>0xf93</run_address>
         <size>0xad</size>
         <input_file_ref idref="fl-18"/>
      </object_component>
      <object_component id="oc-79">
         <name>.debug_line</name>
         <load_address>0x1040</load_address>
         <run_address>0x1040</run_address>
         <size>0x5b</size>
         <input_file_ref idref="fl-1b"/>
      </object_component>
      <object_component id="oc-7d">
         <name>.debug_line</name>
         <load_address>0x109b</load_address>
         <run_address>0x109b</run_address>
         <size>0x44</size>
         <input_file_ref idref="fl-1c"/>
      </object_component>
      <object_component id="oc-81">
         <name>.debug_line</name>
         <load_address>0x10df</load_address>
         <run_address>0x10df</run_address>
         <size>0x3d</size>
         <input_file_ref idref="fl-1d"/>
      </object_component>
      <object_component id="oc-85">
         <name>.debug_line</name>
         <load_address>0x111c</load_address>
         <run_address>0x111c</run_address>
         <size>0x3d</size>
         <input_file_ref idref="fl-1e"/>
      </object_component>
      <object_component id="oc-8a">
         <name>.debug_line</name>
         <load_address>0x1159</load_address>
         <run_address>0x1159</run_address>
         <size>0x44</size>
         <input_file_ref idref="fl-1f"/>
      </object_component>
      <object_component id="oc-8e">
         <name>.debug_line</name>
         <load_address>0x119d</load_address>
         <run_address>0x119d</run_address>
         <size>0x56</size>
         <input_file_ref idref="fl-20"/>
      </object_component>
      <object_component id="oc-93">
         <name>.debug_line</name>
         <load_address>0x11f3</load_address>
         <run_address>0x11f3</run_address>
         <size>0xa6</size>
         <input_file_ref idref="fl-21"/>
      </object_component>
      <object_component id="oc-97">
         <name>.debug_line</name>
         <load_address>0x1299</load_address>
         <run_address>0x1299</run_address>
         <size>0x40</size>
         <input_file_ref idref="fl-22"/>
      </object_component>
      <object_component id="oc-9b">
         <name>.debug_line</name>
         <load_address>0x12d9</load_address>
         <run_address>0x12d9</run_address>
         <size>0x38</size>
         <input_file_ref idref="fl-23"/>
      </object_component>
      <object_component id="oc-9f">
         <name>.debug_line</name>
         <load_address>0x1311</load_address>
         <run_address>0x1311</run_address>
         <size>0xa8</size>
         <input_file_ref idref="fl-24"/>
      </object_component>
      <object_component id="oc-a3">
         <name>.debug_line</name>
         <load_address>0x13b9</load_address>
         <run_address>0x13b9</run_address>
         <size>0x3c</size>
         <input_file_ref idref="fl-25"/>
      </object_component>
      <object_component id="oc-a9">
         <name>.debug_line</name>
         <load_address>0x13f5</load_address>
         <run_address>0x13f5</run_address>
         <size>0x1b0</size>
         <input_file_ref idref="fl-26"/>
      </object_component>
      <object_component id="oc-ad">
         <name>.debug_line</name>
         <load_address>0x15a5</load_address>
         <run_address>0x15a5</run_address>
         <size>0x40</size>
         <input_file_ref idref="fl-27"/>
      </object_component>
      <object_component id="oc-b1">
         <name>.debug_line</name>
         <load_address>0x15e5</load_address>
         <run_address>0x15e5</run_address>
         <size>0x3a</size>
         <input_file_ref idref="fl-28"/>
      </object_component>
      <object_component id="oc-b5">
         <name>.debug_line</name>
         <load_address>0x161f</load_address>
         <run_address>0x161f</run_address>
         <size>0x54</size>
         <input_file_ref idref="fl-29"/>
      </object_component>
      <object_component id="oc-b9">
         <name>.debug_line</name>
         <load_address>0x1673</load_address>
         <run_address>0x1673</run_address>
         <size>0x3c</size>
         <input_file_ref idref="fl-2a"/>
      </object_component>
      <object_component id="oc-bd">
         <name>.debug_line</name>
         <load_address>0x16af</load_address>
         <run_address>0x16af</run_address>
         <size>0x37</size>
         <input_file_ref idref="fl-2b"/>
      </object_component>
      <object_component id="oc-c1">
         <name>.debug_line</name>
         <load_address>0x16e6</load_address>
         <run_address>0x16e6</run_address>
         <size>0x3c</size>
         <input_file_ref idref="fl-2c"/>
      </object_component>
      <object_component id="oc-c5">
         <name>.debug_line</name>
         <load_address>0x1722</load_address>
         <run_address>0x1722</run_address>
         <size>0x44</size>
         <input_file_ref idref="fl-2d"/>
      </object_component>
      <object_component id="oc-c9">
         <name>.debug_line</name>
         <load_address>0x1766</load_address>
         <run_address>0x1766</run_address>
         <size>0x37</size>
         <input_file_ref idref="fl-2e"/>
      </object_component>
      <object_component id="oc-ce">
         <name>.debug_line</name>
         <load_address>0x179d</load_address>
         <run_address>0x179d</run_address>
         <size>0x15e</size>
         <input_file_ref idref="fl-2f"/>
      </object_component>
      <object_component id="oc-d4">
         <name>.debug_line</name>
         <load_address>0x18fb</load_address>
         <run_address>0x18fb</run_address>
         <size>0x6a</size>
         <input_file_ref idref="fl-30"/>
      </object_component>
      <object_component id="oc-d8">
         <name>.debug_line</name>
         <load_address>0x1965</load_address>
         <run_address>0x1965</run_address>
         <size>0x57</size>
         <input_file_ref idref="fl-31"/>
      </object_component>
      <object_component id="oc-dc">
         <name>.debug_line</name>
         <load_address>0x19bc</load_address>
         <run_address>0x19bc</run_address>
         <size>0x5c</size>
         <input_file_ref idref="fl-32"/>
      </object_component>
      <object_component id="oc-e0">
         <name>.debug_line</name>
         <load_address>0x1a18</load_address>
         <run_address>0x1a18</run_address>
         <size>0x3c</size>
         <input_file_ref idref="fl-33"/>
      </object_component>
      <object_component id="oc-e4">
         <name>.debug_line</name>
         <load_address>0x1a54</load_address>
         <run_address>0x1a54</run_address>
         <size>0x5b</size>
         <input_file_ref idref="fl-34"/>
      </object_component>
      <object_component id="oc-e8">
         <name>.debug_line</name>
         <load_address>0x1aaf</load_address>
         <run_address>0x1aaf</run_address>
         <size>0x3a</size>
         <input_file_ref idref="fl-35"/>
      </object_component>
      <object_component id="oc-ec">
         <name>.debug_line</name>
         <load_address>0x1ae9</load_address>
         <run_address>0x1ae9</run_address>
         <size>0x3c</size>
         <input_file_ref idref="fl-36"/>
      </object_component>
      <object_component id="oc-f0">
         <name>.debug_line</name>
         <load_address>0x1b25</load_address>
         <run_address>0x1b25</run_address>
         <size>0x40</size>
         <input_file_ref idref="fl-37"/>
      </object_component>
      <object_component id="oc-f6">
         <name>.debug_line</name>
         <load_address>0x1b65</load_address>
         <run_address>0x1b65</run_address>
         <size>0xd7</size>
         <input_file_ref idref="fl-38"/>
      </object_component>
      <object_component id="oc-fd">
         <name>.debug_line</name>
         <load_address>0x1c3c</load_address>
         <run_address>0x1c3c</run_address>
         <size>0x112</size>
         <input_file_ref idref="fl-39"/>
      </object_component>
      <object_component id="oc-101">
         <name>.debug_line</name>
         <load_address>0x1d4e</load_address>
         <run_address>0x1d4e</run_address>
         <size>0x3d</size>
         <input_file_ref idref="fl-3a"/>
      </object_component>
      <object_component id="oc-105">
         <name>.debug_line</name>
         <load_address>0x1d8b</load_address>
         <run_address>0x1d8b</run_address>
         <size>0x39</size>
         <input_file_ref idref="fl-3b"/>
      </object_component>
      <object_component id="oc-14">
         <name>.debug_abbrev</name>
         <load_address>0x0</load_address>
         <run_address>0x0</run_address>
         <size>0xb5</size>
         <input_file_ref idref="fl-2"/>
      </object_component>
      <object_component id="oc-1b">
         <name>.debug_abbrev</name>
         <load_address>0xb5</load_address>
         <run_address>0xb5</run_address>
         <size>0xf0</size>
         <input_file_ref idref="fl-3"/>
      </object_component>
      <object_component id="oc-20">
         <name>.debug_abbrev</name>
         <load_address>0x1a5</load_address>
         <run_address>0x1a5</run_address>
         <size>0x87</size>
         <input_file_ref idref="fl-4"/>
      </object_component>
      <object_component id="oc-25">
         <name>.debug_abbrev</name>
         <load_address>0x22c</load_address>
         <run_address>0x22c</run_address>
         <size>0xe7</size>
         <input_file_ref idref="fl-5"/>
      </object_component>
      <object_component id="oc-2a">
         <name>.debug_abbrev</name>
         <load_address>0x313</load_address>
         <run_address>0x313</run_address>
         <size>0x134</size>
         <input_file_ref idref="fl-6"/>
      </object_component>
      <object_component id="oc-30">
         <name>.debug_abbrev</name>
         <load_address>0x447</load_address>
         <run_address>0x447</run_address>
         <size>0x160</size>
         <input_file_ref idref="fl-7"/>
      </object_component>
      <object_component id="oc-32">
         <name>.debug_abbrev</name>
         <load_address>0x5a7</load_address>
         <run_address>0x5a7</run_address>
         <size>0x73</size>
         <input_file_ref idref="fl-8"/>
      </object_component>
      <object_component id="oc-38">
         <name>.debug_abbrev</name>
         <load_address>0x61a</load_address>
         <run_address>0x61a</run_address>
         <size>0x100</size>
         <input_file_ref idref="fl-9"/>
      </object_component>
      <object_component id="oc-3c">
         <name>.debug_abbrev</name>
         <load_address>0x71a</load_address>
         <run_address>0x71a</run_address>
         <size>0x3a</size>
         <input_file_ref idref="fl-d"/>
      </object_component>
      <object_component id="oc-43">
         <name>.debug_abbrev</name>
         <load_address>0x754</load_address>
         <run_address>0x754</run_address>
         <size>0xf7</size>
         <input_file_ref idref="fl-e"/>
      </object_component>
      <object_component id="oc-47">
         <name>.debug_abbrev</name>
         <load_address>0x84b</load_address>
         <run_address>0x84b</run_address>
         <size>0x145</size>
         <input_file_ref idref="fl-f"/>
      </object_component>
      <object_component id="oc-4b">
         <name>.debug_abbrev</name>
         <load_address>0x990</load_address>
         <run_address>0x990</run_address>
         <size>0x38</size>
         <input_file_ref idref="fl-10"/>
      </object_component>
      <object_component id="oc-50">
         <name>.debug_abbrev</name>
         <load_address>0x9c8</load_address>
         <run_address>0x9c8</run_address>
         <size>0x26</size>
         <input_file_ref idref="fl-11"/>
      </object_component>
      <object_component id="oc-54">
         <name>.debug_abbrev</name>
         <load_address>0x9ee</load_address>
         <run_address>0x9ee</run_address>
         <size>0x10e</size>
         <input_file_ref idref="fl-12"/>
      </object_component>
      <object_component id="oc-5a">
         <name>.debug_abbrev</name>
         <load_address>0xafc</load_address>
         <run_address>0xafc</run_address>
         <size>0x9f</size>
         <input_file_ref idref="fl-13"/>
      </object_component>
      <object_component id="oc-60">
         <name>.debug_abbrev</name>
         <load_address>0xb9b</load_address>
         <run_address>0xb9b</run_address>
         <size>0x1f8</size>
         <input_file_ref idref="fl-14"/>
      </object_component>
      <object_component id="oc-64">
         <name>.debug_abbrev</name>
         <load_address>0xd93</load_address>
         <run_address>0xd93</run_address>
         <size>0xec</size>
         <input_file_ref idref="fl-15"/>
      </object_component>
      <object_component id="oc-68">
         <name>.debug_abbrev</name>
         <load_address>0xe7f</load_address>
         <run_address>0xe7f</run_address>
         <size>0xd5</size>
         <input_file_ref idref="fl-16"/>
      </object_component>
      <object_component id="oc-6c">
         <name>.debug_abbrev</name>
         <load_address>0xf54</load_address>
         <run_address>0xf54</run_address>
         <size>0x44</size>
         <input_file_ref idref="fl-17"/>
      </object_component>
      <object_component id="oc-70">
         <name>.debug_abbrev</name>
         <load_address>0xf98</load_address>
         <run_address>0xf98</run_address>
         <size>0xb7</size>
         <input_file_ref idref="fl-18"/>
      </object_component>
      <object_component id="oc-72">
         <name>.debug_abbrev</name>
         <load_address>0x104f</load_address>
         <run_address>0x104f</run_address>
         <size>0x68</size>
         <input_file_ref idref="fl-19"/>
      </object_component>
      <object_component id="oc-76">
         <name>.debug_abbrev</name>
         <load_address>0x10b7</load_address>
         <run_address>0x10b7</run_address>
         <size>0x83</size>
         <input_file_ref idref="fl-1a"/>
      </object_component>
      <object_component id="oc-7a">
         <name>.debug_abbrev</name>
         <load_address>0x113a</load_address>
         <run_address>0x113a</run_address>
         <size>0x112</size>
         <input_file_ref idref="fl-1b"/>
      </object_component>
      <object_component id="oc-7e">
         <name>.debug_abbrev</name>
         <load_address>0x124c</load_address>
         <run_address>0x124c</run_address>
         <size>0xb5</size>
         <input_file_ref idref="fl-1c"/>
      </object_component>
      <object_component id="oc-82">
         <name>.debug_abbrev</name>
         <load_address>0x1301</load_address>
         <run_address>0x1301</run_address>
         <size>0x8f</size>
         <input_file_ref idref="fl-1d"/>
      </object_component>
      <object_component id="oc-86">
         <name>.debug_abbrev</name>
         <load_address>0x1390</load_address>
         <run_address>0x1390</run_address>
         <size>0xb7</size>
         <input_file_ref idref="fl-1e"/>
      </object_component>
      <object_component id="oc-8b">
         <name>.debug_abbrev</name>
         <load_address>0x1447</load_address>
         <run_address>0x1447</run_address>
         <size>0xc2</size>
         <input_file_ref idref="fl-1f"/>
      </object_component>
      <object_component id="oc-8f">
         <name>.debug_abbrev</name>
         <load_address>0x1509</load_address>
         <run_address>0x1509</run_address>
         <size>0x103</size>
         <input_file_ref idref="fl-20"/>
      </object_component>
      <object_component id="oc-94">
         <name>.debug_abbrev</name>
         <load_address>0x160c</load_address>
         <run_address>0x160c</run_address>
         <size>0x140</size>
         <input_file_ref idref="fl-21"/>
      </object_component>
      <object_component id="oc-98">
         <name>.debug_abbrev</name>
         <load_address>0x174c</load_address>
         <run_address>0x174c</run_address>
         <size>0x9a</size>
         <input_file_ref idref="fl-22"/>
      </object_component>
      <object_component id="oc-9c">
         <name>.debug_abbrev</name>
         <load_address>0x17e6</load_address>
         <run_address>0x17e6</run_address>
         <size>0xd0</size>
         <input_file_ref idref="fl-23"/>
      </object_component>
      <object_component id="oc-a0">
         <name>.debug_abbrev</name>
         <load_address>0x18b6</load_address>
         <run_address>0x18b6</run_address>
         <size>0xb7</size>
         <input_file_ref idref="fl-24"/>
      </object_component>
      <object_component id="oc-a4">
         <name>.debug_abbrev</name>
         <load_address>0x196d</load_address>
         <run_address>0x196d</run_address>
         <size>0x38</size>
         <input_file_ref idref="fl-25"/>
      </object_component>
      <object_component id="oc-aa">
         <name>.debug_abbrev</name>
         <load_address>0x19a5</load_address>
         <run_address>0x19a5</run_address>
         <size>0x225</size>
         <input_file_ref idref="fl-26"/>
      </object_component>
      <object_component id="oc-ae">
         <name>.debug_abbrev</name>
         <load_address>0x1bca</load_address>
         <run_address>0x1bca</run_address>
         <size>0xec</size>
         <input_file_ref idref="fl-27"/>
      </object_component>
      <object_component id="oc-b2">
         <name>.debug_abbrev</name>
         <load_address>0x1cb6</load_address>
         <run_address>0x1cb6</run_address>
         <size>0xb7</size>
         <input_file_ref idref="fl-28"/>
      </object_component>
      <object_component id="oc-b6">
         <name>.debug_abbrev</name>
         <load_address>0x1d6d</load_address>
         <run_address>0x1d6d</run_address>
         <size>0x38</size>
         <input_file_ref idref="fl-29"/>
      </object_component>
      <object_component id="oc-ba">
         <name>.debug_abbrev</name>
         <load_address>0x1da5</load_address>
         <run_address>0x1da5</run_address>
         <size>0xdc</size>
         <input_file_ref idref="fl-2a"/>
      </object_component>
      <object_component id="oc-be">
         <name>.debug_abbrev</name>
         <load_address>0x1e81</load_address>
         <run_address>0x1e81</run_address>
         <size>0x81</size>
         <input_file_ref idref="fl-2b"/>
      </object_component>
      <object_component id="oc-c2">
         <name>.debug_abbrev</name>
         <load_address>0x1f02</load_address>
         <run_address>0x1f02</run_address>
         <size>0xa6</size>
         <input_file_ref idref="fl-2c"/>
      </object_component>
      <object_component id="oc-c6">
         <name>.debug_abbrev</name>
         <load_address>0x1fa8</load_address>
         <run_address>0x1fa8</run_address>
         <size>0xb5</size>
         <input_file_ref idref="fl-2d"/>
      </object_component>
      <object_component id="oc-ca">
         <name>.debug_abbrev</name>
         <load_address>0x205d</load_address>
         <run_address>0x205d</run_address>
         <size>0x8f</size>
         <input_file_ref idref="fl-2e"/>
      </object_component>
      <object_component id="oc-cf">
         <name>.debug_abbrev</name>
         <load_address>0x20ec</load_address>
         <run_address>0x20ec</run_address>
         <size>0x15a</size>
         <input_file_ref idref="fl-2f"/>
      </object_component>
      <object_component id="oc-d5">
         <name>.debug_abbrev</name>
         <load_address>0x2246</load_address>
         <run_address>0x2246</run_address>
         <size>0xde</size>
         <input_file_ref idref="fl-30"/>
      </object_component>
      <object_component id="oc-d9">
         <name>.debug_abbrev</name>
         <load_address>0x2324</load_address>
         <run_address>0x2324</run_address>
         <size>0xd1</size>
         <input_file_ref idref="fl-31"/>
      </object_component>
      <object_component id="oc-dd">
         <name>.debug_abbrev</name>
         <load_address>0x23f5</load_address>
         <run_address>0x23f5</run_address>
         <size>0xd4</size>
         <input_file_ref idref="fl-32"/>
      </object_component>
      <object_component id="oc-e1">
         <name>.debug_abbrev</name>
         <load_address>0x24c9</load_address>
         <run_address>0x24c9</run_address>
         <size>0xa6</size>
         <input_file_ref idref="fl-33"/>
      </object_component>
      <object_component id="oc-e5">
         <name>.debug_abbrev</name>
         <load_address>0x256f</load_address>
         <run_address>0x256f</run_address>
         <size>0x136</size>
         <input_file_ref idref="fl-34"/>
      </object_component>
      <object_component id="oc-e9">
         <name>.debug_abbrev</name>
         <load_address>0x26a5</load_address>
         <run_address>0x26a5</run_address>
         <size>0x81</size>
         <input_file_ref idref="fl-35"/>
      </object_component>
      <object_component id="oc-ed">
         <name>.debug_abbrev</name>
         <load_address>0x2726</load_address>
         <run_address>0x2726</run_address>
         <size>0xd1</size>
         <input_file_ref idref="fl-36"/>
      </object_component>
      <object_component id="oc-f1">
         <name>.debug_abbrev</name>
         <load_address>0x27f7</load_address>
         <run_address>0x27f7</run_address>
         <size>0x10b</size>
         <input_file_ref idref="fl-37"/>
      </object_component>
      <object_component id="oc-f7">
         <name>.debug_abbrev</name>
         <load_address>0x2902</load_address>
         <run_address>0x2902</run_address>
         <size>0x1a2</size>
         <input_file_ref idref="fl-38"/>
      </object_component>
      <object_component id="oc-fe">
         <name>.debug_abbrev</name>
         <load_address>0x2aa4</load_address>
         <run_address>0x2aa4</run_address>
         <size>0x1de</size>
         <input_file_ref idref="fl-39"/>
      </object_component>
      <object_component id="oc-102">
         <name>.debug_abbrev</name>
         <load_address>0x2c82</load_address>
         <run_address>0x2c82</run_address>
         <size>0x118</size>
         <input_file_ref idref="fl-3a"/>
      </object_component>
      <object_component id="oc-106">
         <name>.debug_abbrev</name>
         <load_address>0x2d9a</load_address>
         <run_address>0x2d9a</run_address>
         <size>0xbf</size>
         <input_file_ref idref="fl-3b"/>
      </object_component>
      <object_component id="oc-131">
         <name>.debug_abbrev</name>
         <load_address>0x2e59</load_address>
         <run_address>0x2e59</run_address>
         <size>0xd</size>
      </object_component>
   </object_component_list>
   <logical_group_list>
      <logical_group id="lg-127">
         <name>.text.1</name>
         <load_address>0x10000</load_address>
         <run_address>0x10000</run_address>
         <size>0xf3a</size>
         <contents>
            <object_component_ref idref="oc-b7"/>
            <object_component_ref idref="oc-15"/>
            <object_component_ref idref="oc-33"/>
            <object_component_ref idref="oc-ee"/>
            <object_component_ref idref="oc-d6"/>
            <object_component_ref idref="oc-d3"/>
            <object_component_ref idref="oc-e2"/>
            <object_component_ref idref="oc-8c"/>
            <object_component_ref idref="oc-7b"/>
            <object_component_ref idref="oc-ff"/>
            <object_component_ref idref="oc-e6"/>
            <object_component_ref idref="oc-95"/>
            <object_component_ref idref="oc-c3"/>
            <object_component_ref idref="oc-83"/>
            <object_component_ref idref="oc-d0"/>
            <object_component_ref idref="oc-ea"/>
            <object_component_ref idref="oc-51"/>
            <object_component_ref idref="oc-87"/>
            <object_component_ref idref="oc-b3"/>
            <object_component_ref idref="oc-21"/>
            <object_component_ref idref="oc-44"/>
            <object_component_ref idref="oc-69"/>
            <object_component_ref idref="oc-bf"/>
            <object_component_ref idref="oc-61"/>
            <object_component_ref idref="oc-de"/>
            <object_component_ref idref="oc-3d"/>
            <object_component_ref idref="oc-f"/>
            <object_component_ref idref="oc-7f"/>
            <object_component_ref idref="oc-48"/>
            <object_component_ref idref="oc-99"/>
            <object_component_ref idref="oc-c7"/>
            <object_component_ref idref="oc-a1"/>
            <object_component_ref idref="oc-55"/>
            <object_component_ref idref="oc-bb"/>
            <object_component_ref idref="oc-103"/>
            <object_component_ref idref="oc-4c"/>
         </contents>
      </logical_group>
      <logical_group id="lg-128">
         <name>.text.2</name>
         <load_address>0x12000</load_address>
         <run_address>0x12000</run_address>
         <size>0x1fff</size>
         <contents>
            <object_component_ref idref="oc-5b"/>
            <object_component_ref idref="oc-cb"/>
            <object_component_ref idref="oc-f8"/>
            <object_component_ref idref="oc-65"/>
            <object_component_ref idref="oc-41"/>
         </contents>
      </logical_group>
      <logical_group id="lg-129">
         <name>.text.3</name>
         <load_address>0x14330</load_address>
         <run_address>0x14330</run_address>
         <size>0x1ccf</size>
         <contents>
            <object_component_ref idref="oc-a5"/>
            <object_component_ref idref="oc-77"/>
            <object_component_ref idref="oc-26"/>
            <object_component_ref idref="oc-2b"/>
            <object_component_ref idref="oc-f2"/>
            <object_component_ref idref="oc-9d"/>
            <object_component_ref idref="oc-da"/>
            <object_component_ref idref="oc-6d"/>
            <object_component_ref idref="oc-10"/>
            <object_component_ref idref="oc-90"/>
            <object_component_ref idref="oc-1c"/>
            <object_component_ref idref="oc-ab"/>
            <object_component_ref idref="oc-af"/>
         </contents>
      </logical_group>
      <split_section id="lg-2">
         <name>.text</name>
         <contents>
            <logical_group_ref idref="lg-127"/>
            <logical_group_ref idref="lg-128"/>
            <logical_group_ref idref="lg-129"/>
[...]
      </symbol>
      <symbol id="sm-de">
         <name>_SSD1780_set_PAM_page_addres</name>
         <value>0x14d29</value>
         <object_component_ref idref="oc-26"/>
      </symbol>
      <symbol id="sm-df">
         <name>_SSD1780_init</name>
         <value>0x14c0f</value>
         <object_component_ref idref="oc-26"/>
      </symbol>
      <symbol id="sm-e0">
         <name>_SSD1780_set_display_start_line</name>
         <value>0x14d92</value>
         <object_component_ref idref="oc-26"/>
      </symbol>
      <symbol id="sm-e1">
         <name>_SSD1780_send_data</name>
         <value>0x14ce2</value>
         <object_component_ref idref="oc-26"/>
      </symbol>
      <symbol id="sm-e2">
         <name>_SSD1780_set_PAM_column_start_addres</name>
         <value>0x14cfe</value>
         <object_component_ref idref="oc-26"/>
      </symbol>
      <symbol id="sm-e3">
         <name>_SSD1780_setup_vertical_and_horizontal_scroll</name>
         <value>0x14de9</value>
         <object_component_ref idref="oc-26"/>
      </symbol>
      <symbol id="sm-e4">
         <name>_SSD1780_set_contrast</name>
         <value>0x14e58</value>
         <object_component_ref idref="oc-26"/>
      </symbol>
      <symbol id="sm-e5">
         <name>_SSD1780_setup_horizontal_scroll</name>
         <value>0x14da5</value>
         <object_component_ref idref="oc-26"/>
      </symbol>
      <symbol id="sm-114">
         <name>_KaDisp_send_page_buffer</name>
         <value>0x1515d</value>
         <object_component_ref idref="oc-2b"/>
      </symbol>
      <symbol id="sm-115">
         <name>_KaDisp_init</name>
         <value>0x14f1f</value>
         <object_component_ref idref="oc-2b"/>
      </symbol>
      <symbol id="sm-116">
         <name>_KaDisp_static_text</name>
         <value>0x14fcc</value>
         <object_component_ref idref="oc-2b"/>
      </symbol>
      <symbol id="sm-117">
         <name>_KaDisp_test_pattern</name>
         <value>0x150cd</value>
         <object_component_ref idref="oc-2b"/>
      </symbol>
      <symbol id="sm-118">
         <name>_KaDisp_text</name>
         <value>0x14f8e</value>
         <object_component_ref idref="oc-2b"/>
      </symbol>
      <symbol id="sm-119">
         <name>_KaDisp_clear</name>
         <value>0x14f2c</value>
         <object_component_ref idref="oc-2b"/>
      </symbol>
      <symbol id="sm-11a">
         <name>_g_page</name>
         <value>0x1434</value>
         <object_component_ref idref="oc-2c"/>
      </symbol>
      <symbol id="sm-11b">
         <name>_KaDisp_send_all_page_buffers</name>
         <value>0x1519a</value>
         <object_component_ref idref="oc-2b"/>
      </symbol>
      <symbol id="sm-11c">
         <name>_KaDisp_scroll_to_page</name>
         <value>0x15145</value>
         <object_component_ref idref="oc-2b"/>
      </symbol>
      <symbol id="sm-124">
         <name>_Font8x6</name>
         <value>0x4c0</value>
         <object_component_ref idref="oc-108"/>
      </symbol>
      <symbol id="sm-142">
         <name>_main</name>
         <value>0x10289</value>
         <object_component_ref idref="oc-33"/>
      </symbol>
      <symbol id="sm-14e">
         <name>__sysstack</name>
         <value>0x2c0</value>
         <object_component_ref idref="oc-107"/>
      </symbol>
      <symbol id="sm-14f">
         <name>_c_int00</name>
         <value>0x10e42</value>
         <object_component_ref idref="oc-f"/>
      </symbol>
      <symbol id="sm-150">
         <name>__stack</name>
         <value>0xc0</value>
         <object_component_ref idref="oc-39"/>
      </symbol>
      <symbol id="sm-160">
         <name>C$$EXIT</name>
         <value>0x13ff8</value>
         <object_component_ref idref="oc-41"/>
      </symbol>
      <symbol id="sm-161">
         <name>_exit</name>
         <value>0x10e04</value>
         <object_component_ref idref="oc-3d"/>
      </symbol>
      <symbol id="sm-162">
         <name>_abort</name>
         <value>0x13ff7</value>
         <object_component_ref idref="oc-41"/>
      </symbol>
      <symbol id="sm-163">
         <name>__cleanup_ptr</name>
         <value>0x1f74</value>
         <object_component_ref idref="oc-3e"/>
      </symbol>
      <symbol id="sm-164">
         <name>__dtors_ptr</name>
         <value>0x1f78</value>
         <object_component_ref idref="oc-3e"/>
      </symbol>
      <symbol id="sm-16e">
         <name>_printf</name>
         <value>0x10c8d</value>
         <object_component_ref idref="oc-44"/>
      </symbol>
      <symbol id="sm-176">
         <name>__remu</name>
         <value>0x10eb5</value>
         <object_component_ref idref="oc-48"/>
      </symbol>
      <symbol id="sm-177">
         <name>__divu</name>
         <value>0x10ea0</value>
         <object_component_ref idref="oc-48"/>
      </symbol>
      <symbol id="sm-178">
         <name>I$$UMOD</name>
         <value>0x10eb5</value>
         <object_component_ref idref="oc-48"/>
      </symbol>
      <symbol id="sm-179">
         <name>I$$UDIV</name>
         <value>0x10ea0</value>
         <object_component_ref idref="oc-48"/>
      </symbol>
      <symbol id="sm-183">
         <name>_Reset</name>
         <value>0xffff00</value>
         <object_component_ref idref="oc-4d"/>
      </symbol>
      <symbol id="sm-18d">
         <name>_vsprintf</name>
         <value>0x10b14</value>
         <object_component_ref idref="oc-51"/>
      </symbol>
      <symbol id="sm-19b">
         <name>__unlock</name>
         <value>0x1f70</value>
         <object_component_ref idref="oc-56"/>
      </symbol>
      <symbol id="sm-19c">
         <name>__lock</name>
         <value>0x1f6c</value>
         <object_component_ref idref="oc-56"/>
      </symbol>
      <symbol id="sm-19d">
         <name>__register_lock</name>
         <value>0x10f13</value>
         <object_component_ref idref="oc-55"/>
      </symbol>
      <symbol id="sm-19e">
         <name>__nop</name>
         <value>0x10f1b</value>
         <object_component_ref idref="oc-55"/>
      </symbol>
      <symbol id="sm-19f">
         <name>__register_unlock</name>
         <value>0x10f0b</value>
         <object_component_ref idref="oc-55"/>
      </symbol>
      <symbol id="sm-1b1">
         <name>__printfi</name>
         <value>0x13315</value>
         <object_component_ref idref="oc-5b"/>
      </symbol>
      <symbol id="sm-1bb">
         <name>__args_main</name>
         <value>0x10d73</value>
         <object_component_ref idref="oc-61"/>
      </symbol>
      <symbol id="sm-1bc">
         <name>__TI_args_main</name>
         <value>0x1</value>
      </symbol>
      <symbol id="sm-1c6">
         <name>_atoi</name>
         <value>0x13f9e</value>
         <object_component_ref idref="oc-65"/>
      </symbol>
      <symbol id="sm-1ce">
         <name>_auto_init</name>
         <value>0x10cdb</value>
         <object_component_ref idref="oc-69"/>
      </symbol>
      <symbol id="sm-1d8">
         <name>__eqld</name>
         <value>0x15a3d</value>
         <object_component_ref idref="oc-6d"/>
      </symbol>
      <symbol id="sm-1d9">
         <name>__cmpd</name>
         <value>0x15a71</value>
         <object_component_ref idref="oc-6d"/>
      </symbol>
      <symbol id="sm-1da">
         <name>__neqd</name>
         <value>0x158df</value>
         <object_component_ref idref="oc-6d"/>
      </symbol>
      <symbol id="sm-1db">
         <name>__gtrd</name>
         <value>0x159a8</value>
         <object_component_ref idref="oc-6d"/>
      </symbol>
      <symbol id="sm-1dc">
         <name>__geqd</name>
         <value>0x159f3</value>
         <object_component_ref idref="oc-6d"/>
      </symbol>
      <symbol id="sm-1dd">
         <name>__leqd</name>
         <value>0x1595b</value>
         <object_component_ref idref="oc-6d"/>
      </symbol>
      <symbol id="sm-1de">
         <name>__lssd</name>
         <value>0x15913</value>
         <object_component_ref idref="oc-6d"/>
      </symbol>
      <symbol id="sm-1e6">
         <name>__ctypes_</name>
         <value>0x10c0</value>
         <object_component_ref idref="oc-109"/>
      </symbol>
      <symbol id="sm-1f0">
         <name>__tmpnams</name>
         <value>0x1d34</value>
         <object_component_ref idref="oc-73"/>
      </symbol>
      <symbol id="sm-1f1">
         <name>__ft_end</name>
         <value>0x1e74</value>
         <object_component_ref idref="oc-73"/>
      </symbol>
      <symbol id="sm-1f2">
         <name>__ftable</name>
         <value>0x1c44</value>
         <object_component_ref idref="oc-73"/>
      </symbol>
      <symbol id="sm-1fe">
         <name>__divd</name>
         <value>0x14848</value>
         <object_component_ref idref="oc-77"/>
      </symbol>
      <symbol id="sm-209">
         <name>__divul</name>
         <value>0x10764</value>
         <object_component_ref idref="oc-7b"/>
      </symbol>
      <symbol id="sm-213">
         <name>__fixdi</name>
         <value>0x10e76</value>
         <object_component_ref idref="oc-7f"/>
      </symbol>
      <symbol id="sm-21d">
         <name>__fixdli</name>
         <value>0x109d3</value>
         <object_component_ref idref="oc-83"/>
      </symbol>
      <symbol id="sm-229">
         <name>__fltlid</name>
         <value>0x10b7c</value>
         <object_component_ref idref="oc-87"/>
      </symbol>
      <symbol id="sm-233">
         <name>_putchar</name>
         <value>0x10755</value>
         <object_component_ref idref="oc-8c"/>
      </symbol>
      <symbol id="sm-234">
         <name>_putc</name>
         <value>0x106c2</value>
         <object_component_ref idref="oc-8c"/>
      </symbol>
      <symbol id="sm-235">
         <name>_fputc</name>
         <value>0x106c2</value>
         <object_component_ref idref="oc-8c"/>
      </symbol>
      <symbol id="sm-241">
         <name>_puts</name>
         <value>0x15de1</value>
         <object_component_ref idref="oc-90"/>
      </symbol>
      <symbol id="sm-242">
         <name>_fputs</name>
         <value>0x15c92</value>
         <object_component_ref idref="oc-90"/>
      </symbol>
      <symbol id="sm-24c">
         <name>__frcmpyd_div</name>
         <value>0x108f0</value>
         <object_component_ref idref="oc-95"/>
      </symbol>
      <symbol id="sm-256">
         <name>___isinf</name>
         <value>0x10eca</value>
         <object_component_ref idref="oc-99"/>
      </symbol>
      <symbol id="sm-260">
         <name>__divull</name>
         <value>0x15560</value>
         <object_component_ref idref="oc-9d"/>
      </symbol>
      <symbol id="sm-261">
         <name>__mpylli</name>
         <value>0x154a9</value>
         <object_component_ref idref="oc-9d"/>
      </symbol>
      <symbol id="sm-262">
         <name>__remlli</name>
         <value>0x1547a</value>
         <object_component_ref idref="oc-9d"/>
      </symbol>
      <symbol id="sm-263">
         <name>__divlli</name>
         <value>0x15654</value>
         <object_component_ref idref="oc-9d"/>
      </symbol>
      <symbol id="sm-264">
         <name>__remull</name>
         <value>0x1542c</value>
         <object_component_ref idref="oc-9d"/>
      </symbol>
      <symbol id="sm-26c">
         <name>__mpyli</name>
         <value>0x10ef8</value>
         <object_component_ref idref="oc-a1"/>
      </symbol>
      <symbol id="sm-26d">
         <name>I$$LMPY</name>
         <value>0x10ef8</value>
         <object_component_ref idref="oc-a1"/>
      </symbol>
      <symbol id="sm-27e">
         <name>_add_device</name>
         <value>0x14760</value>
         <object_component_ref idref="oc-a5"/>
      </symbol>
      <symbol id="sm-27f">
         <name>_rename</name>
         <value>0x14491</value>
         <object_component_ref idref="oc-a5"/>
      </symbol>
      <symbol id="sm-280">
         <name>_read</name>
         <value>0x1451c</value>
         <object_component_ref idref="oc-a5"/>
      </symbol>
      <symbol id="sm-281">
         <name>_unlink</name>
         <value>0x1445d</value>
         <object_component_ref idref="oc-a5"/>
      </symbol>
      <symbol id="sm-282">
         <name>_remove_device</name>
         <value>0x144e8</value>
         <object_component_ref idref="oc-a5"/>
      </symbol>
      <symbol id="sm-283">
         <name>_open</name>
         <value>0x145c6</value>
         <object_component_ref idref="oc-a5"/>
      </symbol>
      <symbol id="sm-284">
         <name>_find_registered_device</name>
         <value>0x146e7</value>
         <object_component_ref idref="oc-a5"/>
      </symbol>
      <symbol id="sm-285">
         <name>_lseek</name>
         <value>0x14683</value>
         <object_component_ref idref="oc-a5"/>
      </symbol>
      <symbol id="sm-286">
         <name>_close</name>
         <value>0x146f0</value>
         <object_component_ref idref="oc-a5"/>
      </symbol>
      <symbol id="sm-287">
         <name>_write</name>
         <value>0x14330</value>
         <object_component_ref idref="oc-a5"/>
      </symbol>
      <symbol id="sm-291">
         <name>_ltoa</name>
         <value>0x15f63</value>
         <object_component_ref idref="oc-ab"/>
      </symbol>
      <symbol id="sm-29c">
         <name>_memccpy</name>
         <value>0x15fdc</value>
         <object_component_ref idref="oc-af"/>
      </symbol>
      <symbol id="sm-2a6">
         <name>_memcpy</name>
         <value>0x10be3</value>
         <object_component_ref idref="oc-b3"/>
      </symbol>
      <symbol id="sm-2b0">
         <name>__mpyd</name>
         <value>0x10000</value>
         <object_component_ref idref="oc-b7"/>
      </symbol>
      <symbol id="sm-2ba">
         <name>__negd</name>
         <value>0x10f1d</value>
         <object_component_ref idref="oc-bb"/>
      </symbol>
      <symbol id="sm-2c4">
         <name>__remli</name>
         <value>0x10d28</value>
         <object_component_ref idref="oc-bf"/>
      </symbol>
      <symbol id="sm-2cf">
         <name>__remul</name>
         <value>0x10963</value>
         <object_component_ref idref="oc-c3"/>
      </symbol>
      <symbol id="sm-2d9">
         <name>__subd</name>
         <value>0x10ee4</value>
         <object_component_ref idref="oc-c7"/>
      </symbol>
      <symbol id="sm-2e5">
         <name>_HOSTopen</name>
         <value>0x1384c</value>
         <object_component_ref idref="oc-cb"/>
      </symbol>
      <symbol id="sm-2e6">
         <name>_HOSTread</name>
         <value>0x137c1</value>
         <object_component_ref idref="oc-cb"/>
      </symbol>
      <symbol id="sm-2e7">
         <name>_HOSTtime</name>
         <value>0x136aa</value>
         <object_component_ref idref="oc-cb"/>
      </symbol>
      <symbol id="sm-2e8">
         <name>_getenv</name>
         <value>0x13533</value>
         <object_component_ref idref="oc-cb"/>
      </symbol>
      <symbol id="sm-2e9">
         <name>_HOSTrename</name>
         <value>0x13708</value>
         <object_component_ref idref="oc-cb"/>
      </symbol>
      <symbol id="sm-2ea">
         <name>_HOSTclock</name>
         <value>0x13a0d</value>
         <object_component_ref idref="oc-cb"/>
      </symbol>
      <symbol id="sm-2eb">
         <name>_HOSTwrite</name>
         <value>0x135b3</value>
         <object_component_ref idref="oc-cb"/>
      </symbol>
      <symbol id="sm-2ec">
         <name>_HOSTlseek</name>
         <value>0x138ed</value>
         <object_component_ref idref="oc-cb"/>
      </symbol>
      <symbol id="sm-2ed">
         <name>_HOSTunlink</name>
         <value>0x1363e</value>
         <object_component_ref idref="oc-cb"/>
      </symbol>
      <symbol id="sm-2ee">
         <name>_HOSTclose</name>
         <value>0x139a2</value>
         <object_component_ref idref="oc-cb"/>
      </symbol>
      <symbol id="sm-300">
         <name>C$$IO$$</name>
         <value>0x10603</value>
         <object_component_ref idref="oc-d3"/>
      </symbol>
      <symbol id="sm-301">
         <name>__CIOBUF_</name>
         <value>0x14000</value>
         <object_component_ref idref="oc-d2"/>
      </symbol>
      <symbol id="sm-302">
         <name>_readmsg</name>
         <value>0x10a41</value>
         <object_component_ref idref="oc-d0"/>
      </symbol>
      <symbol id="sm-303">
         <name>_writemsg</name>
         <value>0x1054a</value>
         <object_component_ref idref="oc-d3"/>
      </symbol>
      <symbol id="sm-30d">
         <name>__rd_ok</name>
         <value>0x104ed</value>
         <object_component_ref idref="oc-d6"/>
      </symbol>
      <symbol id="sm-30e">
         <name>__wrt_ok</name>
         <value>0x10470</value>
         <object_component_ref idref="oc-d6"/>
      </symbol>
      <symbol id="sm-318">
         <name>__addd</name>
         <value>0x15688</value>
         <object_component_ref idref="oc-da"/>
      </symbol>
      <symbol id="sm-322">
         <name>__divli</name>
         <value>0x10dbc</value>
         <object_component_ref idref="oc-de"/>
      </symbol>
      <symbol id="sm-32c">
         <name>__doflush</name>
         <value>0x10608</value>
         <object_component_ref idref="oc-e2"/>
      </symbol>
      <symbol id="sm-32d">
         <name>_fflush</name>
         <value>0x1066a</value>
         <object_component_ref idref="oc-e2"/>
      </symbol>
      <symbol id="sm-337">
         <name>__frcmpyd</name>
         <value>0x1087a</value>
         <object_component_ref idref="oc-e6"/>
      </symbol>
      <symbol id="sm-341">
         <name>_fseek</name>
         <value>0x10aac</value>
         <object_component_ref idref="oc-ea"/>
      </symbol>
      <symbol id="sm-34b">
         <name>_setvbuf</name>
         <value>0x1037d</value>
         <object_component_ref idref="oc-ee"/>
      </symbol>
      <symbol id="sm-35a">
         <name>__cleanup</name>
         <value>0x152d5</value>
         <object_component_ref idref="oc-f2"/>
      </symbol>
      <symbol id="sm-35b">
         <name>_fopen</name>
         <value>0x153f3</value>
         <object_component_ref idref="oc-f2"/>
      </symbol>
      <symbol id="sm-35c">
         <name>_freopen</name>
         <value>0x1532d</value>
         <object_component_ref idref="oc-f2"/>
      </symbol>
      <symbol id="sm-36c">
         <name>__sys_memory</name>
         <value>0x110dc</value>
         <object_component_ref idref="oc-fc"/>
      </symbol>
      <symbol id="sm-36d">
         <name>_chkheap</name>
         <value>0x13f4a</value>
         <object_component_ref idref="oc-f8"/>
      </symbol>
      <symbol id="sm-36e">
         <name>_realloc</name>
         <value>0x13cb0</value>
         <object_component_ref idref="oc-f8"/>
      </symbol>
      <symbol id="sm-36f">
         <name>_free_memory</name>
         <value>0x13ee3</value>
         <object_component_ref idref="oc-f8"/>
      </symbol>
      <symbol id="sm-370">
         <name>_max_free</name>
         <value>0x13e79</value>
         <object_component_ref idref="oc-f8"/>
      </symbol>
      <symbol id="sm-371">
         <name>_free</name>
         <value>0x13a6b</value>
         <object_component_ref idref="oc-f8"/>
      </symbol>
      <symbol id="sm-372">
         <name>_calloc</name>
         <value>0x13f52</value>
         <object_component_ref idref="oc-f8"/>
      </symbol>
      <symbol id="sm-373">
         <name>_malloc</name>
         <value>0x13baf</value>
         <object_component_ref idref="oc-f8"/>
      </symbol>
      <symbol id="sm-374">
         <name>_minit</name>
         <value>0x13b3d</value>
         <object_component_ref idref="oc-f8"/>
      </symbol>
      <symbol id="sm-37e">
         <name>_fclose</name>
         <value>0x10804</value>
         <object_component_ref idref="oc-ff"/>
      </symbol>
      <symbol id="sm-388">
         <name>_remove</name>
         <value>0x10f2d</value>
         <object_component_ref idref="oc-103"/>
      </symbol>
   </symbol_table>
</link_info>
