******************************************************************************
              TMS320C55x Linker Unix v4.4.1                    
******************************************************************************
>> Linked Mon Dec 22 01:52:32 2014

OUTPUT FILE NAME:   <kadev_ecl.out>
ENTRY POINT SYMBOL: "_c_int00"  address: 00015fc6


MEMORY CONFIGURATION

         name            origin    length      used     unused   attr    fill
                        (bytes)   (bytes)    (bytes)   (bytes)
----------------------  --------  ---------  --------  --------  ----  --------
  MMR                   00000000   000000c0  00000000  000000c0  RWIX
  DARAM0                000000c0   00001f40  00001edc  00000064  RWIX
  DARAM1                00002000   00002000  00000000  00002000  RWIX
  DARAM2                00004000   00002000  00000000  00002000  RWIX
  DARAM3                00006000   00002000  00000000  00002000  RWIX
  DARAM4                00008000   00002000  00000000  00002000  RWIX
  DARAM5                0000a000   00002000  00000000  00002000  RWIX
  DARAM6                0000c000   00002000  00000000  00002000  RWIX
  DARAM7                0000e000   00002000  00000000  00002000  RWIX
  SARAM0                00010000   00002000  00002000  00000000  RWIX
  SARAM1                00012000   00002000  00001ffe  00000002  RWIX
  SARAM2                00014000   00002000  00001ffd  00000003  RWIX
  SARAM3                00016000   00002000  00002000  00000000  RWIX
  SARAM4                00018000   00002000  00001b37  000004c9  RWIX
  SARAM5                0001a000   00002000  00000000  00002000  RWIX
  SARAM6                0001c000   00002000  00000000  00002000  RWIX
  SARAM7                0001e000   00002000  00000000  00002000  RWIX
  SARAM8                00020000   00002000  00000000  00002000  RWIX
  SARAM9                00022000   00002000  00000000  00002000  RWIX
  SARAM10               00024000   00002000  00000000  00002000  RWIX
  SARAM11               00026000   00002000  00000000  00002000  RWIX
  SARAM12               00028000   00002000  00000000  00002000  RWIX
  SARAM13               0002a000   00002000  00000000  00002000  RWIX
  SARAM14               0002c000   00002000  00000000  00002000  RWIX
  SARAM15               0002e000   00002000  00000000  00002000  RWIX
  SARAM16               00030000   00002000  00000000  00002000  RWIX
  SARAM17               00032000   00002000  00000000  00002000  RWIX
  SARAM18               00034000   00002000  00000000  00002000  RWIX
  SARAM19               00036000   00002000  00000000  00002000  RWIX
  SARAM20               00038000   00002000  00000000  00002000  RWIX
  SARAM21               0003a000   00002000  00000000  00002000  RWIX
  SARAM22               0003c000   00002000  00000000  00002000  RWIX
  SARAM23               0003e000   00002000  00000000  00002000  RWIX
  SARAM24               00040000   00002000  00000000  00002000  RWIX
  SARAM25               00042000   00002000  00000000  00002000  RWIX
  SARAM26               00044000   00002000  00000000  00002000  RWIX
  SARAM27               00046000   00002000  00000000  00002000  RWIX
  SARAM28               00048000   00002000  00000000  00002000  RWIX
  SARAM29               0004a000   00002000  00000000  00002000  RWIX
  SARAM30               0004c000   00002000  00000000  00002000  RWIX
  SARAM31               0004e000   00002000  00000000  00002000  RWIX
  CS0                   00050000   007b0000  00000000  007b0000  RWIX
  CS2                   00800000   00400000  00000000  00400000  RWIX
  CS3                   00c00000   00200000  00000000  00200000  RWIX
  CS4                   00e00000   00100000  00000000  00100000  RWIX
  CS5                   00f00000   000e0000  00000000  000e0000  RWIX
  ROM                   00fe0000   0001ff00  00000000  0001ff00  RWIX
  VECS                  00ffff00   00000100  00000100  00000000  RWIX


SECTION ALLOCATION MAP
(Addresses surrounded by []'s are displayed for convenience only!)

output                                                          attributes/
section   page  orgn(bytes) orgn(words) len(bytes) len(words)   input sections
--------  ----  ----------- ----------- ---------- ----------   --------------
.pinit       0   [ 00014000 ]  0000a000          *   00000000   UNINITIALIZED

.sysstack 
*            0   [ 000000c0 ]  00000060          *   00000800   UNINITIALIZED
                 [ 000000c0 ]  00000060          *   00000800   --HOLE--

.data        0   [ 000000c0 ]  00000060          *   00000000   UNINITIALIZED

.const.1     0   [ 000010c0 ]  00000860          *   00000701   
                 [ 000010c0 ]  00000860          *   00000600   font_8x6_philippe.obj (.const:_Font8x6)
                 [ 00001cc0 ]  00000e60          *   00000101   rts55x.lib : ctype.obj (.const:__ctypes_)

.const.2     0   [ 00001ec4 ]  00000f62          *   00000045   
                 [ 00001ec4 ]  00000f62          *   00000024   rts55x.lib : _printfi.obj (.const:.string)
                 [ 00001f0c ]  00000f86          *   00000021   main.obj (.const:.string)

.const.3     0   [ 00001f50 ]  00000fa8          *   00000018   
                 [ 00001f50 ]  00000fa8          *   0000000c   rts55x.lib : _printfi.obj (.const)
                 [ 00001f68 ]  00000fb4          *   00000008              : divd.obj (.const:_initial_approx$1)
                 [ 00001f78 ]  00000fbc          *   00000002              : fputs.obj (.const:.string)
                 [ 00001f7c ]  00000fbe          *   00000002              : fltlid.obj (.const)

.bss.1       0   [ 00001f80 ]  00000fc0          *   00000010   UNINITIALIZED
                 [ 00001f80 ]  00000fc0          *   00000006   rts55x.lib : memory.obj (.bss)
                 [ 00001f8c ]  00000fc6          *   00000004              : _lock.obj (.bss)
                 [ 00001f94 ]  00000fca          *   00000004              : exit.obj (.bss)
                 [ 00001f9c ]  00000fce          *   00000001              : fopen.obj (.bss)
                 [ 00001f9e ]  00000fcf          *   00000001   usbstk5515_i2c.obj (.bss)

.sysmem      0   [ 00010000 ]  00008000          *   00001000   UNINITIALIZED
                 [ 00010000 ]  00008000          *   00001000   --HOLE--

.bss.2       0   [ 00012000 ]  00009000          *   000005f1   UNINITIALIZED
                 [ 00012000 ]  00009000          *   00000408   kadisp.obj (.bss)
                 [ 00012810 ]  00009408          *   00000119   rts55x.lib : defs.obj (.bss)
                 [ 00012a42 ]  00009521          *   000000d0              : trgdrv.obj (.bss)

.bss.3       0   [ 00012be4 ]  000095f2          *   00000071   UNINITIALIZED
                 [ 00012be4 ]  000095f2          *   00000071   rts55x.lib : lowlev.obj (.bss)

.text.1      0     00012cc6  [ 00009663 ] 0000133a          *   
                   00012cc6  [ 00009663 ] 00000543          *   rts55x.lib : lowlev.obj (.text)
                   00013209  [ 00009904+] 00000528          *              : trgdrv.obj (.text)
                   00013731  [ 00009b98+] 000004b5          *              : memory.obj (.text)
                   00013be6  [ 00009df3 ] 000003cc          *              : divd.obj (.text)
                   00013fb2  [ 00009fd9 ] 0000004d          *              : autoinit.obj (.text)
                   00013fff  [ 00009fff ] 00000001          *   --HOLE-- [fill = 20]

.cio         0   [ 00014000 ]  0000a000          *   00000120   UNINITIALIZED
                 [ 00014000 ]  0000a000          *   00000120   rts55x.lib : trgmsg.obj (.cio)

.cinit       0   [ 00014240 ]  0000a120          *   00000078   
                 [ 00014240 ]  0000a120          *   0000002d   rts55x.lib : lowlev.obj (.cinit)
                 [ 0001429a ]  0000a14d          *   0000002a              : defs.obj (.cinit)
                 [ 000142ee ]  0000a177          *   0000000a              : _lock.obj (.cinit)
                 [ 00014302 ]  0000a181          *   0000000a              : exit.obj (.cinit)
                 [ 00014316 ]  0000a18b          *   00000004              : fopen.obj (.cinit)
                 [ 0001431e ]  0000a18f          *   00000004              : memory.obj (.cinit)
                 [ 00014326 ]  0000a193          *   00000004   usbstk5515_i2c.obj (.cinit)
                 [ 0001432e ]  0000a197          *   00000001   --HOLE-- [fill = 0]

.text.2      0     00014330  [ 0000a198 ] 00001ccd          *   
                   00014330  [ 0000a198 ] 000015a4          *   rts55x.lib : _printfi.obj (.text)
                   000158d4  [ 0000ac6a ] 00000310          *   ssd1780_oled_cntrl.obj (.text)
                   00015be4  [ 0000adf2 ] 0000027f          *   rts55x.lib : fopen.obj (.text)
                   00015e63  [ 0000af31+] 00000163          *              : fputs.obj (.text)
                   00015fc6  [ 0000afe3 ] 00000034          *              : boot.obj (.text)
                   00015ffa  [ 0000affd ] 00000002          *              : vectors.obj (.text)
                   00015ffc  [ 0000affe ] 00000001          *   --HOLE-- [fill = 20]

.stack       0   [ 00016000 ]  0000b000          *   00001000   UNINITIALIZED
                 [ 00016000 ]  0000b000          *   00001000   --HOLE--

.text.3      0     00018000  [ 0000c000 ] 00001b37          *   
                   00018000  [ 0000c000 ] 00000271          *   kadisp.obj (.text)
                   00018271  [ 0000c138+] 0000025e          *   rts55x.lib : llmpy.obj (.text)
                   000184cf  [ 0000c267+] 0000025a          *              : addd.obj (.text)
                   00018729  [ 0000c394+] 000001ea          *              : cmpd.obj (.text)
                   00018913  [ 0000c489+] 000001c9          *   usbstk5515_led.obj (.text)
                   00018adc  [ 0000c56e ] 00000156          *   usbstk5515_gpio.obj (.text)
                   00018c32  [ 0000c619 ] 0000014c          *   rts55x.lib : mpyd.obj (.text)
                   00018d7e  [ 0000c6bf ] 0000013e          *   usbstk5515_i2c.obj (.text)
                   00018ebc  [ 0000c75e ] 000000e6          *   rts55x.lib : setvbuf.obj (.text)
                   00018fa2  [ 0000c7d1 ] 000000dd          *              : _io_perm.obj (.text)
                   0001907f  [ 0000c83f+] 000000c2          *              : fflush.obj (.text)
                   00019141  [ 0000c8a0+] 000000ba          *              : trgmsg.obj (.text:CIO_breakpoint)
                   000191fb  [ 0000c8fd+] 000000a6          *              : fputc.obj (.text)
                   000192a1  [ 0000c950+] 000000a1          *              : divul.obj (.text)
                   00019342  [ 0000c9a1 ] 0000007d          *              : ltoa.obj (.text)
                   000193bf  [ 0000c9df+] 0000007b          *              : fclose.obj (.text)
                   0001943a  [ 0000ca1d ] 00000076          *              : frcmpyd.obj (.text)
                   000194b0  [ 0000ca58 ] 00000073          *              : frcmpyd_div.obj (.text)
                   00019523  [ 0000ca91+] 00000072          *              : remul.obj (.text)
                   00019595  [ 0000caca+] 0000006f          *              : fixdli.obj (.text)
                   00019604  [ 0000cb02 ] 0000006d          *              : trgmsg.obj (.text)
                   00019671  [ 0000cb38+] 0000006b          *              : fseek.obj (.text)
                   000196dc  [ 0000cb6e ] 0000006a          *              : vsprintf.obj (.text)
                   00019746  [ 0000cba3 ] 00000067          *              : fltlid.obj (.text)
                   000197ad  [ 0000cbd6+] 0000005c          *              : atoi.obj (.text)
                   00019809  [ 0000cc04+] 00000054          *   usbstk5515.obj (.text)
                   0001985d  [ 0000cc2e+] 00000050          *   rts55x.lib : printf.obj (.text)
                   000198ad  [ 0000cc56+] 0000004b          *              : args_main.obj (.text)
                   000198f8  [ 0000cc7c ] 0000004b          *              : remli.obj (.text)
                   00019943  [ 0000cca1+] 00000048          *              : divli.obj (.text)
                   0001998b  [ 0000ccc5+] 00000043          *   main.obj (.text)
                   000199ce  [ 0000cce7 ] 0000003f          *   rts55x.lib : memcpy.obj (.text)
                   00019a0d  [ 0000cd06+] 0000003e          *              : exit.obj (.text)
                   00019a4b  [ 0000cd25+] 0000002a          *              : fixdi.obj (.text)
                   00019a75  [ 0000cd3a+] 0000002a          *              : udiv.obj (.text)
                   00019a9f  [ 0000cd4f+] 00000023          *              : memccpy.obj (.text)
                   00019ac2  [ 0000cd61 ] 0000001a          *              : isinf.obj (.text)
                   00019adc  [ 0000cd6e ] 00000014          *              : subd.obj (.text)
                   00019af0  [ 0000cd78 ] 00000013          *              : lmpy.obj (.text)
                   00019b03  [ 0000cd81+] 00000012          *              : _lock.obj (.text)
                   00019b15  [ 0000cd8a+] 00000010          *              : negd.obj (.text)
                   00019b25  [ 0000cd92+] 0000000a          *              : remove.obj (.text)
                   00019b2f  [ 0000cd97+] 00000007          *              : exit.obj (.text:CIO_breakpoint)
                   00019b36  [ 0000cd9b ] 00000001          *   --HOLE-- [fill = 20]

vectors      0     00ffff00  [ 007fff80 ] 00000100          *   
                   00ffff00  [ 007fff80 ] 00000100          *   rts55x.lib : vectors.obj (vectors)


GLOBAL SYMBOLS: SORTED ALPHABETICALLY BY Name 

abs. value/
byte addr   word addr   name
---------   ---------   ----
00000002                $TI_capability$C5500$CallingConvention
00000002                $TI_capability$C5500$MemoryModel
00000001                $TI_capability_requires_rev3
ffffffff                .bss
ffffffff                .data
ffffffff                .text
00019b30                C$$EXIT
000191f6                C$$IO$$
00019af0                I$$LMPY
00019a75                I$$UDIV
00019a8a                I$$UMOD
            00000860    _Font8x6
000136d3                _HOSTclock
00013668                _HOSTclose
000135b3                _HOSTlseek
00013514                _HOSTopen
00013487                _HOSTread
000133d9                _HOSTrename
0001337b                _HOSTtime
00013311                _HOSTunlink
00013284                _HOSTwrite
0001800d                _KaDisp_clear
00018000                _KaDisp_init
000181e4                _KaDisp_scroll_to_page
000181fc                _KaDisp_scroll_to_point
0001824b                _KaDisp_send_entire_cache
00018211                _KaDisp_send_page_cache
000180a0                _KaDisp_string
00018180                _KaDisp_test_pattern
00018062                _Kaprintf
00ffff00                _Reset
00015b69                _SSD1780_clear_graphic_ram
000158d4                _SSD1780_init
00015969                _SSD1780_send_cmd
00015985                _SSD1780_send_cmd_val
000159a7                _SSD1780_send_data
000159c3                _SSD1780_set_PAM_column_start_addres
000159ee                _SSD1780_set_PAM_page_addres
00015a2c                _SSD1780_set_VHAM_column_addres
00015a01                _SSD1780_set_VHAM_page_addres
00015b1d                _SSD1780_set_contrast
00015a57                _SSD1780_set_display_start_line
00015b09                _SSD1780_set_memory_addressing
00015b3d                _SSD1780_set_vertical_scroll_area
00015bca                _SSD1780_setup_default_scrolling
00015a6a                _SSD1780_setup_horizontal_scroll
00015aae                _SSD1780_setup_vertical_and_horizontal_scroll
00018bda                _USBSTK5515_GPIO_getInput
00018adc                _USBSTK5515_GPIO_init
00018ae0                _USBSTK5515_GPIO_setDirection
00018b5d                _USBSTK5515_GPIO_setOutput
00018d9d                _USBSTK5515_I2C_close
00018d7e                _USBSTK5515_I2C_init
00018e43                _USBSTK5515_I2C_read
00018da6                _USBSTK5515_I2C_reset
00018db4                _USBSTK5515_I2C_write
00018913                _USBSTK5515_LED_init
0001892f                _USBSTK5515_LED_off
0001891e                _USBSTK5515_LED_on
0001896f                _USBSTK5515_ULED_getall
00018940                _USBSTK5515_ULED_init
00018a64                _USBSTK5515_ULED_off
00018a2f                _USBSTK5515_ULED_on
000189c1                _USBSTK5515_ULED_setall
00018a97                _USBSTK5515_ULED_toggle
0001984f                _USBSTK5515_init
00019809                _USBSTK5515_wait
0001983d                _USBSTK5515_waitusec
            0000a000    __CIOBUF_
            0000c000    __STACK_END
00002000                __STACK_SIZE
00002000                __SYSMEM_SIZE
00001000                __SYSSTACK_SIZE
00000001                __TI_args_main
ffffffff                ___binit__
ffffffff                ___bss__
ffffffff                ___c_args__
            0000a120    ___cinit__
ffffffff                ___data__
ffffffff                ___edata__
ffffffff                ___end__
ffffffff                ___etext__
00019ac2                ___isinf
ffffffff                ___pinit__
ffffffff                ___text__
000184cf                __addd
000198ad                __args_main
00015d05                __cleanup
            00000fca    __cleanup_ptr
000188bb                __cmpd
            00000e60    __ctypes_
00013be6                __divd
00019943                __divli
0001849a                __divlli
00019a75                __divu
000192a1                __divul
000183a6                __divull
0001907f                __doflush
            00000fcc    __dtors_ptr
00018887                __eqld
00019a4b                __fixdi
00019595                __fixdli
00019746                __fltlid
0001943a                __frcmpyd
000194b0                __frcmpyd_div
            00009520    __ft_end
            00009408    __ftable
0001883d                __geqd
000187f2                __gtrd
000187a5                __leqd
            00000fc6    __lock
0001875d                __lssd
00018c32                __mpyd
00019af0                __mpyli
000182ee                __mpylli
00019b15                __negd
00018729                __neqd
00019b13                __nop
00015692                __printfi
00019022                __rd_ok
00019b0b                __register_lock
00019b03                __register_unlock
000198f8                __remli
000182bf                __remlli
00019a8a                __remu
00019523                __remul
00018271                __remull
            0000b000    __stack
00019adc                __subd
            00008000    __sys_memory
            00000060    __sysstack
            00009480    __tmpnams
            00000fc8    __unlock
00018fa2                __wrt_ok
00019b2f                _abort
00013119                _add_device
000197ad                _atoi
00013fb2                _auto_init
00015fc6                _c_int00
00013bc0                _calloc
00013bb8                _chkheap
000130a6                _close
00019a0d                _exit
000193bf                _fclose
000190e8                _fflush
0001309d                _find_registered_device
00015e28                _fopen
000191fb                _fputc
00015e63                _fputs
00013731                _free
00013b62                _free_memory
00015d5f                _freopen
00019671                _fseek
            00009000    _g_page_cache
00013209                _getenv
            00000fcf    _i2c_timeout
00013037                _lseek
00019342                _ltoa
0001998b                _main
00013862                _malloc
00013b08                _max_free
00019a9f                _memccpy
000199ce                _memcpy
000137fd                _minit
00012f78                _open
0001985d                _printf
000191fb                _putc
00019292                _putchar
00015f98                _puts
00012eca                _read
00019604                _readmsg
00013957                _realloc
00019b25                _remove
00012e94                _remove_device
00012e3b                _rename
00018ebc                _setvbuf
00012e08                _unlink
000196dc                _vsprintf
00012cc6                _write
00019141                _writemsg
ffffffff                binit
            0000a120    cinit
ffffffff                edata
ffffffff                end
ffffffff                etext
ffffffff                pinit


GLOBAL SYMBOLS: SORTED BY Symbol Address 

abs. value/
byte addr   word addr   name
---------   ---------   ----
00000001                $TI_capability_requires_rev3
00000001                __TI_args_main
00000002                $TI_capability$C5500$CallingConvention
00000002                $TI_capability$C5500$MemoryModel
            00000060    __sysstack
00001000                __SYSSTACK_SIZE
            00000860    _Font8x6
            00000e60    __ctypes_
            00000fc6    __lock
            00000fc8    __unlock
            00000fca    __cleanup_ptr
            00000fcc    __dtors_ptr
            00000fcf    _i2c_timeout
00002000                __STACK_SIZE
00002000                __SYSMEM_SIZE
            00008000    __sys_memory
            00009000    _g_page_cache
            00009408    __ftable
            00009480    __tmpnams
            00009520    __ft_end
00012cc6                _write
00012e08                _unlink
00012e3b                _rename
00012e94                _remove_device
00012eca                _read
00012f78                _open
00013037                _lseek
0001309d                _find_registered_device
000130a6                _close
00013119                _add_device
00013209                _getenv
00013284                _HOSTwrite
00013311                _HOSTunlink
0001337b                _HOSTtime
000133d9                _HOSTrename
00013487                _HOSTread
00013514                _HOSTopen
000135b3                _HOSTlseek
00013668                _HOSTclose
000136d3                _HOSTclock
00013731                _free
000137fd                _minit
00013862                _malloc
00013957                _realloc
00013b08                _max_free
00013b62                _free_memory
00013bb8                _chkheap
00013bc0                _calloc
00013be6                __divd
00013fb2                _auto_init
            0000a000    __CIOBUF_
            0000a120    ___cinit__
            0000a120    cinit
00015692                __printfi
000158d4                _SSD1780_init
00015969                _SSD1780_send_cmd
00015985                _SSD1780_send_cmd_val
000159a7                _SSD1780_send_data
000159c3                _SSD1780_set_PAM_column_start_addres
000159ee                _SSD1780_set_PAM_page_addres
00015a01                _SSD1780_set_VHAM_page_addres
00015a2c                _SSD1780_set_VHAM_column_addres
00015a57                _SSD1780_set_display_start_line
00015a6a                _SSD1780_setup_horizontal_scroll
00015aae                _SSD1780_setup_vertical_and_horizontal_scroll
00015b09                _SSD1780_set_memory_addressing
00015b1d                _SSD1780_set_contrast
00015b3d                _SSD1780_set_vertical_scroll_area
00015b69                _SSD1780_clear_graphic_ram
00015bca                _SSD1780_setup_default_scrolling
00015d05                __cleanup
00015d5f                _freopen
00015e28                _fopen
00015e63                _fputs
00015f98                _puts
00015fc6                _c_int00
            0000b000    __stack
00018000                _KaDisp_init
            0000c000    __STACK_END
0001800d                _KaDisp_clear
00018062                _Kaprintf
000180a0                _KaDisp_string
00018180                _KaDisp_test_pattern
000181e4                _KaDisp_scroll_to_page
000181fc                _KaDisp_scroll_to_point
00018211                _KaDisp_send_page_cache
0001824b                _KaDisp_send_entire_cache
00018271                __remull
000182bf                __remlli
000182ee                __mpylli
000183a6                __divull
0001849a                __divlli
000184cf                __addd
00018729                __neqd
0001875d                __lssd
000187a5                __leqd
000187f2                __gtrd
0001883d                __geqd
00018887                __eqld
000188bb                __cmpd
00018913                _USBSTK5515_LED_init
0001891e                _USBSTK5515_LED_on
0001892f                _USBSTK5515_LED_off
00018940                _USBSTK5515_ULED_init
0001896f                _USBSTK5515_ULED_getall
000189c1                _USBSTK5515_ULED_setall
00018a2f                _USBSTK5515_ULED_on
00018a64                _USBSTK5515_ULED_off
00018a97                _USBSTK5515_ULED_toggle
00018adc                _USBSTK5515_GPIO_init
00018ae0                _USBSTK5515_GPIO_setDirection
00018b5d                _USBSTK5515_GPIO_setOutput
00018bda                _USBSTK5515_GPIO_getInput
00018c32                __mpyd
00018d7e                _USBSTK5515_I2C_init
00018d9d                _USBSTK5515_I2C_close
00018da6                _USBSTK5515_I2C_reset
00018db4                _USBSTK5515_I2C_write
00018e43                _USBSTK5515_I2C_read
00018ebc                _setvbuf
00018fa2                __wrt_ok
00019022                __rd_ok
0001907f                __doflush
000190e8                _fflush
00019141                _writemsg
000191f6                C$$IO$$
000191fb                _fputc
000191fb                _putc
00019292                _putchar
000192a1                __divul
00019342                _ltoa
000193bf                _fclose
0001943a                __frcmpyd
000194b0                __frcmpyd_div
00019523                __remul
00019595                __fixdli
00019604                _readmsg
00019671                _fseek
000196dc                _vsprintf
00019746                __fltlid
000197ad                _atoi
00019809                _USBSTK5515_wait
0001983d                _USBSTK5515_waitusec
0001984f                _USBSTK5515_init
0001985d                _printf
000198ad                __args_main
000198f8                __remli
00019943                __divli
0001998b                _main
000199ce                _memcpy
00019a0d                _exit
00019a4b                __fixdi
00019a75                I$$UDIV
00019a75                __divu
00019a8a                I$$UMOD
00019a8a                __remu
00019a9f                _memccpy
00019ac2                ___isinf
00019adc                __subd
00019af0                I$$LMPY
00019af0                __mpyli
00019b03                __register_unlock
00019b0b                __register_lock
00019b13                __nop
00019b15                __negd
00019b25                _remove
00019b2f                _abort
00019b30                C$$EXIT
00ffff00                _Reset
ffffffff                .bss
ffffffff                .data
ffffffff                .text
ffffffff                ___binit__
ffffffff                ___bss__
ffffffff                ___c_args__
ffffffff                ___data__
ffffffff                ___edata__
ffffffff                ___end__
ffffffff                ___etext__
ffffffff                ___pinit__
ffffffff                ___text__
ffffffff                binit
ffffffff                edata
ffffffff                end
ffffffff                etext
ffffffff                pinit

[186 symbols]
