<?xml version="1.0"?>
<link_info>
   <banner>TMS320C55x Linker Unix v4.4.1</banner>
   <copyright>Copyright (c) 1996-2012 Texas Instruments Incorporated</copyright>
   <link_time>0x54a49ff2</link_time>
   <output_file>kadev_ecl.out</output_file>
   <entry_point>
      <name>_c_int00</name>
      <address>0x19fcb</address>
   </entry_point>
   <input_file_list>
      <input_file id="fl-2">
         <path>./eZ_include/</path>
         <kind>object</kind>
         <file>usbstk5515_led.obj</file>
         <name>usbstk5515_led.obj</name>
      </input_file>
      <input_file id="fl-3">
         <path>./eZ_include/</path>
         <kind>object</kind>
         <file>usbstk5515_i2c.obj</file>
         <name>usbstk5515_i2c.obj</name>
      </input_file>
      <input_file id="fl-4">
         <path>./eZ_include/</path>
         <kind>object</kind>
         <file>usbstk5515_gpio.obj</file>
         <name>usbstk5515_gpio.obj</name>
      </input_file>
      <input_file id="fl-5">
         <path>./eZ_include/</path>
         <kind>object</kind>
         <file>usbstk5515.obj</file>
         <name>usbstk5515.obj</name>
      </input_file>
      <input_file id="fl-6">
         <path>./kadisp/</path>
         <kind>object</kind>
         <file>ssd1780_oled_cntrl.obj</file>
         <name>ssd1780_oled_cntrl.obj</name>
      </input_file>
      <input_file id="fl-7">
         <path>./kadisp/</path>
         <kind>object</kind>
         <file>kadisp_tests.obj</file>
         <name>kadisp_tests.obj</name>
      </input_file>
      <input_file id="fl-8">
         <path>./kadisp/</path>
         <kind>object</kind>
         <file>kadisp.obj</file>
         <name>kadisp.obj</name>
      </input_file>
      <input_file id="fl-9">
         <path>./kadisp/</path>
         <kind>object</kind>
         <file>font_8x6_philippe.obj</file>
         <name>font_8x6_philippe.obj</name>
      </input_file>
      <input_file id="fl-a">
         <path>./src/</path>
         <kind>object</kind>
         <file>rtc_ex.obj</file>
         <name>rtc_ex.obj</name>
      </input_file>
      <input_file id="fl-b">
         <path>./src/</path>
         <kind>object</kind>
         <file>main.obj</file>
         <name>main.obj</name>
      </input_file>
      <input_file id="fl-c">
         <path>./src/</path>
         <kind>object</kind>
         <file>kairq.obj</file>
         <name>kairq.obj</name>
      </input_file>
      <input_file id="fl-24">
         <path>/km/ti/ccsv5/tools/compiler/c5500_4.4.1/lib/</path>
         <kind>archive</kind>
         <file>rts55x.lib</file>
         <name>boot.obj</name>
      </input_file>
      <input_file id="fl-25">
         <path>/km/ti/ccsv5/tools/compiler/c5500_4.4.1/lib/</path>
         <kind>archive</kind>
         <file>rts55x.lib</file>
         <name>exit.obj</name>
      </input_file>
      <input_file id="fl-26">
         <path>/km/ti/ccsv5/tools/compiler/c5500_4.4.1/lib/</path>
         <kind>archive</kind>
         <file>rts55x.lib</file>
         <name>memcpy.obj</name>
      </input_file>
      <input_file id="fl-27">
         <path>/km/ti/ccsv5/tools/compiler/c5500_4.4.1/lib/</path>
         <kind>archive</kind>
         <file>rts55x.lib</file>
         <name>printf.obj</name>
      </input_file>
      <input_file id="fl-28">
         <path>/km/ti/ccsv5/tools/compiler/c5500_4.4.1/lib/</path>
         <kind>archive</kind>
         <file>rts55x.lib</file>
         <name>udiv.obj</name>
      </input_file>
      <input_file id="fl-29">
         <path>/km/ti/ccsv5/tools/compiler/c5500_4.4.1/lib/</path>
         <kind>archive</kind>
         <file>rts55x.lib</file>
         <name>vectors.obj</name>
      </input_file>
      <input_file id="fl-2a">
         <path>/km/ti/ccsv5/tools/compiler/c5500_4.4.1/lib/</path>
         <kind>archive</kind>
         <file>rts55x.lib</file>
         <name>vsprintf.obj</name>
      </input_file>
      <input_file id="fl-2b">
         <path>/km/ti/ccsv5/tools/compiler/c5500_4.4.1/lib/</path>
         <kind>archive</kind>
         <file>rts55x.lib</file>
         <name>_lock.obj</name>
      </input_file>
      <input_file id="fl-2c">
         <path>/km/ti/ccsv5/tools/compiler/c5500_4.4.1/lib/</path>
         <kind>archive</kind>
         <file>rts55x.lib</file>
         <name>_printfi.obj</name>
      </input_file>
      <input_file id="fl-2d">
         <path>/km/ti/ccsv5/tools/compiler/c5500_4.4.1/lib/</path>
         <kind>archive</kind>
         <file>rts55x.lib</file>
         <name>args_main.obj</name>
      </input_file>
      <input_file id="fl-2e">
         <path>/km/ti/ccsv5/tools/compiler/c5500_4.4.1/lib/</path>
         <kind>archive</kind>
         <file>rts55x.lib</file>
         <name>atoi.obj</name>
      </input_file>
      <input_file id="fl-2f">
         <path>/km/ti/ccsv5/tools/compiler/c5500_4.4.1/lib/</path>
         <kind>archive</kind>
         <file>rts55x.lib</file>
         <name>autoinit.obj</name>
      </input_file>
      <input_file id="fl-30">
         <path>/km/ti/ccsv5/tools/compiler/c5500_4.4.1/lib/</path>
         <kind>archive</kind>
         <file>rts55x.lib</file>
         <name>cmpd.obj</name>
      </input_file>
      <input_file id="fl-31">
         <path>/km/ti/ccsv5/tools/compiler/c5500_4.4.1/lib/</path>
         <kind>archive</kind>
         <file>rts55x.lib</file>
         <name>ctype.obj</name>
      </input_file>
      <input_file id="fl-32">
         <path>/km/ti/ccsv5/tools/compiler/c5500_4.4.1/lib/</path>
         <kind>archive</kind>
         <file>rts55x.lib</file>
         <name>defs.obj</name>
      </input_file>
      <input_file id="fl-33">
         <path>/km/ti/ccsv5/tools/compiler/c5500_4.4.1/lib/</path>
         <kind>archive</kind>
         <file>rts55x.lib</file>
         <name>divd.obj</name>
      </input_file>
      <input_file id="fl-34">
         <path>/km/ti/ccsv5/tools/compiler/c5500_4.4.1/lib/</path>
         <kind>archive</kind>
         <file>rts55x.lib</file>
         <name>divul.obj</name>
      </input_file>
      <input_file id="fl-35">
         <path>/km/ti/ccsv5/tools/compiler/c5500_4.4.1/lib/</path>
         <kind>archive</kind>
         <file>rts55x.lib</file>
         <name>fixdi.obj</name>
      </input_file>
      <input_file id="fl-36">
         <path>/km/ti/ccsv5/tools/compiler/c5500_4.4.1/lib/</path>
         <kind>archive</kind>
         <file>rts55x.lib</file>
         <name>fixdli.obj</name>
      </input_file>
      <input_file id="fl-37">
         <path>/km/ti/ccsv5/tools/compiler/c5500_4.4.1/lib/</path>
         <kind>archive</kind>
         <file>rts55x.lib</file>
         <name>fltlid.obj</name>
      </input_file>
      <input_file id="fl-38">
         <path>/km/ti/ccsv5/tools/compiler/c5500_4.4.1/lib/</path>
         <kind>archive</kind>
         <file>rts55x.lib</file>
         <name>fputc.obj</name>
      </input_file>
      <input_file id="fl-39">
         <path>/km/ti/ccsv5/tools/compiler/c5500_4.4.1/lib/</path>
         <kind>archive</kind>
         <file>rts55x.lib</file>
         <name>fputs.obj</name>
      </input_file>
      <input_file id="fl-3a">
         <path>/km/ti/ccsv5/tools/compiler/c5500_4.4.1/lib/</path>
         <kind>archive</kind>
         <file>rts55x.lib</file>
         <name>frcmpyd_div.obj</name>
      </input_file>
      <input_file id="fl-3b">
         <path>/km/ti/ccsv5/tools/compiler/c5500_4.4.1/lib/</path>
         <kind>archive</kind>
         <file>rts55x.lib</file>
         <name>isinf.obj</name>
      </input_file>
      <input_file id="fl-3c">
         <path>/km/ti/ccsv5/tools/compiler/c5500_4.4.1/lib/</path>
         <kind>archive</kind>
         <file>rts55x.lib</file>
         <name>llmpy.obj</name>
      </input_file>
      <input_file id="fl-3d">
         <path>/km/ti/ccsv5/tools/compiler/c5500_4.4.1/lib/</path>
         <kind>archive</kind>
         <file>rts55x.lib</file>
         <name>lmpy.obj</name>
      </input_file>
      <input_file id="fl-3e">
         <path>/km/ti/ccsv5/tools/compiler/c5500_4.4.1/lib/</path>
         <kind>archive</kind>
         <file>rts55x.lib</file>
         <name>lowlev.obj</name>
      </input_file>
      <input_file id="fl-3f">
         <path>/km/ti/ccsv5/tools/compiler/c5500_4.4.1/lib/</path>
         <kind>archive</kind>
         <file>rts55x.lib</file>
         <name>ltoa.obj</name>
      </input_file>
      <input_file id="fl-40">
         <path>/km/ti/ccsv5/tools/compiler/c5500_4.4.1/lib/</path>
         <kind>archive</kind>
         <file>rts55x.lib</file>
         <name>memccpy.obj</name>
      </input_file>
      <input_file id="fl-41">
         <path>/km/ti/ccsv5/tools/compiler/c5500_4.4.1/lib/</path>
         <kind>archive</kind>
         <file>rts55x.lib</file>
         <name>mpyd.obj</name>
      </input_file>
      <input_file id="fl-42">
         <path>/km/ti/ccsv5/tools/compiler/c5500_4.4.1/lib/</path>
         <kind>archive</kind>
         <file>rts55x.lib</file>
         <name>negd.obj</name>
      </input_file>
      <input_file id="fl-43">
         <path>/km/ti/ccsv5/tools/compiler/c5500_4.4.1/lib/</path>
         <kind>archive</kind>
         <file>rts55x.lib</file>
         <name>remli.obj</name>
      </input_file>
      <input_file id="fl-44">
         <path>/km/ti/ccsv5/tools/compiler/c5500_4.4.1/lib/</path>
         <kind>archive</kind>
         <file>rts55x.lib</file>
         <name>remul.obj</name>
      </input_file>
      <input_file id="fl-45">
         <path>/km/ti/ccsv5/tools/compiler/c5500_4.4.1/lib/</path>
         <kind>archive</kind>
         <file>rts55x.lib</file>
         <name>subd.obj</name>
      </input_file>
      <input_file id="fl-46">
         <path>/km/ti/ccsv5/tools/compiler/c5500_4.4.1/lib/</path>
         <kind>archive</kind>
         <file>rts55x.lib</file>
         <name>trgdrv.obj</name>
      </input_file>
      <input_file id="fl-47">
         <path>/km/ti/ccsv5/tools/compiler/c5500_4.4.1/lib/</path>
         <kind>archive</kind>
         <file>rts55x.lib</file>
         <name>trgmsg.obj</name>
      </input_file>
      <input_file id="fl-48">
         <path>/km/ti/ccsv5/tools/compiler/c5500_4.4.1/lib/</path>
         <kind>archive</kind>
         <file>rts55x.lib</file>
         <name>_io_perm.obj</name>
      </input_file>
      <input_file id="fl-49">
         <path>/km/ti/ccsv5/tools/compiler/c5500_4.4.1/lib/</path>
         <kind>archive</kind>
         <file>rts55x.lib</file>
         <name>addd.obj</name>
      </input_file>
      <input_file id="fl-4a">
         <path>/km/ti/ccsv5/tools/compiler/c5500_4.4.1/lib/</path>
         <kind>archive</kind>
         <file>rts55x.lib</file>
         <name>divli.obj</name>
      </input_file>
      <input_file id="fl-4b">
         <path>/km/ti/ccsv5/tools/compiler/c5500_4.4.1/lib/</path>
         <kind>archive</kind>
         <file>rts55x.lib</file>
         <name>fflush.obj</name>
      </input_file>
      <input_file id="fl-4c">
         <path>/km/ti/ccsv5/tools/compiler/c5500_4.4.1/lib/</path>
         <kind>archive</kind>
         <file>rts55x.lib</file>
         <name>frcmpyd.obj</name>
      </input_file>
      <input_file id="fl-4d">
         <path>/km/ti/ccsv5/tools/compiler/c5500_4.4.1/lib/</path>
         <kind>archive</kind>
         <file>rts55x.lib</file>
         <name>fseek.obj</name>
      </input_file>
      <input_file id="fl-4e">
         <path>/km/ti/ccsv5/tools/compiler/c5500_4.4.1/lib/</path>
         <kind>archive</kind>
         <file>rts55x.lib</file>
         <name>setvbuf.obj</name>
      </input_file>
      <input_file id="fl-4f">
         <path>/km/ti/ccsv5/tools/compiler/c5500_4.4.1/lib/</path>
         <kind>archive</kind>
         <file>rts55x.lib</file>
         <name>fopen.obj</name>
      </input_file>
      <input_file id="fl-50">
         <path>/km/ti/ccsv5/tools/compiler/c5500_4.4.1/lib/</path>
         <kind>archive</kind>
         <file>rts55x.lib</file>
         <name>memory.obj</name>
      </input_file>
      <input_file id="fl-51">
         <path>/km/ti/ccsv5/tools/compiler/c5500_4.4.1/lib/</path>
         <kind>archive</kind>
         <file>rts55x.lib</file>
         <name>fclose.obj</name>
      </input_file>
      <input_file id="fl-52">
         <path>/km/ti/ccsv5/tools/compiler/c5500_4.4.1/lib/</path>
         <kind>archive</kind>
         <file>rts55x.lib</file>
         <name>remove.obj</name>
      </input_file>
      <input_file id="fl-53">
         <path>/km/ti/c55xx_csl/build/</path>
         <kind>archive</kind>
         <file>C55XXCSL_LP.lib</file>
         <name>vectors.obj</name>
      </input_file>
      <input_file id="fl-54">
         <path>/km/ti/c55xx_csl/build/</path>
         <kind>archive</kind>
         <file>C55XXCSL_LP.lib</file>
         <name>csl_sar.obj</name>
      </input_file>
      <input_file id="fl-55">
         <path>/km/ti/c55xx_csl/build/</path>
         <kind>archive</kind>
         <file>C55XXCSL_LP.lib</file>
         <name>csl_irqplug.obj</name>
      </input_file>
      <input_file id="fl-56">
         <path>/km/ti/c55xx_csl/build/</path>
         <kind>archive</kind>
         <file>C55XXCSL_LP.lib</file>
         <name>csl_intc.obj</name>
      </input_file>
   </input_file_list>
   <object_component_list>
      <object_component id="oc-b9">
         <name>.text</name>
         <load_address>0x1396e</load_address>
         <run_address>0x1396e</run_address>
         <size>0x543</size>
         <input_file_ref idref="fl-3e"/>
      </object_component>
      <object_component id="oc-c7">
         <name>.text</name>
         <load_address>0x13eb1</load_address>
         <run_address>0x13eb1</run_address>
         <size>0x14c</size>
         <input_file_ref idref="fl-41"/>
      </object_component>
      <object_component id="oc-61">
         <name>.text</name>
         <load_address>0x13ffd</load_address>
         <run_address>0x13ffd</run_address>
         <size>0x2</size>
         <input_file_ref idref="fl-29"/>
      </object_component>
      <object_component id="oc-11c">
         <name>.text</name>
         <load_address>0x14b64</load_address>
         <run_address>0x14b64</run_address>
         <size>0xb1a</size>
         <input_file_ref idref="fl-54"/>
      </object_component>
      <object_component id="oc-db">
         <name>.text</name>
         <load_address>0x1567e</load_address>
         <run_address>0x1567e</run_address>
         <size>0x528</size>
         <input_file_ref idref="fl-46"/>
      </object_component>
      <object_component id="oc-8b">
         <name>.text</name>
         <load_address>0x15ba6</load_address>
         <run_address>0x15ba6</run_address>
         <size>0x3cc</size>
         <input_file_ref idref="fl-33"/>
      </object_component>
      <object_component id="oc-121">
         <name>.text</name>
         <load_address>0x15f72</load_address>
         <run_address>0x15f72</run_address>
         <size>0x8c</size>
         <input_file_ref idref="fl-55"/>
      </object_component>
      <object_component id="oc-6f">
         <name>.text</name>
         <load_address>0x18000</load_address>
         <run_address>0x18000</run_address>
         <size>0x15a4</size>
         <input_file_ref idref="fl-2c"/>
      </object_component>
      <object_component id="oc-2c">
         <name>.text</name>
         <load_address>0x195a4</load_address>
         <run_address>0x195a4</run_address>
         <size>0x51f</size>
         <input_file_ref idref="fl-7"/>
      </object_component>
      <object_component id="oc-125">
         <name>.text</name>
         <load_address>0x19ac3</load_address>
         <run_address>0x19ac3</run_address>
         <size>0x508</size>
         <input_file_ref idref="fl-56"/>
      </object_component>
      <object_component id="oc-f">
         <name>.text</name>
         <load_address>0x19fcb</load_address>
         <run_address>0x19fcb</run_address>
         <size>0x34</size>
         <input_file_ref idref="fl-24"/>
      </object_component>
      <object_component id="oc-108">
         <name>.text</name>
         <load_address>0x1a000</load_address>
         <run_address>0x1a000</run_address>
         <size>0x4b5</size>
         <input_file_ref idref="fl-50"/>
      </object_component>
      <object_component id="oc-41">
         <name>.text</name>
         <load_address>0x1a4b5</load_address>
         <run_address>0x1a4b5</run_address>
         <size>0x3a9</size>
         <input_file_ref idref="fl-c"/>
      </object_component>
      <object_component id="oc-27">
         <name>.text</name>
         <load_address>0x1a85e</load_address>
         <run_address>0x1a85e</run_address>
         <size>0x321</size>
         <input_file_ref idref="fl-6"/>
      </object_component>
      <object_component id="oc-32">
         <name>.text</name>
         <load_address>0x1ab7f</load_address>
         <run_address>0x1ab7f</run_address>
         <size>0x2b1</size>
         <input_file_ref idref="fl-8"/>
      </object_component>
      <object_component id="oc-102">
         <name>.text</name>
         <load_address>0x1ae30</load_address>
         <run_address>0x1ae30</run_address>
         <size>0x27f</size>
         <input_file_ref idref="fl-4f"/>
      </object_component>
      <object_component id="oc-b1">
         <name>.text</name>
         <load_address>0x1b0af</load_address>
         <run_address>0x1b0af</run_address>
         <size>0x25e</size>
         <input_file_ref idref="fl-3c"/>
      </object_component>
      <object_component id="oc-ea">
         <name>.text</name>
         <load_address>0x1b30d</load_address>
         <run_address>0x1b30d</run_address>
         <size>0x25a</size>
         <input_file_ref idref="fl-49"/>
      </object_component>
      <object_component id="oc-81">
         <name>.text</name>
         <load_address>0x1b567</load_address>
         <run_address>0x1b567</run_address>
         <size>0x1ea</size>
         <input_file_ref idref="fl-30"/>
      </object_component>
      <object_component id="oc-11">
         <name>.text</name>
         <load_address>0x1b751</load_address>
         <run_address>0x1b751</run_address>
         <size>0x1c9</size>
         <input_file_ref idref="fl-2"/>
      </object_component>
      <object_component id="oc-45">
         <name>.text:retain</name>
         <load_address>0x1b91a</load_address>
         <run_address>0x1b91a</run_address>
         <size>0x16c</size>
         <input_file_ref idref="fl-c"/>
      </object_component>
      <object_component id="oc-a4">
         <name>.text</name>
         <load_address>0x1ba86</load_address>
         <run_address>0x1ba86</run_address>
         <size>0x163</size>
         <input_file_ref idref="fl-39"/>
      </object_component>
      <object_component id="oc-1d">
         <name>.text</name>
         <load_address>0x1bbe9</load_address>
         <run_address>0x1bbe9</run_address>
         <size>0x156</size>
         <input_file_ref idref="fl-4"/>
      </object_component>
      <object_component id="oc-16">
         <name>.text</name>
         <load_address>0x1bd3f</load_address>
         <run_address>0x1bd3f</run_address>
         <size>0x13e</size>
         <input_file_ref idref="fl-3"/>
      </object_component>
      <object_component id="oc-fe">
         <name>.text</name>
         <load_address>0x1be7d</load_address>
         <run_address>0x1be7d</run_address>
         <size>0xe6</size>
         <input_file_ref idref="fl-4e"/>
      </object_component>
      <object_component id="oc-bf">
         <name>.text</name>
         <load_address>0x1bf63</load_address>
         <run_address>0x1bf63</run_address>
         <size>0x7d</size>
         <input_file_ref idref="fl-3f"/>
      </object_component>
      <object_component id="oc-ad">
         <name>.text</name>
         <load_address>0x1bfe0</load_address>
         <run_address>0x1bfe0</run_address>
         <size>0x1a</size>
         <input_file_ref idref="fl-3b"/>
      </object_component>
      <object_component id="oc-e6">
         <name>.text</name>
         <load_address>0x1c000</load_address>
         <run_address>0x1c000</run_address>
         <size>0xdd</size>
         <input_file_ref idref="fl-48"/>
      </object_component>
      <object_component id="oc-f2">
         <name>.text</name>
         <load_address>0x1c0dd</load_address>
         <run_address>0x1c0dd</run_address>
         <size>0xc2</size>
         <input_file_ref idref="fl-4b"/>
      </object_component>
      <object_component id="oc-e3">
         <name>.text:CIO_breakpoint</name>
         <load_address>0x1c19f</load_address>
         <run_address>0x1c19f</run_address>
         <size>0xba</size>
         <input_file_ref idref="fl-47"/>
      </object_component>
      <object_component id="oc-a0">
         <name>.text</name>
         <load_address>0x1c259</load_address>
         <run_address>0x1c259</run_address>
         <size>0xa6</size>
         <input_file_ref idref="fl-38"/>
      </object_component>
      <object_component id="oc-8f">
         <name>.text</name>
         <load_address>0x1c2ff</load_address>
         <run_address>0x1c2ff</run_address>
         <size>0xa1</size>
         <input_file_ref idref="fl-34"/>
      </object_component>
      <object_component id="oc-10f">
         <name>.text</name>
         <load_address>0x1c3a0</load_address>
         <run_address>0x1c3a0</run_address>
         <size>0x7b</size>
         <input_file_ref idref="fl-51"/>
      </object_component>
      <object_component id="oc-f6">
         <name>.text</name>
         <load_address>0x1c41b</load_address>
         <run_address>0x1c41b</run_address>
         <size>0x76</size>
         <input_file_ref idref="fl-4c"/>
      </object_component>
      <object_component id="oc-a9">
         <name>.text</name>
         <load_address>0x1c491</load_address>
         <run_address>0x1c491</run_address>
         <size>0x73</size>
         <input_file_ref idref="fl-3a"/>
      </object_component>
      <object_component id="oc-d3">
         <name>.text</name>
         <load_address>0x1c504</load_address>
         <run_address>0x1c504</run_address>
         <size>0x72</size>
         <input_file_ref idref="fl-44"/>
      </object_component>
      <object_component id="oc-97">
         <name>.text</name>
         <load_address>0x1c576</load_address>
         <run_address>0x1c576</run_address>
         <size>0x6f</size>
         <input_file_ref idref="fl-36"/>
      </object_component>
      <object_component id="oc-117">
         <name>.text</name>
         <load_address>0x1c5e5</load_address>
         <run_address>0x1c5e5</run_address>
         <size>0x6d</size>
         <input_file_ref idref="fl-53"/>
      </object_component>
      <object_component id="oc-e0">
         <name>.text</name>
         <load_address>0x1c652</load_address>
         <run_address>0x1c652</run_address>
         <size>0x6d</size>
         <input_file_ref idref="fl-47"/>
      </object_component>
      <object_component id="oc-fa">
         <name>.text</name>
         <load_address>0x1c6bf</load_address>
         <run_address>0x1c6bf</run_address>
         <size>0x6b</size>
         <input_file_ref idref="fl-4d"/>
      </object_component>
      <object_component id="oc-65">
         <name>.text</name>
         <load_address>0x1c72a</load_address>
         <run_address>0x1c72a</run_address>
         <size>0x6a</size>
         <input_file_ref idref="fl-2a"/>
      </object_component>
      <object_component id="oc-9b">
         <name>.text</name>
         <load_address>0x1c794</load_address>
         <run_address>0x1c794</run_address>
         <size>0x67</size>
         <input_file_ref idref="fl-37"/>
      </object_component>
      <object_component id="oc-79">
         <name>.text</name>
         <load_address>0x1c7fb</load_address>
         <run_address>0x1c7fb</run_address>
         <size>0x5c</size>
         <input_file_ref idref="fl-2e"/>
      </object_component>
      <object_component id="oc-22">
         <name>.text</name>
         <load_address>0x1c857</load_address>
         <run_address>0x1c857</run_address>
         <size>0x54</size>
         <input_file_ref idref="fl-5"/>
      </object_component>
      <object_component id="oc-59">
         <name>.text</name>
         <load_address>0x1c8ab</load_address>
         <run_address>0x1c8ab</run_address>
         <size>0x50</size>
         <input_file_ref idref="fl-27"/>
      </object_component>
      <object_component id="oc-7d">
         <name>.text</name>
         <load_address>0x1c8fb</load_address>
         <run_address>0x1c8fb</run_address>
         <size>0x4d</size>
         <input_file_ref idref="fl-2f"/>
      </object_component>
      <object_component id="oc-75">
         <name>.text</name>
         <load_address>0x1c948</load_address>
         <run_address>0x1c948</run_address>
         <size>0x4b</size>
         <input_file_ref idref="fl-2d"/>
      </object_component>
      <object_component id="oc-cf">
         <name>.text</name>
         <load_address>0x1c993</load_address>
         <run_address>0x1c993</run_address>
         <size>0x4b</size>
         <input_file_ref idref="fl-43"/>
      </object_component>
      <object_component id="oc-ee">
         <name>.text</name>
         <load_address>0x1c9de</load_address>
         <run_address>0x1c9de</run_address>
         <size>0x48</size>
         <input_file_ref idref="fl-4a"/>
      </object_component>
      <object_component id="oc-55">
         <name>.text</name>
         <load_address>0x1ca26</load_address>
         <run_address>0x1ca26</run_address>
         <size>0x3f</size>
         <input_file_ref idref="fl-26"/>
      </object_component>
      <object_component id="oc-4e">
         <name>.text</name>
         <load_address>0x1ca65</load_address>
         <run_address>0x1ca65</run_address>
         <size>0x3e</size>
         <input_file_ref idref="fl-25"/>
      </object_component>
      <object_component id="oc-93">
         <name>.text</name>
         <load_address>0x1caa3</load_address>
         <run_address>0x1caa3</run_address>
         <size>0x2a</size>
         <input_file_ref idref="fl-35"/>
      </object_component>
      <object_component id="oc-5d">
         <name>.text</name>
         <load_address>0x1cacd</load_address>
         <run_address>0x1cacd</run_address>
         <size>0x2a</size>
         <input_file_ref idref="fl-28"/>
      </object_component>
      <object_component id="oc-c3">
         <name>.text</name>
         <load_address>0x1caf7</load_address>
         <run_address>0x1caf7</run_address>
         <size>0x23</size>
         <input_file_ref idref="fl-40"/>
      </object_component>
      <object_component id="oc-d7">
         <name>.text</name>
         <load_address>0x1cb1a</load_address>
         <run_address>0x1cb1a</run_address>
         <size>0x14</size>
         <input_file_ref idref="fl-45"/>
      </object_component>
      <object_component id="oc-b5">
         <name>.text</name>
         <load_address>0x1cb2e</load_address>
         <run_address>0x1cb2e</run_address>
         <size>0x13</size>
         <input_file_ref idref="fl-3d"/>
      </object_component>
      <object_component id="oc-69">
         <name>.text</name>
         <load_address>0x1cb41</load_address>
         <run_address>0x1cb41</run_address>
         <size>0x12</size>
         <input_file_ref idref="fl-2b"/>
      </object_component>
      <object_component id="oc-cb">
         <name>.text</name>
         <load_address>0x1cb53</load_address>
         <run_address>0x1cb53</run_address>
         <size>0x10</size>
         <input_file_ref idref="fl-42"/>
      </object_component>
      <object_component id="oc-3c">
         <name>.text</name>
         <load_address>0x1cb63</load_address>
         <run_address>0x1cb63</run_address>
         <size>0xe</size>
         <input_file_ref idref="fl-b"/>
      </object_component>
      <object_component id="oc-113">
         <name>.text</name>
         <load_address>0x1cb71</load_address>
         <run_address>0x1cb71</run_address>
         <size>0xa</size>
         <input_file_ref idref="fl-52"/>
      </object_component>
      <object_component id="oc-52">
         <name>.text:CIO_breakpoint</name>
         <load_address>0x1cb7b</load_address>
         <run_address>0x1cb7b</run_address>
         <size>0x7</size>
         <input_file_ref idref="fl-25"/>
      </object_component>
      <object_component id="oc-4a">
         <name>.stack</name>
         <uninitialized>true</uninitialized>
         <run_address>0x16000</run_address>
         <size>0x0</size>
         <input_file_ref idref="fl-24"/>
      </object_component>
      <object_component id="oc-148">
         <name>.stack</name>
         <uninitialized>true</uninitialized>
         <run_address>0x16000</run_address>
         <size>0x0</size>
      </object_component>
      <object_component id="oc-12b">
         <name>.sysstack</name>
         <uninitialized>true</uninitialized>
         <run_address>0x400</run_address>
         <size>0x0</size>
         <input_file_ref idref="fl-24"/>
      </object_component>
      <object_component id="oc-14a">
         <name>.sysstack</name>
         <uninitialized>true</uninitialized>
         <run_address>0x400</run_address>
         <size>0x0</size>
      </object_component>
      <object_component id="oc-87">
         <name>.bss</name>
         <uninitialized>true</uninitialized>
         <run_address>0x186c</run_address>
         <size>0x232</size>
         <input_file_ref idref="fl-32"/>
      </object_component>
      <object_component id="oc-dc">
         <name>.bss</name>
         <uninitialized>true</uninitialized>
         <run_address>0x1a9e</run_address>
         <size>0x1a0</size>
         <input_file_ref idref="fl-46"/>
      </object_component>
      <object_component id="oc-103">
         <name>.bss</name>
         <uninitialized>true</uninitialized>
         <run_address>0x1c3e</run_address>
         <size>0x2</size>
         <input_file_ref idref="fl-4f"/>
      </object_component>
      <object_component id="oc-126">
         <name>.bss</name>
         <uninitialized>true</uninitialized>
         <run_address>0x1c40</run_address>
         <size>0x108</size>
         <input_file_ref idref="fl-56"/>
      </object_component>
      <object_component id="oc-42">
         <name>.bss</name>
         <uninitialized>true</uninitialized>
         <run_address>0x1d48</run_address>
         <size>0x16</size>
         <input_file_ref idref="fl-c"/>
      </object_component>
      <object_component id="oc-17">
         <name>.bss</name>
         <uninitialized>true</uninitialized>
         <run_address>0x1d5e</run_address>
         <size>0x2</size>
         <input_file_ref idref="fl-3"/>
      </object_component>
      <object_component id="oc-109">
         <name>.bss</name>
         <uninitialized>true</uninitialized>
         <run_address>0x1d60</run_address>
         <size>0xc</size>
         <input_file_ref idref="fl-50"/>
      </object_component>
      <object_component id="oc-6a">
         <name>.bss</name>
         <uninitialized>true</uninitialized>
         <run_address>0x1d6c</run_address>
         <size>0x8</size>
         <input_file_ref idref="fl-2b"/>
      </object_component>
      <object_component id="oc-4f">
         <name>.bss</name>
         <uninitialized>true</uninitialized>
         <run_address>0x1d74</run_address>
         <size>0x8</size>
         <input_file_ref idref="fl-25"/>
      </object_component>
      <object_component id="oc-ba">
         <name>.bss</name>
         <uninitialized>true</uninitialized>
         <run_address>0x1388c</run_address>
         <size>0xe2</size>
         <input_file_ref idref="fl-3e"/>
      </object_component>
      <object_component id="oc-33">
         <name>.bss</name>
         <uninitialized>true</uninitialized>
         <run_address>0x14354</run_address>
         <size>0x810</size>
         <input_file_ref idref="fl-8"/>
      </object_component>
      <object_component id="oc-130">
         <name>.const:__ctypes_</name>
         <load_address>0x1400</load_address>
         <run_address>0x1400</run_address>
         <size>0x202</size>
         <input_file_ref idref="fl-31"/>
      </object_component>
      <object_component id="oc-2e">
         <name>.const:.string</name>
         <load_address>0x1604</load_address>
         <run_address>0x1604</run_address>
         <size>0x198</size>
         <input_file_ref idref="fl-7"/>
      </object_component>
      <object_component id="oc-72">
         <name>.const:.string</name>
         <load_address>0x179c</load_address>
         <run_address>0x179c</run_address>
         <size>0x48</size>
         <input_file_ref idref="fl-2c"/>
      </object_component>
      <object_component id="oc-12f">
         <name>.const:___FUNCTION__$3</name>
         <load_address>0x17e4</load_address>
         <run_address>0x17e4</run_address>
         <size>0x24</size>
         <input_file_ref idref="fl-c"/>
      </object_component>
      <object_component id="oc-12d">
         <name>.const:___FUNCTION__$1</name>
         <load_address>0x1808</load_address>
         <run_address>0x1808</run_address>
         <size>0x1a</size>
         <input_file_ref idref="fl-c"/>
      </object_component>
      <object_component id="oc-71">
         <name>.const</name>
         <load_address>0x1824</load_address>
         <run_address>0x1824</run_address>
         <size>0x18</size>
         <input_file_ref idref="fl-2c"/>
      </object_component>
      <object_component id="oc-12e">
         <name>.const:___FUNCTION__$2</name>
         <load_address>0x183c</load_address>
         <run_address>0x183c</run_address>
         <size>0x16</size>
         <input_file_ref idref="fl-c"/>
      </object_component>
      <object_component id="oc-131">
         <name>.const:_initial_approx$1</name>
         <load_address>0x1852</load_address>
         <run_address>0x1852</run_address>
         <size>0x10</size>
         <input_file_ref idref="fl-33"/>
      </object_component>
      <object_component id="oc-a6">
         <name>.const:.string</name>
         <load_address>0x1864</load_address>
         <run_address>0x1864</run_address>
         <size>0x4</size>
         <input_file_ref idref="fl-39"/>
      </object_component>
      <object_component id="oc-9d">
         <name>.const</name>
         <load_address>0x1868</load_address>
         <run_address>0x1868</run_address>
         <size>0x4</size>
         <input_file_ref idref="fl-37"/>
      </object_component>
      <object_component id="oc-46">
         <name>.const:.string</name>
         <load_address>0x12000</load_address>
         <run_address>0x12000</run_address>
         <size>0xc8a</size>
         <input_file_ref idref="fl-c"/>
      </object_component>
      <object_component id="oc-12c">
         <name>.const:_Font8x6</name>
         <load_address>0x12c8a</load_address>
         <run_address>0x12c8a</run_address>
         <size>0xc00</size>
         <input_file_ref idref="fl-9"/>
      </object_component>
      <object_component id="oc-10c">
         <name>.sysmem</name>
         <uninitialized>true</uninitialized>
         <run_address>0x10000</run_address>
         <size>0x0</size>
         <input_file_ref idref="fl-50"/>
      </object_component>
      <object_component id="oc-149">
         <name>.sysmem</name>
         <uninitialized>true</uninitialized>
         <run_address>0x10000</run_address>
         <size>0x0</size>
      </object_component>
      <object_component id="oc-bc">
         <name>.cinit</name>
         <load_address>0x14240</load_address>
         <run_address>0x14240</run_address>
         <size>0x5a</size>
         <input_file_ref idref="fl-3e"/>
      </object_component>
      <object_component id="oc-89">
         <name>.cinit</name>
         <load_address>0x1429a</load_address>
         <run_address>0x1429a</run_address>
         <size>0x54</size>
         <input_file_ref idref="fl-32"/>
      </object_component>
      <object_component id="oc-44">
         <name>.cinit</name>
         <load_address>0x142ee</load_address>
         <run_address>0x142ee</run_address>
         <size>0x22</size>
         <input_file_ref idref="fl-c"/>
      </object_component>
      <object_component id="oc-6c">
         <name>.cinit</name>
         <load_address>0x14310</load_address>
         <run_address>0x14310</run_address>
         <size>0x14</size>
         <input_file_ref idref="fl-2b"/>
      </object_component>
      <object_component id="oc-51">
         <name>.cinit</name>
         <load_address>0x14324</load_address>
         <run_address>0x14324</run_address>
         <size>0x14</size>
         <input_file_ref idref="fl-25"/>
      </object_component>
      <object_component id="oc-105">
         <name>.cinit</name>
         <load_address>0x14338</load_address>
         <run_address>0x14338</run_address>
         <size>0x8</size>
         <input_file_ref idref="fl-4f"/>
      </object_component>
      <object_component id="oc-10b">
         <name>.cinit</name>
         <load_address>0x14340</load_address>
         <run_address>0x14340</run_address>
         <size>0x8</size>
         <input_file_ref idref="fl-50"/>
      </object_component>
      <object_component id="oc-19">
         <name>.cinit</name>
         <load_address>0x14348</load_address>
         <run_address>0x14348</run_address>
         <size>0x8</size>
         <input_file_ref idref="fl-3"/>
      </object_component>
      <object_component id="oc-e2">
         <name>.cio</name>
         <uninitialized>true</uninitialized>
         <run_address>0x14000</run_address>
         <size>0x240</size>
         <input_file_ref idref="fl-47"/>
      </object_component>
      <object_component id="oc-118">
         <name>vectors</name>
         <load_address>0x100</load_address>
         <run_address>0x100</run_address>
         <size>0x100</size>
         <input_file_ref idref="fl-53"/>
      </object_component>
      <object_component id="oc-10">
         <name>vectors</name>
         <load_address>0x200</load_address>
         <run_address>0x200</run_address>
         <size>0x100</size>
         <input_file_ref idref="fl-29"/>
      </object_component>
      <object_component id="oc-12">
         <name>.debug_info</name>
         <load_address>0x0</load_address>
         <run_address>0x0</run_address>
         <size>0x123e</size>
         <input_file_ref idref="fl-2"/>
      </object_component>
      <object_component id="oc-18">
         <name>.debug_info</name>
         <load_address>0x123e</load_address>
         <run_address>0x123e</run_address>
         <size>0xe05</size>
         <input_file_ref idref="fl-3"/>
      </object_component>
      <object_component id="oc-1e">
         <name>.debug_info</name>
         <load_address>0x2043</load_address>
         <run_address>0x2043</run_address>
         <size>0x9d8</size>
         <input_file_ref idref="fl-4"/>
      </object_component>
      <object_component id="oc-23">
         <name>.debug_info</name>
         <load_address>0x2a1b</load_address>
         <run_address>0x2a1b</run_address>
         <size>0x7f7</size>
         <input_file_ref idref="fl-5"/>
      </object_component>
      <object_component id="oc-28">
         <name>.debug_info</name>
         <load_address>0x3212</load_address>
         <run_address>0x3212</run_address>
         <size>0x231e</size>
         <input_file_ref idref="fl-6"/>
      </object_component>
      <object_component id="oc-2d">
         <name>.debug_info</name>
         <load_address>0x5530</load_address>
         <run_address>0x5530</run_address>
         <size>0x1a3f</size>
         <input_file_ref idref="fl-7"/>
      </object_component>
      <object_component id="oc-34">
         <name>.debug_info</name>
         <load_address>0x6f6f</load_address>
         <run_address>0x6f6f</run_address>
         <size>0x15eb</size>
         <input_file_ref idref="fl-8"/>
      </object_component>
      <object_component id="oc-38">
         <name>.debug_info</name>
         <load_address>0x855a</load_address>
         <run_address>0x855a</run_address>
         <size>0x50c</size>
         <input_file_ref idref="fl-9"/>
      </object_component>
      <object_component id="oc-3a">
         <name>.debug_info</name>
         <load_address>0x8a66</load_address>
         <run_address>0x8a66</run_address>
         <size>0x499</size>
         <input_file_ref idref="fl-a"/>
      </object_component>
      <object_component id="oc-3d">
         <name>.debug_info</name>
         <load_address>0x8eff</load_address>
         <run_address>0x8eff</run_address>
         <size>0x565</size>
         <input_file_ref idref="fl-b"/>
      </object_component>
      <object_component id="oc-43">
         <name>.debug_info</name>
         <load_address>0x9464</load_address>
         <run_address>0x9464</run_address>
         <size>0x1739</size>
         <input_file_ref idref="fl-c"/>
      </object_component>
      <object_component id="oc-4b">
         <name>.debug_info</name>
         <load_address>0xab9d</load_address>
         <run_address>0xab9d</run_address>
         <size>0xe8</size>
         <input_file_ref idref="fl-24"/>
      </object_component>
      <object_component id="oc-50">
         <name>.debug_info</name>
         <load_address>0xac85</load_address>
         <run_address>0xac85</run_address>
         <size>0x5fb</size>
         <input_file_ref idref="fl-25"/>
      </object_component>
      <object_component id="oc-56">
         <name>.debug_info</name>
         <load_address>0xb280</load_address>
         <run_address>0xb280</run_address>
         <size>0xd1</size>
         <input_file_ref idref="fl-26"/>
      </object_component>
      <object_component id="oc-5a">
         <name>.debug_info</name>
         <load_address>0xb351</load_address>
         <run_address>0xb351</run_address>
         <size>0x76c</size>
         <input_file_ref idref="fl-27"/>
      </object_component>
      <object_component id="oc-5e">
         <name>.debug_info</name>
         <load_address>0xbabd</load_address>
         <run_address>0xbabd</run_address>
         <size>0xef</size>
         <input_file_ref idref="fl-28"/>
      </object_component>
      <object_component id="oc-62">
         <name>.debug_info</name>
         <load_address>0xbbac</load_address>
         <run_address>0xbbac</run_address>
         <size>0xbc</size>
         <input_file_ref idref="fl-29"/>
      </object_component>
      <object_component id="oc-66">
         <name>.debug_info</name>
         <load_address>0xbc68</load_address>
         <run_address>0xbc68</run_address>
         <size>0x6dc</size>
         <input_file_ref idref="fl-2a"/>
      </object_component>
      <object_component id="oc-6b">
         <name>.debug_info</name>
         <load_address>0xc344</load_address>
         <run_address>0xc344</run_address>
         <size>0x5bc</size>
         <input_file_ref idref="fl-2b"/>
      </object_component>
      <object_component id="oc-70">
         <name>.debug_info</name>
         <load_address>0xc900</load_address>
         <run_address>0xc900</run_address>
         <size>0x27bd</size>
         <input_file_ref idref="fl-2c"/>
      </object_component>
      <object_component id="oc-76">
         <name>.debug_info</name>
         <load_address>0xf0bd</load_address>
         <run_address>0xf0bd</run_address>
         <size>0x586</size>
         <input_file_ref idref="fl-2d"/>
      </object_component>
      <object_component id="oc-7a">
         <name>.debug_info</name>
         <load_address>0xf643</load_address>
         <run_address>0xf643</run_address>
         <size>0x5a4</size>
         <input_file_ref idref="fl-2e"/>
      </object_component>
      <object_component id="oc-7e">
         <name>.debug_info</name>
         <load_address>0xfbe7</load_address>
         <run_address>0xfbe7</run_address>
         <size>0xcd</size>
         <input_file_ref idref="fl-2f"/>
      </object_component>
      <object_component id="oc-82">
         <name>.debug_info</name>
         <load_address>0xfcb4</load_address>
         <run_address>0xfcb4</run_address>
         <size>0x81f</size>
         <input_file_ref idref="fl-30"/>
      </object_component>
      <object_component id="oc-85">
         <name>.debug_info</name>
         <load_address>0x104d3</load_address>
         <run_address>0x104d3</run_address>
         <size>0x498</size>
         <input_file_ref idref="fl-31"/>
      </object_component>
      <object_component id="oc-88">
         <name>.debug_info</name>
         <load_address>0x1096b</load_address>
         <run_address>0x1096b</run_address>
         <size>0x57e</size>
         <input_file_ref idref="fl-32"/>
      </object_component>
      <object_component id="oc-8c">
         <name>.debug_info</name>
         <load_address>0x10ee9</load_address>
         <run_address>0x10ee9</run_address>
         <size>0x7e8</size>
         <input_file_ref idref="fl-33"/>
      </object_component>
      <object_component id="oc-90">
         <name>.debug_info</name>
         <load_address>0x116d1</load_address>
         <run_address>0x116d1</run_address>
         <size>0x534</size>
         <input_file_ref idref="fl-34"/>
      </object_component>
      <object_component id="oc-94">
         <name>.debug_info</name>
         <load_address>0x11c05</load_address>
         <run_address>0x11c05</run_address>
         <size>0x4cf</size>
         <input_file_ref idref="fl-35"/>
      </object_component>
      <object_component id="oc-98">
         <name>.debug_info</name>
         <load_address>0x120d4</load_address>
         <run_address>0x120d4</run_address>
         <size>0x534</size>
         <input_file_ref idref="fl-36"/>
      </object_component>
      <object_component id="oc-9c">
         <name>.debug_info</name>
         <load_address>0x12608</load_address>
         <run_address>0x12608</run_address>
         <size>0x549</size>
         <input_file_ref idref="fl-37"/>
      </object_component>
      <object_component id="oc-a1">
         <name>.debug_info</name>
         <load_address>0x12b51</load_address>
         <run_address>0x12b51</run_address>
         <size>0x6aa</size>
         <input_file_ref idref="fl-38"/>
      </object_component>
      <object_component id="oc-a5">
         <name>.debug_info</name>
         <load_address>0x131fb</load_address>
         <run_address>0x131fb</run_address>
         <size>0x942</size>
         <input_file_ref idref="fl-39"/>
      </object_component>
      <object_component id="oc-aa">
         <name>.debug_info</name>
         <load_address>0x13b3d</load_address>
         <run_address>0x13b3d</run_address>
         <size>0x53e</size>
         <input_file_ref idref="fl-3a"/>
      </object_component>
      <object_component id="oc-ae">
         <name>.debug_info</name>
         <load_address>0x1407b</load_address>
         <run_address>0x1407b</run_address>
         <size>0x680</size>
         <input_file_ref idref="fl-3b"/>
      </object_component>
      <object_component id="oc-b2">
         <name>.debug_info</name>
         <load_address>0x146fb</load_address>
         <run_address>0x146fb</run_address>
         <size>0x7d4</size>
         <input_file_ref idref="fl-3c"/>
      </object_component>
      <object_component id="oc-b6">
         <name>.debug_info</name>
         <load_address>0x14ecf</load_address>
         <run_address>0x14ecf</run_address>
         <size>0xbd</size>
         <input_file_ref idref="fl-3d"/>
      </object_component>
      <object_component id="oc-bb">
         <name>.debug_info</name>
         <load_address>0x14f8c</load_address>
         <run_address>0x14f8c</run_address>
         <size>0x144b</size>
         <input_file_ref idref="fl-3e"/>
      </object_component>
      <object_component id="oc-c0">
         <name>.debug_info</name>
         <load_address>0x163d7</load_address>
         <run_address>0x163d7</run_address>
         <size>0x5ad</size>
         <input_file_ref idref="fl-3f"/>
      </object_component>
      <object_component id="oc-c4">
         <name>.debug_info</name>
         <load_address>0x16984</load_address>
         <run_address>0x16984</run_address>
         <size>0x574</size>
         <input_file_ref idref="fl-40"/>
      </object_component>
      <object_component id="oc-c8">
         <name>.debug_info</name>
         <load_address>0x16ef8</load_address>
         <run_address>0x16ef8</run_address>
         <size>0x55b</size>
         <input_file_ref idref="fl-41"/>
      </object_component>
      <object_component id="oc-cc">
         <name>.debug_info</name>
         <load_address>0x17453</load_address>
         <run_address>0x17453</run_address>
         <size>0x4b7</size>
         <input_file_ref idref="fl-42"/>
      </object_component>
      <object_component id="oc-d0">
         <name>.debug_info</name>
         <load_address>0x1790a</load_address>
         <run_address>0x1790a</run_address>
         <size>0x4f2</size>
         <input_file_ref idref="fl-43"/>
      </object_component>
      <object_component id="oc-d4">
         <name>.debug_info</name>
         <load_address>0x17dfc</load_address>
         <run_address>0x17dfc</run_address>
         <size>0x534</size>
         <input_file_ref idref="fl-44"/>
      </object_component>
      <object_component id="oc-d8">
         <name>.debug_info</name>
         <load_address>0x18330</load_address>
         <run_address>0x18330</run_address>
         <size>0x4de</size>
         <input_file_ref idref="fl-45"/>
      </object_component>
      <object_component id="oc-dd">
         <name>.debug_info</name>
         <load_address>0x1880e</load_address>
         <run_address>0x1880e</run_address>
         <size>0xed4</size>
         <input_file_ref idref="fl-46"/>
      </object_component>
      <object_component id="oc-e1">
         <name>.debug_info</name>
         <load_address>0x196e2</load_address>
         <run_address>0x196e2</run_address>
         <size>0x744</size>
         <input_file_ref idref="fl-47"/>
      </object_component>
      <object_component id="oc-e7">
         <name>.debug_info</name>
         <load_address>0x19e26</load_address>
         <run_address>0x19e26</run_address>
         <size>0x662</size>
         <input_file_ref idref="fl-48"/>
      </object_component>
      <object_component id="oc-eb">
         <name>.debug_info</name>
         <load_address>0x1a488</load_address>
         <run_address>0x1a488</run_address>
         <size>0x5ab</size>
         <input_file_ref idref="fl-49"/>
      </object_component>
      <object_component id="oc-ef">
         <name>.debug_info</name>
         <load_address>0x1aa33</load_address>
         <run_address>0x1aa33</run_address>
         <size>0x4f2</size>
         <input_file_ref idref="fl-4a"/>
      </object_component>
      <object_component id="oc-f3">
         <name>.debug_info</name>
         <load_address>0x1af25</load_address>
         <run_address>0x1af25</run_address>
         <size>0x706</size>
         <input_file_ref idref="fl-4b"/>
      </object_component>
      <object_component id="oc-f7">
         <name>.debug_info</name>
         <load_address>0x1b62b</load_address>
         <run_address>0x1b62b</run_address>
         <size>0x4d2</size>
         <input_file_ref idref="fl-4c"/>
      </object_component>
      <object_component id="oc-fb">
         <name>.debug_info</name>
         <load_address>0x1bafd</load_address>
         <run_address>0x1bafd</run_address>
         <size>0x5f7</size>
         <input_file_ref idref="fl-4d"/>
      </object_component>
      <object_component id="oc-ff">
         <name>.debug_info</name>
         <load_address>0x1c0f4</load_address>
         <run_address>0x1c0f4</run_address>
         <size>0x64a</size>
         <input_file_ref idref="fl-4e"/>
      </object_component>
      <object_component id="oc-104">
         <name>.debug_info</name>
         <load_address>0x1c73e</load_address>
         <run_address>0x1c73e</run_address>
         <size>0xa1c</size>
         <input_file_ref idref="fl-4f"/>
      </object_component>
      <object_component id="oc-10a">
         <name>.debug_info</name>
         <load_address>0x1d15a</load_address>
         <run_address>0x1d15a</run_address>
         <size>0xb97</size>
         <input_file_ref idref="fl-50"/>
      </object_component>
      <object_component id="oc-110">
         <name>.debug_info</name>
         <load_address>0x1dcf1</load_address>
         <run_address>0x1dcf1</run_address>
         <size>0x64f</size>
         <input_file_ref idref="fl-51"/>
      </object_component>
      <object_component id="oc-114">
         <name>.debug_info</name>
         <load_address>0x1e340</load_address>
         <run_address>0x1e340</run_address>
         <size>0x510</size>
         <input_file_ref idref="fl-52"/>
      </object_component>
      <object_component id="oc-119">
         <name>.debug_info</name>
         <load_address>0x1e850</load_address>
         <run_address>0x1e850</run_address>
         <size>0x1b6</size>
         <input_file_ref idref="fl-53"/>
      </object_component>
      <object_component id="oc-11d">
         <name>.debug_info</name>
         <load_address>0x1ea06</load_address>
         <run_address>0x1ea06</run_address>
         <size>0x228d</size>
         <input_file_ref idref="fl-54"/>
      </object_component>
      <object_component id="oc-122">
         <name>.debug_info</name>
         <load_address>0x20c93</load_address>
         <run_address>0x20c93</run_address>
         <size>0x19c</size>
         <input_file_ref idref="fl-55"/>
      </object_component>
      <object_component id="oc-127">
         <name>.debug_info</name>
         <load_address>0x20e2f</load_address>
         <run_address>0x20e2f</run_address>
         <size>0x1c8a</size>
         <input_file_ref idref="fl-56"/>
      </object_component>
      <object_component id="oc-15d">
         <name>.debug_info</name>
         <load_address>0x22ab9</load_address>
         <run_address>0x22ab9</run_address>
         <size>0x70</size>
      </object_component>
      <object_component id="oc-13">
         <name>.debug_frame</name>
         <load_address>0x0</load_address>
         <run_address>0x0</run_address>
         <size>0x1d9</size>
         <input_file_ref idref="fl-2"/>
      </object_component>
      <object_component id="oc-1a">
         <name>.debug_frame</name>
         <load_address>0x1d9</load_address>
         <run_address>0x1d9</run_address>
         <size>0x14a</size>
         <input_file_ref idref="fl-3"/>
      </object_component>
      <object_component id="oc-1f">
         <name>.debug_frame</name>
         <load_address>0x323</load_address>
         <run_address>0x323</run_address>
         <size>0x135</size>
         <input_file_ref idref="fl-4"/>
      </object_component>
      <object_component id="oc-24">
         <name>.debug_frame</name>
         <load_address>0x458</load_address>
         <run_address>0x458</run_address>
         <size>0x116</size>
         <input_file_ref idref="fl-5"/>
      </object_component>
      <object_component id="oc-29">
         <name>.debug_frame</name>
         <load_address>0x56e</load_address>
         <run_address>0x56e</run_address>
         <size>0x2a8</size>
         <input_file_ref idref="fl-6"/>
      </object_component>
      <object_component id="oc-2f">
         <name>.debug_frame</name>
         <load_address>0x816</load_address>
         <run_address>0x816</run_address>
         <size>0x1de</size>
         <input_file_ref idref="fl-7"/>
      </object_component>
      <object_component id="oc-35">
         <name>.debug_frame</name>
         <load_address>0x9f4</load_address>
         <run_address>0x9f4</run_address>
         <size>0x1db</size>
         <input_file_ref idref="fl-8"/>
      </object_component>
      <object_component id="oc-3e">
         <name>.debug_frame</name>
         <load_address>0xbcf</load_address>
         <run_address>0xbcf</run_address>
         <size>0xe4</size>
         <input_file_ref idref="fl-b"/>
      </object_component>
      <object_component id="oc-47">
         <name>.debug_frame</name>
         <load_address>0xcb3</load_address>
         <run_address>0xcb3</run_address>
         <size>0x2ba</size>
         <input_file_ref idref="fl-c"/>
      </object_component>
      <object_component id="oc-11e">
         <name>.debug_frame</name>
         <load_address>0xf6d</load_address>
         <run_address>0xf6d</run_address>
         <size>0x272</size>
         <input_file_ref idref="fl-54"/>
      </object_component>
      <object_component id="oc-128">
         <name>.debug_frame</name>
         <load_address>0x11df</load_address>
         <run_address>0x11df</run_address>
         <size>0x2a1</size>
         <input_file_ref idref="fl-56"/>
      </object_component>
      <object_component id="oc-14">
         <name>.debug_line</name>
         <load_address>0x0</load_address>
         <run_address>0x0</run_address>
         <size>0x1a8</size>
         <input_file_ref idref="fl-2"/>
      </object_component>
      <object_component id="oc-1b">
         <name>.debug_line</name>
         <load_address>0x1a8</load_address>
         <run_address>0x1a8</run_address>
         <size>0x150</size>
         <input_file_ref idref="fl-3"/>
      </object_component>
      <object_component id="oc-20">
         <name>.debug_line</name>
         <load_address>0x2f8</load_address>
         <run_address>0x2f8</run_address>
         <size>0x10c</size>
         <input_file_ref idref="fl-4"/>
      </object_component>
      <object_component id="oc-25">
         <name>.debug_line</name>
         <load_address>0x404</load_address>
         <run_address>0x404</run_address>
         <size>0xb1</size>
         <input_file_ref idref="fl-5"/>
      </object_component>
      <object_component id="oc-2a">
         <name>.debug_line</name>
         <load_address>0x4b5</load_address>
         <run_address>0x4b5</run_address>
         <size>0x299</size>
         <input_file_ref idref="fl-6"/>
      </object_component>
      <object_component id="oc-30">
         <name>.debug_line</name>
         <load_address>0x74e</load_address>
         <run_address>0x74e</run_address>
         <size>0x2d8</size>
         <input_file_ref idref="fl-7"/>
      </object_component>
      <object_component id="oc-36">
         <name>.debug_line</name>
         <load_address>0xa26</load_address>
         <run_address>0xa26</run_address>
         <size>0x1b8</size>
         <input_file_ref idref="fl-8"/>
      </object_component>
      <object_component id="oc-3f">
         <name>.debug_line</name>
         <load_address>0xbde</load_address>
         <run_address>0xbde</run_address>
         <size>0x42</size>
         <input_file_ref idref="fl-b"/>
      </object_component>
      <object_component id="oc-48">
         <name>.debug_line</name>
         <load_address>0xc20</load_address>
         <run_address>0xc20</run_address>
         <size>0xf0</size>
         <input_file_ref idref="fl-c"/>
      </object_component>
      <object_component id="oc-4c">
         <name>.debug_line</name>
         <load_address>0xd10</load_address>
         <run_address>0xd10</run_address>
         <size>0x54</size>
         <input_file_ref idref="fl-24"/>
      </object_component>
      <object_component id="oc-53">
         <name>.debug_line</name>
         <load_address>0xd64</load_address>
         <run_address>0xd64</run_address>
         <size>0x51</size>
         <input_file_ref idref="fl-25"/>
      </object_component>
      <object_component id="oc-57">
         <name>.debug_line</name>
         <load_address>0xdb5</load_address>
         <run_address>0xdb5</run_address>
         <size>0x4d</size>
         <input_file_ref idref="fl-26"/>
      </object_component>
      <object_component id="oc-5b">
         <name>.debug_line</name>
         <load_address>0xe02</load_address>
         <run_address>0xe02</run_address>
         <size>0x69</size>
         <input_file_ref idref="fl-27"/>
      </object_component>
      <object_component id="oc-5f">
         <name>.debug_line</name>
         <load_address>0xe6b</load_address>
         <run_address>0xe6b</run_address>
         <size>0x58</size>
         <input_file_ref idref="fl-28"/>
      </object_component>
      <object_component id="oc-63">
         <name>.debug_line</name>
         <load_address>0xec3</load_address>
         <run_address>0xec3</run_address>
         <size>0x37</size>
         <input_file_ref idref="fl-29"/>
      </object_component>
      <object_component id="oc-67">
         <name>.debug_line</name>
         <load_address>0xefa</load_address>
         <run_address>0xefa</run_address>
         <size>0x69</size>
         <input_file_ref idref="fl-2a"/>
      </object_component>
      <object_component id="oc-6d">
         <name>.debug_line</name>
         <load_address>0xf63</load_address>
         <run_address>0xf63</run_address>
         <size>0x57</size>
         <input_file_ref idref="fl-2b"/>
      </object_component>
      <object_component id="oc-73">
         <name>.debug_line</name>
         <load_address>0xfba</load_address>
         <run_address>0xfba</run_address>
         <size>0x328</size>
         <input_file_ref idref="fl-2c"/>
      </object_component>
      <object_component id="oc-77">
         <name>.debug_line</name>
         <load_address>0x12e2</load_address>
         <run_address>0x12e2</run_address>
         <size>0x41</size>
         <input_file_ref idref="fl-2d"/>
      </object_component>
      <object_component id="oc-7b">
         <name>.debug_line</name>
         <load_address>0x1323</load_address>
         <run_address>0x1323</run_address>
         <size>0x46</size>
         <input_file_ref idref="fl-2e"/>
      </object_component>
      <object_component id="oc-7f">
         <name>.debug_line</name>
         <load_address>0x1369</load_address>
         <run_address>0x1369</run_address>
         <size>0x55</size>
         <input_file_ref idref="fl-2f"/>
      </object_component>
      <object_component id="oc-83">
         <name>.debug_line</name>
         <load_address>0x13be</load_address>
         <run_address>0x13be</run_address>
         <size>0xad</size>
         <input_file_ref idref="fl-30"/>
      </object_component>
      <object_component id="oc-8d">
         <name>.debug_line</name>
         <load_address>0x146b</load_address>
         <run_address>0x146b</run_address>
         <size>0x5b</size>
         <input_file_ref idref="fl-33"/>
      </object_component>
      <object_component id="oc-91">
         <name>.debug_line</name>
         <load_address>0x14c6</load_address>
         <run_address>0x14c6</run_address>
         <size>0x44</size>
         <input_file_ref idref="fl-34"/>
      </object_component>
      <object_component id="oc-95">
         <name>.debug_line</name>
         <load_address>0x150a</load_address>
         <run_address>0x150a</run_address>
         <size>0x3d</size>
         <input_file_ref idref="fl-35"/>
      </object_component>
      <object_component id="oc-99">
         <name>.debug_line</name>
         <load_address>0x1547</load_address>
         <run_address>0x1547</run_address>
         <size>0x3d</size>
         <input_file_ref idref="fl-36"/>
      </object_component>
      <object_component id="oc-9e">
         <name>.debug_line</name>
         <load_address>0x1584</load_address>
         <run_address>0x1584</run_address>
         <size>0x44</size>
         <input_file_ref idref="fl-37"/>
      </object_component>
      <object_component id="oc-a2">
         <name>.debug_line</name>
         <load_address>0x15c8</load_address>
         <run_address>0x15c8</run_address>
         <size>0x56</size>
         <input_file_ref idref="fl-38"/>
      </object_component>
      <object_component id="oc-a7">
         <name>.debug_line</name>
         <load_address>0x161e</load_address>
         <run_address>0x161e</run_address>
         <size>0xa8</size>
         <input_file_ref idref="fl-39"/>
      </object_component>
      <object_component id="oc-ab">
         <name>.debug_line</name>
         <load_address>0x16c6</load_address>
         <run_address>0x16c6</run_address>
         <size>0x40</size>
         <input_file_ref idref="fl-3a"/>
      </object_component>
      <object_component id="oc-af">
         <name>.debug_line</name>
         <load_address>0x1706</load_address>
         <run_address>0x1706</run_address>
         <size>0x38</size>
         <input_file_ref idref="fl-3b"/>
      </object_component>
      <object_component id="oc-b3">
         <name>.debug_line</name>
         <load_address>0x173e</load_address>
         <run_address>0x173e</run_address>
         <size>0xa8</size>
         <input_file_ref idref="fl-3c"/>
      </object_component>
      <object_component id="oc-b7">
         <name>.debug_line</name>
         <load_address>0x17e6</load_address>
         <run_address>0x17e6</run_address>
         <size>0x3c</size>
         <input_file_ref idref="fl-3d"/>
      </object_component>
      <object_component id="oc-bd">
         <name>.debug_line</name>
         <load_address>0x1822</load_address>
         <run_address>0x1822</run_address>
         <size>0x1b0</size>
         <input_file_ref idref="fl-3e"/>
      </object_component>
      <object_component id="oc-c1">
         <name>.debug_line</name>
         <load_address>0x19d2</load_address>
         <run_address>0x19d2</run_address>
         <size>0x40</size>
         <input_file_ref idref="fl-3f"/>
      </object_component>
      <object_component id="oc-c5">
         <name>.debug_line</name>
         <load_address>0x1a12</load_address>
         <run_address>0x1a12</run_address>
         <size>0x3c</size>
         <input_file_ref idref="fl-40"/>
      </object_component>
      <object_component id="oc-c9">
         <name>.debug_line</name>
         <load_address>0x1a4e</load_address>
         <run_address>0x1a4e</run_address>
         <size>0x3c</size>
         <input_file_ref idref="fl-41"/>
      </object_component>
      <object_component id="oc-cd">
         <name>.debug_line</name>
         <load_address>0x1a8a</load_address>
         <run_address>0x1a8a</run_address>
         <size>0x37</size>
         <input_file_ref idref="fl-42"/>
      </object_component>
      <object_component id="oc-d1">
         <name>.debug_line</name>
         <load_address>0x1ac1</load_address>
         <run_address>0x1ac1</run_address>
         <size>0x3c</size>
         <input_file_ref idref="fl-43"/>
      </object_component>
      <object_component id="oc-d5">
         <name>.debug_line</name>
         <load_address>0x1afd</load_address>
         <run_address>0x1afd</run_address>
         <size>0x44</size>
         <input_file_ref idref="fl-44"/>
      </object_component>
      <object_component id="oc-d9">
         <name>.debug_line</name>
         <load_address>0x1b41</load_address>
         <run_address>0x1b41</run_address>
         <size>0x37</size>
         <input_file_ref idref="fl-45"/>
      </object_component>
      <object_component id="oc-de">
         <name>.debug_line</name>
         <load_address>0x1b78</load_address>
         <run_address>0x1b78</run_address>
         <size>0x15d</size>
         <input_file_ref idref="fl-46"/>
      </object_component>
      <object_component id="oc-e4">
         <name>.debug_line</name>
         <load_address>0x1cd5</load_address>
         <run_address>0x1cd5</run_address>
         <size>0x6a</size>
         <input_file_ref idref="fl-47"/>
      </object_component>
      <object_component id="oc-e8">
         <name>.debug_line</name>
         <load_address>0x1d3f</load_address>
         <run_address>0x1d3f</run_address>
         <size>0x57</size>
         <input_file_ref idref="fl-48"/>
      </object_component>
      <object_component id="oc-ec">
         <name>.debug_line</name>
         <load_address>0x1d96</load_address>
         <run_address>0x1d96</run_address>
         <size>0x5c</size>
         <input_file_ref idref="fl-49"/>
      </object_component>
      <object_component id="oc-f0">
         <name>.debug_line</name>
         <load_address>0x1df2</load_address>
         <run_address>0x1df2</run_address>
         <size>0x3c</size>
         <input_file_ref idref="fl-4a"/>
      </object_component>
      <object_component id="oc-f4">
         <name>.debug_line</name>
         <load_address>0x1e2e</load_address>
         <run_address>0x1e2e</run_address>
         <size>0x5b</size>
         <input_file_ref idref="fl-4b"/>
      </object_component>
      <object_component id="oc-f8">
         <name>.debug_line</name>
         <load_address>0x1e89</load_address>
         <run_address>0x1e89</run_address>
         <size>0x3a</size>
         <input_file_ref idref="fl-4c"/>
      </object_component>
      <object_component id="oc-fc">
         <name>.debug_line</name>
         <load_address>0x1ec3</load_address>
         <run_address>0x1ec3</run_address>
         <size>0x3c</size>
         <input_file_ref idref="fl-4d"/>
      </object_component>
      <object_component id="oc-100">
         <name>.debug_line</name>
         <load_address>0x1eff</load_address>
         <run_address>0x1eff</run_address>
         <size>0x3f</size>
         <input_file_ref idref="fl-4e"/>
      </object_component>
      <object_component id="oc-106">
         <name>.debug_line</name>
         <load_address>0x1f3e</load_address>
         <run_address>0x1f3e</run_address>
         <size>0xd7</size>
         <input_file_ref idref="fl-4f"/>
      </object_component>
      <object_component id="oc-10d">
         <name>.debug_line</name>
         <load_address>0x2015</load_address>
         <run_address>0x2015</run_address>
         <size>0x112</size>
         <input_file_ref idref="fl-50"/>
      </object_component>
      <object_component id="oc-111">
         <name>.debug_line</name>
         <load_address>0x2127</load_address>
         <run_address>0x2127</run_address>
         <size>0x3d</size>
         <input_file_ref idref="fl-51"/>
      </object_component>
      <object_component id="oc-115">
         <name>.debug_line</name>
         <load_address>0x2164</load_address>
         <run_address>0x2164</run_address>
         <size>0x39</size>
         <input_file_ref idref="fl-52"/>
      </object_component>
      <object_component id="oc-11a">
         <name>.debug_line</name>
         <load_address>0x219d</load_address>
         <run_address>0x219d</run_address>
         <size>0xac</size>
         <input_file_ref idref="fl-53"/>
      </object_component>
      <object_component id="oc-11f">
         <name>.debug_line</name>
         <load_address>0x2249</load_address>
         <run_address>0x2249</run_address>
         <size>0x498</size>
         <input_file_ref idref="fl-54"/>
      </object_component>
      <object_component id="oc-123">
         <name>.debug_line</name>
         <load_address>0x26e1</load_address>
         <run_address>0x26e1</run_address>
         <size>0xb0</size>
         <input_file_ref idref="fl-55"/>
      </object_component>
      <object_component id="oc-129">
         <name>.debug_line</name>
         <load_address>0x2791</load_address>
         <run_address>0x2791</run_address>
         <size>0x302</size>
         <input_file_ref idref="fl-56"/>
      </object_component>
      <object_component id="oc-15">
         <name>.debug_abbrev</name>
         <load_address>0x0</load_address>
         <run_address>0x0</run_address>
         <size>0xb5</size>
         <input_file_ref idref="fl-2"/>
      </object_component>
      <object_component id="oc-1c">
         <name>.debug_abbrev</name>
         <load_address>0xb5</load_address>
         <run_address>0xb5</run_address>
         <size>0xf0</size>
         <input_file_ref idref="fl-3"/>
      </object_component>
      <object_component id="oc-21">
         <name>.debug_abbrev</name>
         <load_address>0x1a5</load_address>
         <run_address>0x1a5</run_address>
         <size>0x87</size>
         <input_file_ref idref="fl-4"/>
      </object_component>
      <object_component id="oc-26">
         <name>.debug_abbrev</name>
         <load_address>0x22c</load_address>
         <run_address>0x22c</run_address>
         <size>0xe7</size>
         <input_file_ref idref="fl-5"/>
      </object_component>
      <object_component id="oc-2b">
         <name>.debug_abbrev</name>
         <load_address>0x313</load_address>
         <run_address>0x313</run_address>
         <size>0x134</size>
         <input_file_ref idref="fl-6"/>
      </object_component>
      <object_component id="oc-31">
         <name>.debug_abbrev</name>
         <load_address>0x447</load_address>
         <run_address>0x447</run_address>
         <size>0x15e</size>
         <input_file_ref idref="fl-7"/>
      </object_component>
      <object_component id="oc-37">
         <name>.debug_abbrev</name>
         <load_address>0x5a5</load_address>
         <run_address>0x5a5</run_address>
         <size>0x16e</size>
         <input_file_ref idref="fl-8"/>
      </object_component>
      <object_component id="oc-39">
         <name>.debug_abbrev</name>
         <load_address>0x713</load_address>
         <run_address>0x713</run_address>
         <size>0x73</size>
         <input_file_ref idref="fl-9"/>
      </object_component>
      <object_component id="oc-3b">
         <name>.debug_abbrev</name>
         <load_address>0x786</load_address>
         <run_address>0x786</run_address>
         <size>0x34</size>
         <input_file_ref idref="fl-a"/>
      </object_component>
      <object_component id="oc-40">
         <name>.debug_abbrev</name>
         <load_address>0x7ba</load_address>
         <run_address>0x7ba</run_address>
         <size>0x95</size>
         <input_file_ref idref="fl-b"/>
      </object_component>
      <object_component id="oc-49">
         <name>.debug_abbrev</name>
         <load_address>0x84f</load_address>
         <run_address>0x84f</run_address>
         <size>0x1c8</size>
         <input_file_ref idref="fl-c"/>
      </object_component>
      <object_component id="oc-4d">
         <name>.debug_abbrev</name>
         <load_address>0xa17</load_address>
         <run_address>0xa17</run_address>
         <size>0x3a</size>
         <input_file_ref idref="fl-24"/>
      </object_component>
      <object_component id="oc-54">
         <name>.debug_abbrev</name>
         <load_address>0xa51</load_address>
         <run_address>0xa51</run_address>
         <size>0xf7</size>
         <input_file_ref idref="fl-25"/>
      </object_component>
      <object_component id="oc-58">
         <name>.debug_abbrev</name>
         <load_address>0xb48</load_address>
         <run_address>0xb48</run_address>
         <size>0x38</size>
         <input_file_ref idref="fl-26"/>
      </object_component>
      <object_component id="oc-5c">
         <name>.debug_abbrev</name>
         <load_address>0xb80</load_address>
         <run_address>0xb80</run_address>
         <size>0x145</size>
         <input_file_ref idref="fl-27"/>
      </object_component>
      <object_component id="oc-60">
         <name>.debug_abbrev</name>
         <load_address>0xcc5</load_address>
         <run_address>0xcc5</run_address>
         <size>0x38</size>
         <input_file_ref idref="fl-28"/>
      </object_component>
      <object_component id="oc-64">
         <name>.debug_abbrev</name>
         <load_address>0xcfd</load_address>
         <run_address>0xcfd</run_address>
         <size>0x26</size>
         <input_file_ref idref="fl-29"/>
      </object_component>
      <object_component id="oc-68">
         <name>.debug_abbrev</name>
         <load_address>0xd23</load_address>
         <run_address>0xd23</run_address>
         <size>0x10e</size>
         <input_file_ref idref="fl-2a"/>
      </object_component>
      <object_component id="oc-6e">
         <name>.debug_abbrev</name>
         <load_address>0xe31</load_address>
         <run_address>0xe31</run_address>
         <size>0x9f</size>
         <input_file_ref idref="fl-2b"/>
      </object_component>
      <object_component id="oc-74">
         <name>.debug_abbrev</name>
         <load_address>0xed0</load_address>
         <run_address>0xed0</run_address>
         <size>0x1f8</size>
         <input_file_ref idref="fl-2c"/>
      </object_component>
      <object_component id="oc-78">
         <name>.debug_abbrev</name>
         <load_address>0x10c8</load_address>
         <run_address>0x10c8</run_address>
         <size>0xec</size>
         <input_file_ref idref="fl-2d"/>
      </object_component>
      <object_component id="oc-7c">
         <name>.debug_abbrev</name>
         <load_address>0x11b4</load_address>
         <run_address>0x11b4</run_address>
         <size>0xd5</size>
         <input_file_ref idref="fl-2e"/>
      </object_component>
      <object_component id="oc-80">
         <name>.debug_abbrev</name>
         <load_address>0x1289</load_address>
         <run_address>0x1289</run_address>
         <size>0x44</size>
         <input_file_ref idref="fl-2f"/>
      </object_component>
      <object_component id="oc-84">
         <name>.debug_abbrev</name>
         <load_address>0x12cd</load_address>
         <run_address>0x12cd</run_address>
         <size>0xb7</size>
         <input_file_ref idref="fl-30"/>
      </object_component>
      <object_component id="oc-86">
         <name>.debug_abbrev</name>
         <load_address>0x1384</load_address>
         <run_address>0x1384</run_address>
         <size>0x68</size>
         <input_file_ref idref="fl-31"/>
      </object_component>
      <object_component id="oc-8a">
         <name>.debug_abbrev</name>
         <load_address>0x13ec</load_address>
         <run_address>0x13ec</run_address>
         <size>0x83</size>
         <input_file_ref idref="fl-32"/>
      </object_component>
      <object_component id="oc-8e">
         <name>.debug_abbrev</name>
         <load_address>0x146f</load_address>
         <run_address>0x146f</run_address>
         <size>0x112</size>
         <input_file_ref idref="fl-33"/>
      </object_component>
      <object_component id="oc-92">
         <name>.debug_abbrev</name>
         <load_address>0x1581</load_address>
         <run_address>0x1581</run_address>
         <size>0xb5</size>
         <input_file_ref idref="fl-34"/>
      </object_component>
      <object_component id="oc-96">
         <name>.debug_abbrev</name>
         <load_address>0x1636</load_address>
         <run_address>0x1636</run_address>
         <size>0x8f</size>
         <input_file_ref idref="fl-35"/>
      </object_component>
      <object_component id="oc-9a">
         <name>.debug_abbrev</name>
         <load_address>0x16c5</load_address>
         <run_address>0x16c5</run_address>
         <size>0xb7</size>
         <input_file_ref idref="fl-36"/>
      </object_component>
      <object_component id="oc-9f">
         <name>.debug_abbrev</name>
         <load_address>0x177c</load_address>
         <run_address>0x177c</run_address>
         <size>0xc2</size>
         <input_file_ref idref="fl-37"/>
      </object_component>
      <object_component id="oc-a3">
         <name>.debug_abbrev</name>
         <load_address>0x183e</load_address>
         <run_address>0x183e</run_address>
         <size>0x103</size>
         <input_file_ref idref="fl-38"/>
      </object_component>
      <object_component id="oc-a8">
         <name>.debug_abbrev</name>
         <load_address>0x1941</load_address>
         <run_address>0x1941</run_address>
         <size>0x140</size>
         <input_file_ref idref="fl-39"/>
      </object_component>
[...]
         <object_component_ref idref="oc-65"/>
      </symbol>
      <symbol id="sm-25c">
         <name>__unlock</name>
         <value>0x1d70</value>
         <object_component_ref idref="oc-6a"/>
      </symbol>
      <symbol id="sm-25d">
         <name>__lock</name>
         <value>0x1d6c</value>
         <object_component_ref idref="oc-6a"/>
      </symbol>
      <symbol id="sm-25e">
         <name>__register_lock</name>
         <value>0x1cb49</value>
         <object_component_ref idref="oc-69"/>
      </symbol>
      <symbol id="sm-25f">
         <name>__nop</name>
         <value>0x1cb51</value>
         <object_component_ref idref="oc-69"/>
      </symbol>
      <symbol id="sm-260">
         <name>__register_unlock</name>
         <value>0x1cb41</value>
         <object_component_ref idref="oc-69"/>
      </symbol>
      <symbol id="sm-272">
         <name>__printfi</name>
         <value>0x19362</value>
         <object_component_ref idref="oc-6f"/>
      </symbol>
      <symbol id="sm-27c">
         <name>__args_main</name>
         <value>0x1c948</value>
         <object_component_ref idref="oc-75"/>
      </symbol>
      <symbol id="sm-27d">
         <name>__TI_args_main</name>
         <value>0x1</value>
      </symbol>
      <symbol id="sm-287">
         <name>_atoi</name>
         <value>0x1c7fb</value>
         <object_component_ref idref="oc-79"/>
      </symbol>
      <symbol id="sm-28f">
         <name>_auto_init</name>
         <value>0x1c8fb</value>
         <object_component_ref idref="oc-7d"/>
      </symbol>
      <symbol id="sm-299">
         <name>__eqld</name>
         <value>0x1b6c5</value>
         <object_component_ref idref="oc-81"/>
      </symbol>
      <symbol id="sm-29a">
         <name>__cmpd</name>
         <value>0x1b6f9</value>
         <object_component_ref idref="oc-81"/>
      </symbol>
      <symbol id="sm-29b">
         <name>__neqd</name>
         <value>0x1b567</value>
         <object_component_ref idref="oc-81"/>
      </symbol>
      <symbol id="sm-29c">
         <name>__gtrd</name>
         <value>0x1b630</value>
         <object_component_ref idref="oc-81"/>
      </symbol>
      <symbol id="sm-29d">
         <name>__geqd</name>
         <value>0x1b67b</value>
         <object_component_ref idref="oc-81"/>
      </symbol>
      <symbol id="sm-29e">
         <name>__leqd</name>
         <value>0x1b5e3</value>
         <object_component_ref idref="oc-81"/>
      </symbol>
      <symbol id="sm-29f">
         <name>__lssd</name>
         <value>0x1b59b</value>
         <object_component_ref idref="oc-81"/>
      </symbol>
      <symbol id="sm-2a7">
         <name>__ctypes_</name>
         <value>0x1400</value>
         <object_component_ref idref="oc-130"/>
      </symbol>
      <symbol id="sm-2b1">
         <name>__tmpnams</name>
         <value>0x195c</value>
         <object_component_ref idref="oc-87"/>
      </symbol>
      <symbol id="sm-2b2">
         <name>__ft_end</name>
         <value>0x1a9c</value>
         <object_component_ref idref="oc-87"/>
      </symbol>
      <symbol id="sm-2b3">
         <name>__ftable</name>
         <value>0x186c</value>
         <object_component_ref idref="oc-87"/>
      </symbol>
      <symbol id="sm-2bf">
         <name>__divd</name>
         <value>0x15ba6</value>
         <object_component_ref idref="oc-8b"/>
      </symbol>
      <symbol id="sm-2ca">
         <name>__divul</name>
         <value>0x1c2ff</value>
         <object_component_ref idref="oc-8f"/>
      </symbol>
      <symbol id="sm-2d4">
         <name>__fixdi</name>
         <value>0x1caa3</value>
         <object_component_ref idref="oc-93"/>
      </symbol>
      <symbol id="sm-2de">
         <name>__fixdli</name>
         <value>0x1c576</value>
         <object_component_ref idref="oc-97"/>
      </symbol>
      <symbol id="sm-2ea">
         <name>__fltlid</name>
         <value>0x1c794</value>
         <object_component_ref idref="oc-9b"/>
      </symbol>
      <symbol id="sm-2f4">
         <name>_putchar</name>
         <value>0x1c2f0</value>
         <object_component_ref idref="oc-a0"/>
      </symbol>
      <symbol id="sm-2f5">
         <name>_putc</name>
         <value>0x1c259</value>
         <object_component_ref idref="oc-a0"/>
      </symbol>
      <symbol id="sm-2f6">
         <name>_fputc</name>
         <value>0x1c259</value>
         <object_component_ref idref="oc-a0"/>
      </symbol>
      <symbol id="sm-304">
         <name>_puts</name>
         <value>0x1bbbb</value>
         <object_component_ref idref="oc-a4"/>
      </symbol>
      <symbol id="sm-305">
         <name>_fputs</name>
         <value>0x1ba86</value>
         <object_component_ref idref="oc-a4"/>
      </symbol>
      <symbol id="sm-30f">
         <name>__frcmpyd_div</name>
         <value>0x1c491</value>
         <object_component_ref idref="oc-a9"/>
      </symbol>
      <symbol id="sm-319">
         <name>___isinf</name>
         <value>0x1bfe0</value>
         <object_component_ref idref="oc-ad"/>
      </symbol>
      <symbol id="sm-323">
         <name>__divull</name>
         <value>0x1b1e4</value>
         <object_component_ref idref="oc-b1"/>
      </symbol>
      <symbol id="sm-324">
         <name>__mpylli</name>
         <value>0x1b12c</value>
         <object_component_ref idref="oc-b1"/>
      </symbol>
      <symbol id="sm-325">
         <name>__remlli</name>
         <value>0x1b0fd</value>
         <object_component_ref idref="oc-b1"/>
      </symbol>
      <symbol id="sm-326">
         <name>__divlli</name>
         <value>0x1b2d8</value>
         <object_component_ref idref="oc-b1"/>
      </symbol>
      <symbol id="sm-327">
         <name>__remull</name>
         <value>0x1b0af</value>
         <object_component_ref idref="oc-b1"/>
      </symbol>
      <symbol id="sm-32f">
         <name>__mpyli</name>
         <value>0x1cb2e</value>
         <object_component_ref idref="oc-b5"/>
      </symbol>
      <symbol id="sm-330">
         <name>I$$LMPY</name>
         <value>0x1cb2e</value>
         <object_component_ref idref="oc-b5"/>
      </symbol>
      <symbol id="sm-342">
         <name>_add_device</name>
         <value>0x13dc1</value>
         <object_component_ref idref="oc-b9"/>
      </symbol>
      <symbol id="sm-343">
         <name>_rename</name>
         <value>0x13ae3</value>
         <object_component_ref idref="oc-b9"/>
      </symbol>
      <symbol id="sm-344">
         <name>_read</name>
         <value>0x13b72</value>
         <object_component_ref idref="oc-b9"/>
      </symbol>
      <symbol id="sm-345">
         <name>_unlink</name>
         <value>0x13ab0</value>
         <object_component_ref idref="oc-b9"/>
      </symbol>
      <symbol id="sm-346">
         <name>_remove_device</name>
         <value>0x13b3c</value>
         <object_component_ref idref="oc-b9"/>
      </symbol>
      <symbol id="sm-347">
         <name>_open</name>
         <value>0x13c20</value>
         <object_component_ref idref="oc-b9"/>
      </symbol>
      <symbol id="sm-348">
         <name>_find_registered_device</name>
         <value>0x13d45</value>
         <object_component_ref idref="oc-b9"/>
      </symbol>
      <symbol id="sm-349">
         <name>_lseek</name>
         <value>0x13cdf</value>
         <object_component_ref idref="oc-b9"/>
      </symbol>
      <symbol id="sm-34a">
         <name>_close</name>
         <value>0x13d4e</value>
         <object_component_ref idref="oc-b9"/>
      </symbol>
      <symbol id="sm-34b">
         <name>_write</name>
         <value>0x1396e</value>
         <object_component_ref idref="oc-b9"/>
      </symbol>
      <symbol id="sm-355">
         <name>_ltoa</name>
         <value>0x1bf63</value>
         <object_component_ref idref="oc-bf"/>
      </symbol>
      <symbol id="sm-360">
         <name>_memccpy</name>
         <value>0x1caf7</value>
         <object_component_ref idref="oc-c3"/>
      </symbol>
      <symbol id="sm-36a">
         <name>__mpyd</name>
         <value>0x13eb1</value>
         <object_component_ref idref="oc-c7"/>
      </symbol>
      <symbol id="sm-374">
         <name>__negd</name>
         <value>0x1cb53</value>
         <object_component_ref idref="oc-cb"/>
      </symbol>
      <symbol id="sm-37e">
         <name>__remli</name>
         <value>0x1c993</value>
         <object_component_ref idref="oc-cf"/>
      </symbol>
      <symbol id="sm-389">
         <name>__remul</name>
         <value>0x1c504</value>
         <object_component_ref idref="oc-d3"/>
      </symbol>
      <symbol id="sm-393">
         <name>__subd</name>
         <value>0x1cb1a</value>
         <object_component_ref idref="oc-d7"/>
      </symbol>
      <symbol id="sm-39f">
         <name>_HOSTopen</name>
         <value>0x15989</value>
         <object_component_ref idref="oc-db"/>
      </symbol>
      <symbol id="sm-3a0">
         <name>_HOSTread</name>
         <value>0x158fc</value>
         <object_component_ref idref="oc-db"/>
      </symbol>
      <symbol id="sm-3a1">
         <name>_HOSTtime</name>
         <value>0x157f0</value>
         <object_component_ref idref="oc-db"/>
      </symbol>
      <symbol id="sm-3a2">
         <name>_getenv</name>
         <value>0x1567e</value>
         <object_component_ref idref="oc-db"/>
      </symbol>
      <symbol id="sm-3a3">
         <name>_HOSTrename</name>
         <value>0x1584e</value>
         <object_component_ref idref="oc-db"/>
      </symbol>
      <symbol id="sm-3a4">
         <name>_HOSTclock</name>
         <value>0x15b48</value>
         <object_component_ref idref="oc-db"/>
      </symbol>
      <symbol id="sm-3a5">
         <name>_HOSTwrite</name>
         <value>0x156f9</value>
         <object_component_ref idref="oc-db"/>
      </symbol>
      <symbol id="sm-3a6">
         <name>_HOSTlseek</name>
         <value>0x15a28</value>
         <object_component_ref idref="oc-db"/>
      </symbol>
      <symbol id="sm-3a7">
         <name>_HOSTunlink</name>
         <value>0x15786</value>
         <object_component_ref idref="oc-db"/>
      </symbol>
      <symbol id="sm-3a8">
         <name>_HOSTclose</name>
         <value>0x15add</value>
         <object_component_ref idref="oc-db"/>
      </symbol>
      <symbol id="sm-3ba">
         <name>C$$IO$$</name>
         <value>0x1c254</value>
         <object_component_ref idref="oc-e3"/>
      </symbol>
      <symbol id="sm-3bb">
         <name>__CIOBUF_</name>
         <value>0x14000</value>
         <object_component_ref idref="oc-e2"/>
      </symbol>
      <symbol id="sm-3bc">
         <name>_readmsg</name>
         <value>0x1c652</value>
         <object_component_ref idref="oc-e0"/>
      </symbol>
      <symbol id="sm-3bd">
         <name>_writemsg</name>
         <value>0x1c19f</value>
         <object_component_ref idref="oc-e3"/>
      </symbol>
      <symbol id="sm-3c7">
         <name>__rd_ok</name>
         <value>0x1c080</value>
         <object_component_ref idref="oc-e6"/>
      </symbol>
      <symbol id="sm-3c8">
         <name>__wrt_ok</name>
         <value>0x1c000</value>
         <object_component_ref idref="oc-e6"/>
      </symbol>
      <symbol id="sm-3d2">
         <name>__addd</name>
         <value>0x1b30d</value>
         <object_component_ref idref="oc-ea"/>
      </symbol>
      <symbol id="sm-3dc">
         <name>__divli</name>
         <value>0x1c9de</value>
         <object_component_ref idref="oc-ee"/>
      </symbol>
      <symbol id="sm-3e6">
         <name>__doflush</name>
         <value>0x1c0dd</value>
         <object_component_ref idref="oc-f2"/>
      </symbol>
      <symbol id="sm-3e7">
         <name>_fflush</name>
         <value>0x1c146</value>
         <object_component_ref idref="oc-f2"/>
      </symbol>
      <symbol id="sm-3f1">
         <name>__frcmpyd</name>
         <value>0x1c41b</value>
         <object_component_ref idref="oc-f6"/>
      </symbol>
      <symbol id="sm-3fb">
         <name>_fseek</name>
         <value>0x1c6bf</value>
         <object_component_ref idref="oc-fa"/>
      </symbol>
      <symbol id="sm-405">
         <name>_setvbuf</name>
         <value>0x1be7d</value>
         <object_component_ref idref="oc-fe"/>
      </symbol>
      <symbol id="sm-414">
         <name>__cleanup</name>
         <value>0x1af51</value>
         <object_component_ref idref="oc-102"/>
      </symbol>
      <symbol id="sm-415">
         <name>_fopen</name>
         <value>0x1b074</value>
         <object_component_ref idref="oc-102"/>
      </symbol>
      <symbol id="sm-416">
         <name>_freopen</name>
         <value>0x1afab</value>
         <object_component_ref idref="oc-102"/>
      </symbol>
      <symbol id="sm-426">
         <name>__sys_memory</name>
         <value>0x10000</value>
         <object_component_ref idref="oc-10c"/>
      </symbol>
      <symbol id="sm-427">
         <name>_chkheap</name>
         <value>0x1a487</value>
         <object_component_ref idref="oc-108"/>
      </symbol>
      <symbol id="sm-428">
         <name>_realloc</name>
         <value>0x1a226</value>
         <object_component_ref idref="oc-108"/>
      </symbol>
      <symbol id="sm-429">
         <name>_free_memory</name>
         <value>0x1a431</value>
         <object_component_ref idref="oc-108"/>
      </symbol>
      <symbol id="sm-42a">
         <name>_max_free</name>
         <value>0x1a3d7</value>
         <object_component_ref idref="oc-108"/>
      </symbol>
      <symbol id="sm-42b">
         <name>_free</name>
         <value>0x1a000</value>
         <object_component_ref idref="oc-108"/>
      </symbol>
      <symbol id="sm-42c">
         <name>_calloc</name>
         <value>0x1a48f</value>
         <object_component_ref idref="oc-108"/>
      </symbol>
      <symbol id="sm-42d">
         <name>_malloc</name>
         <value>0x1a131</value>
         <object_component_ref idref="oc-108"/>
      </symbol>
      <symbol id="sm-42e">
         <name>_minit</name>
         <value>0x1a0cc</value>
         <object_component_ref idref="oc-108"/>
      </symbol>
      <symbol id="sm-438">
         <name>_fclose</name>
         <value>0x1c3a0</value>
         <object_component_ref idref="oc-10f"/>
      </symbol>
      <symbol id="sm-442">
         <name>_remove</name>
         <value>0x1cb71</value>
         <object_component_ref idref="oc-113"/>
      </symbol>
      <symbol id="sm-48c">
         <name>_VECSTART</name>
         <value>0x100</value>
         <object_component_ref idref="oc-118"/>
      </symbol>
      <symbol id="sm-48d">
         <name>RST</name>
         <value>0x100</value>
         <object_component_ref idref="oc-118"/>
      </symbol>
      <symbol id="sm-4d9">
         <name>_SAR_chanClose</name>
         <value>0x14c5f</value>
         <object_component_ref idref="oc-11c"/>
      </symbol>
      <symbol id="sm-4da">
         <name>_SAR_readData</name>
         <value>0x150a8</value>
         <object_component_ref idref="oc-11c"/>
      </symbol>
      <symbol id="sm-4db">
         <name>_SAR_chanInit</name>
         <value>0x14be2</value>
         <object_component_ref idref="oc-11c"/>
      </symbol>
      <symbol id="sm-4dc">
         <name>_SAR_chanSetup</name>
         <value>0x14dcb</value>
         <object_component_ref idref="oc-11c"/>
      </symbol>
      <symbol id="sm-4dd">
         <name>_SAR_getConfig</name>
         <value>0x14d59</value>
         <object_component_ref idref="oc-11c"/>
      </symbol>
      <symbol id="sm-4de">
         <name>_SAR_chanOpen</name>
         <value>0x14bfd</value>
         <object_component_ref idref="oc-11c"/>
      </symbol>
      <symbol id="sm-4df">
         <name>_SAR_getStatus</name>
         <value>0x1563f</value>
         <object_component_ref idref="oc-11c"/>
      </symbol>
      <symbol id="sm-4e0">
         <name>_SAR_GPODirSet</name>
         <value>0x15563</value>
         <object_component_ref idref="oc-11c"/>
      </symbol>
      <symbol id="sm-4e1">
         <name>_SAR_chanCycSet</name>
         <value>0x14fe0</value>
         <object_component_ref idref="oc-11c"/>
      </symbol>
      <symbol id="sm-4e2">
         <name>_SAR_stopConversion</name>
         <value>0x15061</value>
         <object_component_ref idref="oc-11c"/>
      </symbol>
      <symbol id="sm-4e3">
         <name>_SAR_A2DMeasParamSet</name>
         <value>0x150e9</value>
         <object_component_ref idref="oc-11c"/>
      </symbol>
      <symbol id="sm-4e4">
         <name>_SAR_chanConfig</name>
         <value>0x14ce3</value>
         <object_component_ref idref="oc-11c"/>
      </symbol>
      <symbol id="sm-4e5">
         <name>_SAR_deInit</name>
         <value>0x14bc2</value>
         <object_component_ref idref="oc-11c"/>
      </symbol>
      <symbol id="sm-4e6">
         <name>_SAR_init</name>
         <value>0x14b64</value>
         <object_component_ref idref="oc-11c"/>
      </symbol>
      <symbol id="sm-4e7">
         <name>_SAR_startConversion</name>
         <value>0x1502f</value>
         <object_component_ref idref="oc-11c"/>
      </symbol>
      <symbol id="sm-4f2">
         <name>_IRQ_plug</name>
         <value>0x15f72</value>
         <object_component_ref idref="oc-121"/>
      </symbol>
      <symbol id="sm-52d">
         <name>_IRQ_restore</name>
         <value>0x19dd1</value>
         <object_component_ref idref="oc-125"/>
      </symbol>
      <symbol id="sm-52e">
         <name>_IRQ_getArg</name>
         <value>0x19e41</value>
         <object_component_ref idref="oc-125"/>
      </symbol>
      <symbol id="sm-52f">
         <name>_IRQ_setArg</name>
         <value>0x19e85</value>
         <object_component_ref idref="oc-125"/>
      </symbol>
      <symbol id="sm-530">
         <name>_IRQ_getConfig</name>
         <value>0x19c33</value>
         <object_component_ref idref="oc-125"/>
      </symbol>
      <symbol id="sm-531">
         <name>_IRQ_test</name>
         <value>0x19f13</value>
         <object_component_ref idref="oc-125"/>
      </symbol>
      <symbol id="sm-532">
         <name>_IRQ_clear</name>
         <value>0x19b4b</value>
         <object_component_ref idref="oc-125"/>
      </symbol>
      <symbol id="sm-533">
         <name>_IRQ_disable</name>
         <value>0x19cbb</value>
         <object_component_ref idref="oc-125"/>
      </symbol>
      <symbol id="sm-534">
         <name>_IRQ_globalRestore</name>
         <value>0x19fb7</value>
         <object_component_ref idref="oc-125"/>
      </symbol>
      <symbol id="sm-535">
         <name>_IRQ_map</name>
         <value>0x19eb6</value>
         <object_component_ref idref="oc-125"/>
      </symbol>
      <symbol id="sm-536">
         <name>_IRQ_clearAll</name>
         <value>0x19b9e</value>
         <object_component_ref idref="oc-125"/>
      </symbol>
      <symbol id="sm-537">
         <name>_IRQ_globalDisable</name>
         <value>0x19f85</value>
         <object_component_ref idref="oc-125"/>
      </symbol>
      <symbol id="sm-538">
         <name>_IRQ_globalEnable</name>
         <value>0x19f9e</value>
         <object_component_ref idref="oc-125"/>
      </symbol>
      <symbol id="sm-539">
         <name>_IRQ_disableAll</name>
         <value>0x19d39</value>
         <object_component_ref idref="oc-125"/>
      </symbol>
      <symbol id="sm-53a">
         <name>_IRQ_config</name>
         <value>0x19bae</value>
         <object_component_ref idref="oc-125"/>
      </symbol>
      <symbol id="sm-53b">
         <name>_IRQ_init</name>
         <value>0x19ac3</value>
         <object_component_ref idref="oc-125"/>
      </symbol>
      <symbol id="sm-53c">
         <name>_IRQ_enable</name>
         <value>0x19d47</value>
         <object_component_ref idref="oc-125"/>
      </symbol>
      <symbol id="sm-53d">
         <name>_IRQ_setVecs</name>
         <value>0x19ee2</value>
         <object_component_ref idref="oc-125"/>
      </symbol>
   </symbol_table>
</link_info>
